127.0.0.1 - - [27/Dec/2020:15:43:07 +0530] "GET /ProjectTNL/tiles-config_3_0.dtd HTTP/1.1" 200 10864
0:0:0:0:0:0:0:1 - - [27/Dec/2020:15:43:08 +0530] "GET /ProjectTNL/ HTTP/1.1" 200 1700
0:0:0:0:0:0:0:1 - - [27/Dec/2020:15:43:16 +0530] "POST /ProjectTNL/authlogin.action HTTP/1.1" 200 1896
127.0.0.1 - - [27/Dec/2020:15:43:25 +0530] "GET /ProjectTNL/hibernate-configuration-3.0.dtd HTTP/1.1" 200 2737
0:0:0:0:0:0:0:1 - - [27/Dec/2020:15:43:34 +0530] "GET /ProjectTNL/displayUploadPage.action HTTP/1.1" 200 5803
0:0:0:0:0:0:0:1 - - [27/Dec/2020:15:43:34 +0530] "GET /ProjectTNL/css/style_upload.css HTTP/1.1" 304 -
127.0.0.1 - - [27/Dec/2020:15:47:04 +0530] "GET /ProjectTNL/hibernate-configuration-3.0.dtd HTTP/1.1" 200 2737
127.0.0.1 - - [27/Dec/2020:15:47:06 +0530] "GET /ProjectTNL/hibernate-configuration-3.0.dtd HTTP/1.1" 200 2737
127.0.0.1 - - [27/Dec/2020:15:47:09 +0530] "GET /ProjectTNL/hibernate-configuration-3.0.dtd HTTP/1.1" 200 2737
0:0:0:0:0:0:0:1 - - [27/Dec/2020:15:47:10 +0530] "POST /ProjectTNL/doUpload.action HTTP/1.1" 200 5803
0:0:0:0:0:0:0:1 - - [27/Dec/2020:15:48:26 +0530] "GET /ProjectTNL/homePage HTTP/1.1" 200 1896
127.0.0.1 - - [27/Dec/2020:15:48:28 +0530] "GET /ProjectTNL/hibernate-configuration-3.0.dtd HTTP/1.1" 200 2737
127.0.0.1 - - [27/Dec/2020:15:48:30 +0530] "GET /ProjectTNL/hibernate-configuration-3.0.dtd HTTP/1.1" 200 2737
127.0.0.1 - - [27/Dec/2020:15:48:32 +0530] "GET /ProjectTNL/hibernate-configuration-3.0.dtd HTTP/1.1" 200 2737
0:0:0:0:0:0:0:1 - - [27/Dec/2020:15:48:34 +0530] "GET /ProjectTNL/dispLoanForm.action HTTP/1.1" 200 14748
127.0.0.1 - - [27/Dec/2020:15:48:34 +0530] "GET /ProjectTNL/hibernate-configuration-3.0.dtd HTTP/1.1" 200 2737
127.0.0.1 - - [27/Dec/2020:15:48:35 +0530] "GET /ProjectTNL/hibernate-configuration-3.0.dtd HTTP/1.1" 200 2737
127.0.0.1 - - [27/Dec/2020:15:48:37 +0530] "GET /ProjectTNL/hibernate-configuration-3.0.dtd HTTP/1.1" 200 2737
0:0:0:0:0:0:0:1 - - [27/Dec/2020:15:48:39 +0530] "GET /ProjectTNL/dispLoanForm.action HTTP/1.1" 200 14748
0:0:0:0:0:0:0:1 - - [27/Dec/2020:15:48:50 +0530] "GET /ProjectTNL/homePage HTTP/1.1" 200 1896
127.0.0.1 - - [27/Dec/2020:15:49:36 +0530] "GET /ProjectTNL/hibernate-configuration-3.0.dtd HTTP/1.1" 200 2737
127.0.0.1 - - [27/Dec/2020:15:49:37 +0530] "GET /ProjectTNL/hibernate-configuration-3.0.dtd HTTP/1.1" 200 2737
0:0:0:0:0:0:0:1 - - [27/Dec/2020:15:49:41 +0530] "GET /ProjectTNL/dispMemForm.action HTTP/1.1" 200 16039
127.0.0.1 - - [27/Dec/2020:15:49:41 +0530] "GET /ProjectTNL/hibernate-configuration-3.0.dtd HTTP/1.1" 200 2737
127.0.0.1 - - [27/Dec/2020:15:49:44 +0530] "GET /ProjectTNL/hibernate-configuration-3.0.dtd HTTP/1.1" 200 2737
0:0:0:0:0:0:0:1 - - [27/Dec/2020:15:49:46 +0530] "GET /ProjectTNL/dispMemForm.action HTTP/1.1" 200 16039
0:0:0:0:0:0:0:1 - - [27/Dec/2020:15:50:21 +0530] "GET /ProjectTNL/homePage HTTP/1.1" 200 1896
127.0.0.1 - - [27/Dec/2020:15:50:24 +0530] "GET /ProjectTNL/hibernate-configuration-3.0.dtd HTTP/1.1" 200 2737
127.0.0.1 - - [27/Dec/2020:15:50:25 +0530] "GET /ProjectTNL/hibernate-configuration-3.0.dtd HTTP/1.1" 200 2737
127.0.0.1 - - [27/Dec/2020:15:50:27 +0530] "GET /ProjectTNL/hibernate-configuration-3.0.dtd HTTP/1.1" 200 2737
0:0:0:0:0:0:0:1 - - [27/Dec/2020:15:50:28 +0530] "GET /ProjectTNL/dispLoanForm.action HTTP/1.1" 200 14748
127.0.0.1 - - [27/Dec/2020:15:50:29 +0530] "GET /ProjectTNL/hibernate-configuration-3.0.dtd HTTP/1.1" 200 2737
127.0.0.1 - - [27/Dec/2020:15:50:30 +0530] "GET /ProjectTNL/hibernate-configuration-3.0.dtd HTTP/1.1" 200 2737
127.0.0.1 - - [27/Dec/2020:15:50:32 +0530] "GET /ProjectTNL/hibernate-configuration-3.0.dtd HTTP/1.1" 200 2737
0:0:0:0:0:0:0:1 - - [27/Dec/2020:15:50:34 +0530] "GET /ProjectTNL/dispLoanForm.action HTTP/1.1" 200 14748
127.0.0.1 - - [27/Dec/2020:15:50:46 +0530] "GET /ProjectTNL/hibernate-configuration-3.0.dtd HTTP/1.1" 200 2737
127.0.0.1 - - [27/Dec/2020:15:50:48 +0530] "GET /ProjectTNL/hibernate-configuration-3.0.dtd HTTP/1.1" 200 2737
127.0.0.1 - - [27/Dec/2020:15:50:49 +0530] "GET /ProjectTNL/hibernate-configuration-3.0.dtd HTTP/1.1" 200 2737
127.0.0.1 - - [27/Dec/2020:15:50:50 +0530] "GET /ProjectTNL/hibernate-configuration-3.0.dtd HTTP/1.1" 200 2737
0:0:0:0:0:0:0:1 - - [27/Dec/2020:15:50:52 +0530] "GET /ProjectTNL/loanDelete?loanAccno=asdf1234 HTTP/1.1" 200 13244
127.0.0.1 - - [27/Dec/2020:15:50:52 +0530] "GET /ProjectTNL/hibernate-configuration-3.0.dtd HTTP/1.1" 200 2737
127.0.0.1 - - [27/Dec/2020:15:50:54 +0530] "GET /ProjectTNL/hibernate-configuration-3.0.dtd HTTP/1.1" 200 2737
127.0.0.1 - - [27/Dec/2020:15:50:56 +0530] "GET /ProjectTNL/hibernate-configuration-3.0.dtd HTTP/1.1" 200 2737
127.0.0.1 - - [27/Dec/2020:15:50:58 +0530] "GET /ProjectTNL/hibernate-configuration-3.0.dtd HTTP/1.1" 200 2737
0:0:0:0:0:0:0:1 - - [27/Dec/2020:15:51:00 +0530] "GET /ProjectTNL/loanDelete?loanAccno=asdf1234 HTTP/1.1" 200 13244
0:0:0:0:0:0:0:1 - - [27/Dec/2020:15:51:02 +0530] "GET /ProjectTNL/homePage HTTP/1.1" 200 1896
127.0.0.1 - - [27/Dec/2020:15:51:03 +0530] "GET /ProjectTNL/hibernate-configuration-3.0.dtd HTTP/1.1" 200 2737
127.0.0.1 - - [27/Dec/2020:15:51:04 +0530] "GET /ProjectTNL/hibernate-configuration-3.0.dtd HTTP/1.1" 200 2737
0:0:0:0:0:0:0:1 - - [27/Dec/2020:15:51:06 +0530] "GET /ProjectTNL/dispMemForm.action HTTP/1.1" 200 16039
127.0.0.1 - - [27/Dec/2020:15:51:06 +0530] "GET /ProjectTNL/hibernate-configuration-3.0.dtd HTTP/1.1" 200 2737
127.0.0.1 - - [27/Dec/2020:15:51:08 +0530] "GET /ProjectTNL/hibernate-configuration-3.0.dtd HTTP/1.1" 200 2737
0:0:0:0:0:0:0:1 - - [27/Dec/2020:15:51:10 +0530] "GET /ProjectTNL/dispMemForm.action HTTP/1.1" 200 16039
127.0.0.1 - - [27/Dec/2020:15:51:30 +0530] "GET /ProjectTNL/hibernate-configuration-3.0.dtd HTTP/1.1" 200 2737
127.0.0.1 - - [27/Dec/2020:15:51:31 +0530] "GET /ProjectTNL/hibernate-configuration-3.0.dtd HTTP/1.1" 200 2737
127.0.0.1 - - [27/Dec/2020:15:51:33 +0530] "GET /ProjectTNL/hibernate-configuration-3.0.dtd HTTP/1.1" 200 2737
0:0:0:0:0:0:0:1 - - [27/Dec/2020:15:51:35 +0530] "GET /ProjectTNL/memDelete?memNum=123456 HTTP/1.1" 200 14682
127.0.0.1 - - [27/Dec/2020:15:51:36 +0530] "GET /ProjectTNL/hibernate-configuration-3.0.dtd HTTP/1.1" 200 2737
127.0.0.1 - - [27/Dec/2020:15:51:37 +0530] "GET /ProjectTNL/hibernate-configuration-3.0.dtd HTTP/1.1" 200 2737
127.0.0.1 - - [27/Dec/2020:15:51:38 +0530] "GET /ProjectTNL/hibernate-configuration-3.0.dtd HTTP/1.1" 200 2737
0:0:0:0:0:0:0:1 - - [27/Dec/2020:15:51:41 +0530] "GET /ProjectTNL/memDelete?memNum=123456 HTTP/1.1" 200 14682
127.0.0.1 - - [27/Dec/2020:15:57:13 +0530] "GET /ProjectTNL/hibernate-configuration-3.0.dtd HTTP/1.1" 200 2737
127.0.0.1 - - [27/Dec/2020:15:57:13 +0530] "GET /ProjectTNL/hibernate-configuration-3.0.dtd HTTP/1.1" 200 2737
127.0.0.1 - - [27/Dec/2020:15:57:13 +0530] "GET /ProjectTNL/hibernate-configuration-3.0.dtd HTTP/1.1" 200 2737
127.0.0.1 - - [27/Dec/2020:15:57:15 +0530] "GET /ProjectTNL/hibernate-configuration-3.0.dtd HTTP/1.1" 200 2737
127.0.0.1 - - [27/Dec/2020:15:57:15 +0530] "GET /ProjectTNL/hibernate-configuration-3.0.dtd HTTP/1.1" 200 2737
127.0.0.1 - - [27/Dec/2020:15:57:15 +0530] "GET /ProjectTNL/hibernate-configuration-3.0.dtd HTTP/1.1" 200 2737
127.0.0.1 - - [27/Dec/2020:16:03:02 +0530] "GET / HTTP/1.1" 404 751
127.0.0.1 - - [27/Dec/2020:16:03:03 +0530] "GET /ProjectTNL/tiles-config_3_0.dtd HTTP/1.1" 200 10864
0:0:0:0:0:0:0:1 - - [27/Dec/2020:16:03:05 +0530] "GET /ProjectTNL/ HTTP/1.1" 200 1700
0:0:0:0:0:0:0:1 - - [27/Dec/2020:16:03:13 +0530] "POST /ProjectTNL/authlogin.action HTTP/1.1" 200 1896
127.0.0.1 - - [27/Dec/2020:16:03:17 +0530] "GET /ProjectTNL/hibernate-configuration-3.0.dtd HTTP/1.1" 200 2737
127.0.0.1 - - [27/Dec/2020:16:03:22 +0530] "GET /ProjectTNL/hibernate-configuration-3.0.dtd HTTP/1.1" 200 2737
127.0.0.1 - - [27/Dec/2020:16:03:23 +0530] "GET /ProjectTNL/hibernate-configuration-3.0.dtd HTTP/1.1" 200 2737
0:0:0:0:0:0:0:1 - - [27/Dec/2020:16:03:25 +0530] "GET /ProjectTNL/dispLoanForm.action HTTP/1.1" 200 14546
127.0.0.1 - - [27/Dec/2020:16:03:25 +0530] "GET /ProjectTNL/hibernate-configuration-3.0.dtd HTTP/1.1" 200 2737
127.0.0.1 - - [27/Dec/2020:16:03:27 +0530] "GET /ProjectTNL/hibernate-configuration-3.0.dtd HTTP/1.1" 200 2737
127.0.0.1 - - [27/Dec/2020:16:03:29 +0530] "GET /ProjectTNL/hibernate-configuration-3.0.dtd HTTP/1.1" 200 2737
0:0:0:0:0:0:0:1 - - [27/Dec/2020:16:03:31 +0530] "GET /ProjectTNL/dispLoanForm.action HTTP/1.1" 200 14546
0:0:0:0:0:0:0:1 - - [27/Dec/2020:16:07:09 +0530] "GET /ProjectTNL/homePage HTTP/1.1" 200 1896
127.0.0.1 - - [27/Dec/2020:16:07:14 +0530] "GET /ProjectTNL/hibernate-configuration-3.0.dtd HTTP/1.1" 200 2737
127.0.0.1 - - [27/Dec/2020:16:07:16 +0530] "GET /ProjectTNL/hibernate-configuration-3.0.dtd HTTP/1.1" 200 2737
0:0:0:0:0:0:0:1 - - [27/Dec/2020:16:07:17 +0530] "GET /ProjectTNL/dispMemForm.action HTTP/1.1" 200 15781
127.0.0.1 - - [27/Dec/2020:16:07:17 +0530] "GET /ProjectTNL/hibernate-configuration-3.0.dtd HTTP/1.1" 200 2737
127.0.0.1 - - [27/Dec/2020:16:07:19 +0530] "GET /ProjectTNL/hibernate-configuration-3.0.dtd HTTP/1.1" 200 2737
0:0:0:0:0:0:0:1 - - [27/Dec/2020:16:07:20 +0530] "GET /ProjectTNL/dispMemForm.action HTTP/1.1" 200 15781
127.0.0.1 - - [27/Dec/2020:16:10:36 +0530] "GET /ProjectTNL/hibernate-configuration-3.0.dtd HTTP/1.1" 200 2737
127.0.0.1 - - [27/Dec/2020:16:10:37 +0530] "GET /ProjectTNL/hibernate-configuration-3.0.dtd HTTP/1.1" 200 2737
0:0:0:0:0:0:0:1 - - [27/Dec/2020:16:10:38 +0530] "GET /ProjectTNL/dispMemForm.action HTTP/1.1" 200 15826
0:0:0:0:0:0:0:1 - - [27/Dec/2020:16:10:38 +0530] "GET /ProjectTNL/css/style_mem.css HTTP/1.1" 304 -
0:0:0:0:0:0:0:1 - - [27/Dec/2020:16:10:38 +0530] "GET /ProjectTNL/js/member.js HTTP/1.1" 304 -
127.0.0.1 - - [27/Dec/2020:16:10:38 +0530] "GET /ProjectTNL/hibernate-configuration-3.0.dtd HTTP/1.1" 200 2737
127.0.0.1 - - [27/Dec/2020:16:10:39 +0530] "GET /ProjectTNL/hibernate-configuration-3.0.dtd HTTP/1.1" 200 2737
127.0.0.1 - - [27/Dec/2020:16:10:40 +0530] "GET /ProjectTNL/hibernate-configuration-3.0.dtd HTTP/1.1" 200 2737
127.0.0.1 - - [27/Dec/2020:16:10:41 +0530] "GET /ProjectTNL/hibernate-configuration-3.0.dtd HTTP/1.1" 200 2737
0:0:0:0:0:0:0:1 - - [27/Dec/2020:16:10:43 +0530] "GET /ProjectTNL/dispMemForm.action HTTP/1.1" 200 6
0:0:0:0:0:0:0:1 - - [27/Dec/2020:16:10:43 +0530] "GET /ProjectTNL/dispMemForm.action HTTP/1.1" 200 15826
0:0:0:0:0:0:0:1 - - [27/Dec/2020:16:10:43 +0530] "GET /ProjectTNL/js/member.js HTTP/1.1" 304 -
0:0:0:0:0:0:0:1 - - [27/Dec/2020:16:10:43 +0530] "GET /ProjectTNL/css/style_mem.css HTTP/1.1" 304 -
127.0.0.1 - - [27/Dec/2020:16:10:43 +0530] "GET /ProjectTNL/hibernate-configuration-3.0.dtd HTTP/1.1" 200 2737
127.0.0.1 - - [27/Dec/2020:16:10:45 +0530] "GET /ProjectTNL/hibernate-configuration-3.0.dtd HTTP/1.1" 200 2737
0:0:0:0:0:0:0:1 - - [27/Dec/2020:16:10:47 +0530] "GET /ProjectTNL/dispMemForm.action HTTP/1.1" 200 15826
127.0.0.1 - - [27/Dec/2020:16:16:00 +0530] "GET /ProjectTNL/hibernate-configuration-3.0.dtd HTTP/1.1" 200 2737
127.0.0.1 - - [27/Dec/2020:16:16:01 +0530] "GET /ProjectTNL/hibernate-configuration-3.0.dtd HTTP/1.1" 200 2737
127.0.0.1 - - [27/Dec/2020:16:16:02 +0530] "GET /ProjectTNL/hibernate-configuration-3.0.dtd HTTP/1.1" 200 2737
127.0.0.1 - - [27/Dec/2020:16:16:02 +0530] "GET /ProjectTNL/hibernate-configuration-3.0.dtd HTTP/1.1" 200 2737
0:0:0:0:0:0:0:1 - - [27/Dec/2020:16:16:03 +0530] "GET /ProjectTNL/dispMemForm.action HTTP/1.1" 200 6
127.0.0.1 - - [27/Dec/2020:16:16:03 +0530] "GET /ProjectTNL/hibernate-configuration-3.0.dtd HTTP/1.1" 200 2737
127.0.0.1 - - [27/Dec/2020:16:16:04 +0530] "GET /ProjectTNL/hibernate-configuration-3.0.dtd HTTP/1.1" 200 2737
0:0:0:0:0:0:0:1 - - [27/Dec/2020:16:16:06 +0530] "GET /ProjectTNL/dispMemForm.action HTTP/1.1" 200 6
0:0:0:0:0:0:0:1 - - [27/Dec/2020:16:16:07 +0530] "GET /ProjectTNL/dispMemForm.action HTTP/1.1" 200 20373
0:0:0:0:0:0:0:1 - - [27/Dec/2020:16:16:08 +0530] "GET /ProjectTNL/css/style_mem.css HTTP/1.1" 304 -
0:0:0:0:0:0:0:1 - - [27/Dec/2020:16:16:08 +0530] "GET /ProjectTNL/js/member.js HTTP/1.1" 304 -
127.0.0.1 - - [27/Dec/2020:16:16:08 +0530] "GET /ProjectTNL/hibernate-configuration-3.0.dtd HTTP/1.1" 200 2737
127.0.0.1 - - [27/Dec/2020:16:16:10 +0530] "GET /ProjectTNL/hibernate-configuration-3.0.dtd HTTP/1.1" 200 2737
0:0:0:0:0:0:0:1 - - [27/Dec/2020:16:16:12 +0530] "GET /ProjectTNL/dispMemForm.action HTTP/1.1" 200 8206
0:0:0:0:0:0:0:1 - - [27/Dec/2020:16:17:48 +0530] "GET /ProjectTNL/homePage HTTP/1.1" 200 1896
127.0.0.1 - - [27/Dec/2020:16:17:51 +0530] "GET /ProjectTNL/hibernate-configuration-3.0.dtd HTTP/1.1" 200 2737
127.0.0.1 - - [27/Dec/2020:16:17:53 +0530] "GET /ProjectTNL/hibernate-configuration-3.0.dtd HTTP/1.1" 200 2737
127.0.0.1 - - [27/Dec/2020:16:17:54 +0530] "GET /ProjectTNL/hibernate-configuration-3.0.dtd HTTP/1.1" 200 2737
0:0:0:0:0:0:0:1 - - [27/Dec/2020:16:17:55 +0530] "GET /ProjectTNL/dispLoanForm.action HTTP/1.1" 200 20382
127.0.0.1 - - [27/Dec/2020:16:17:55 +0530] "GET /ProjectTNL/hibernate-configuration-3.0.dtd HTTP/1.1" 200 2737
127.0.0.1 - - [27/Dec/2020:16:17:56 +0530] "GET /ProjectTNL/hibernate-configuration-3.0.dtd HTTP/1.1" 200 2737
127.0.0.1 - - [27/Dec/2020:16:17:57 +0530] "GET /ProjectTNL/hibernate-configuration-3.0.dtd HTTP/1.1" 200 2737
0:0:0:0:0:0:0:1 - - [27/Dec/2020:16:17:59 +0530] "GET /ProjectTNL/dispLoanForm.action HTTP/1.1" 200 20382
127.0.0.1 - - [27/Dec/2020:16:22:55 +0530] "GET /ProjectTNL/hibernate-configuration-3.0.dtd HTTP/1.1" 200 2737
127.0.0.1 - - [27/Dec/2020:16:22:58 +0530] "GET /ProjectTNL/hibernate-configuration-3.0.dtd HTTP/1.1" 200 2737
127.0.0.1 - - [27/Dec/2020:16:22:59 +0530] "GET /ProjectTNL/hibernate-configuration-3.0.dtd HTTP/1.1" 200 2737
127.0.0.1 - - [27/Dec/2020:16:23:01 +0530] "GET /ProjectTNL/hibernate-configuration-3.0.dtd HTTP/1.1" 200 2737
127.0.0.1 - - [27/Dec/2020:16:23:02 +0530] "GET /ProjectTNL/hibernate-configuration-3.0.dtd HTTP/1.1" 200 2737
0:0:0:0:0:0:0:1 - - [27/Dec/2020:16:23:03 +0530] "POST /ProjectTNL/addLoanDet.action HTTP/1.1" 200 23097
127.0.0.1 - - [27/Dec/2020:16:23:04 +0530] "GET /ProjectTNL/hibernate-configuration-3.0.dtd HTTP/1.1" 200 2737
127.0.0.1 - - [27/Dec/2020:16:23:06 +0530] "GET /ProjectTNL/hibernate-configuration-3.0.dtd HTTP/1.1" 200 2737
0:0:0:0:0:0:0:1 - - [27/Dec/2020:16:23:08 +0530] "GET /ProjectTNL/addLoanDet.action HTTP/1.1" 200 8206
127.0.0.1 - - [27/Dec/2020:16:25:09 +0530] "GET /ProjectTNL/hibernate-configuration-3.0.dtd HTTP/1.1" 200 2737
127.0.0.1 - - [27/Dec/2020:16:25:11 +0530] "GET /ProjectTNL/hibernate-configuration-3.0.dtd HTTP/1.1" 200 2737
127.0.0.1 - - [27/Dec/2020:16:25:13 +0530] "GET /ProjectTNL/hibernate-configuration-3.0.dtd HTTP/1.1" 200 2737
127.0.0.1 - - [27/Dec/2020:16:25:14 +0530] "GET /ProjectTNL/hibernate-configuration-3.0.dtd HTTP/1.1" 200 2737
127.0.0.1 - - [27/Dec/2020:16:25:16 +0530] "GET /ProjectTNL/hibernate-configuration-3.0.dtd HTTP/1.1" 200 2737
0:0:0:0:0:0:0:1 - - [27/Dec/2020:16:25:16 +0530] "POST /ProjectTNL/addLoanDet.action HTTP/1.1" 200 25550
127.0.0.1 - - [27/Dec/2020:16:25:17 +0530] "GET /ProjectTNL/hibernate-configuration-3.0.dtd HTTP/1.1" 200 2737
127.0.0.1 - - [27/Dec/2020:16:25:19 +0530] "GET /ProjectTNL/hibernate-configuration-3.0.dtd HTTP/1.1" 200 2737
0:0:0:0:0:0:0:1 - - [27/Dec/2020:16:25:21 +0530] "GET /ProjectTNL/addLoanDet.action HTTP/1.1" 200 8206
127.0.0.1 - - [27/Dec/2020:16:25:48 +0530] "GET /ProjectTNL/hibernate-configuration-3.0.dtd HTTP/1.1" 200 2737
127.0.0.1 - - [27/Dec/2020:16:25:50 +0530] "GET /ProjectTNL/hibernate-configuration-3.0.dtd HTTP/1.1" 200 2737
127.0.0.1 - - [27/Dec/2020:16:25:51 +0530] "GET /ProjectTNL/hibernate-configuration-3.0.dtd HTTP/1.1" 200 2737
127.0.0.1 - - [27/Dec/2020:16:25:52 +0530] "GET /ProjectTNL/hibernate-configuration-3.0.dtd HTTP/1.1" 200 2737
127.0.0.1 - - [27/Dec/2020:16:25:54 +0530] "GET /ProjectTNL/hibernate-configuration-3.0.dtd HTTP/1.1" 200 2737
0:0:0:0:0:0:0:1 - - [27/Dec/2020:16:25:57 +0530] "POST /ProjectTNL/doUpload.action HTTP/1.1" 200 6609
0:0:0:0:0:0:0:1 - - [27/Dec/2020:16:26:03 +0530] "GET /ProjectTNL/homePage HTTP/1.1" 200 1896
127.0.0.1 - - [27/Dec/2020:16:26:06 +0530] "GET /ProjectTNL/hibernate-configuration-3.0.dtd HTTP/1.1" 200 2737
0:0:0:0:0:0:0:1 - - [27/Dec/2020:16:26:07 +0530] "GET /ProjectTNL/displayUploadPage.action HTTP/1.1" 200 6609
127.0.0.1 - - [27/Dec/2020:16:28:04 +0530] "GET /ProjectTNL/hibernate-configuration-3.0.dtd HTTP/1.1" 200 2737
0:0:0:0:0:0:0:1 - - [27/Dec/2020:16:28:08 +0530] "GET /ProjectTNL/dispInstllDet?loanAccno=asdf1238 HTTP/1.1" 200 8680
127.0.0.1 - - [27/Dec/2020:16:28:56 +0530] "GET /ProjectTNL/hibernate-configuration-3.0.dtd HTTP/1.1" 200 2737
0:0:0:0:0:0:0:1 - - [27/Dec/2020:16:28:57 +0530] "GET /ProjectTNL/dispInstllDet?loanAccno=asdf1234 HTTP/1.1" 200 8616
0:0:0:0:0:0:0:1 - - [27/Dec/2020:16:29:25 +0530] "GET /ProjectTNL/homePage HTTP/1.1" 200 1896
127.0.0.1 - - [27/Dec/2020:16:29:34 +0530] "GET /ProjectTNL/hibernate-configuration-3.0.dtd HTTP/1.1" 200 2737
127.0.0.1 - - [27/Dec/2020:16:29:34 +0530] "GET /ProjectTNL/hibernate-configuration-3.0.dtd HTTP/1.1" 200 2737
127.0.0.1 - - [27/Dec/2020:16:29:34 +0530] "GET /ProjectTNL/hibernate-configuration-3.0.dtd HTTP/1.1" 200 2737
127.0.0.1 - - [27/Dec/2020:16:29:55 +0530] "GET /ProjectTNL/hibernate-configuration-3.0.dtd HTTP/1.1" 200 2737
0:0:0:0:0:0:0:1 - - [27/Dec/2020:16:29:57 +0530] "GET /ProjectTNL/pendingInstlmntReport.action HTTP/1.1" 200 2810
0:0:0:0:0:0:0:1 - - [27/Dec/2020:16:29:58 +0530] "GET /ProjectTNL/css/style_thumb_imprssn.css HTTP/1.1" 304 -
0:0:0:0:0:0:0:1 - - [27/Dec/2020:16:36:08 +0530] "GET /ProjectTNL/homePage HTTP/1.1" 200 1896
127.0.0.1 - - [27/Dec/2020:16:36:12 +0530] "GET /ProjectTNL/hibernate-configuration-3.0.dtd HTTP/1.1" 200 2737
0:0:0:0:0:0:0:1 - - [27/Dec/2020:16:36:14 +0530] "GET /ProjectTNL/displayUploadPage.action HTTP/1.1" 200 6609
127.0.0.1 - - [27/Dec/2020:16:40:21 +0530] "GET /ProjectTNL/hibernate-configuration-3.0.dtd HTTP/1.1" 200 2737
0:0:0:0:0:0:0:1 - - [27/Dec/2020:16:40:22 +0530] "POST /ProjectTNL/enterIndivInstlmnt.action HTTP/1.1" 500 7339
127.0.0.1 - - [27/Dec/2020:16:50:41 +0530] "GET / HTTP/1.1" 404 751
127.0.0.1 - - [27/Dec/2020:16:50:42 +0530] "GET /ProjectTNL/tiles-config_3_0.dtd HTTP/1.1" 200 10864
0:0:0:0:0:0:0:1 - - [27/Dec/2020:16:50:44 +0530] "GET /ProjectTNL/ HTTP/1.1" 200 1700
0:0:0:0:0:0:0:1 - - [27/Dec/2020:16:50:55 +0530] "POST /ProjectTNL/authlogin.action HTTP/1.1" 200 1896
127.0.0.1 - - [27/Dec/2020:16:50:58 +0530] "GET /ProjectTNL/hibernate-configuration-3.0.dtd HTTP/1.1" 200 2737
0:0:0:0:0:0:0:1 - - [27/Dec/2020:16:51:04 +0530] "GET /ProjectTNL/displayUploadPage.action HTTP/1.1" 200 6609
127.0.0.1 - - [27/Dec/2020:16:52:36 +0530] "GET /ProjectTNL/hibernate-configuration-3.0.dtd HTTP/1.1" 200 2737
127.0.0.1 - - [27/Dec/2020:16:52:37 +0530] "GET /ProjectTNL/hibernate-configuration-3.0.dtd HTTP/1.1" 200 2737
0:0:0:0:0:0:0:1 - - [27/Dec/2020:16:52:39 +0530] "POST /ProjectTNL/enterIndivInstlmnt.action HTTP/1.1" 200 16107
0:0:0:0:0:0:0:1 - - [27/Dec/2020:16:53:06 +0530] "GET /ProjectTNL/homePage HTTP/1.1" 200 1896
127.0.0.1 - - [27/Dec/2020:16:53:11 +0530] "GET /ProjectTNL/hibernate-configuration-3.0.dtd HTTP/1.1" 200 2737
0:0:0:0:0:0:0:1 - - [27/Dec/2020:16:53:12 +0530] "GET /ProjectTNL/displayUploadPage.action HTTP/1.1" 200 7010
127.0.0.1 - - [27/Dec/2020:16:56:18 +0530] "GET /ProjectTNL/hibernate-configuration-3.0.dtd HTTP/1.1" 200 2737
127.0.0.1 - - [27/Dec/2020:16:56:19 +0530] "GET /ProjectTNL/hibernate-configuration-3.0.dtd HTTP/1.1" 200 2737
0:0:0:0:0:0:0:1 - - [27/Dec/2020:16:56:20 +0530] "POST /ProjectTNL/enterIndivInstlmnt.action HTTP/1.1" 200 16337
0:0:0:0:0:0:0:1 - - [27/Dec/2020:16:56:27 +0530] "GET /ProjectTNL/homePage HTTP/1.1" 200 1896
127.0.0.1 - - [27/Dec/2020:16:56:29 +0530] "GET /ProjectTNL/hibernate-configuration-3.0.dtd HTTP/1.1" 200 2737
0:0:0:0:0:0:0:1 - - [27/Dec/2020:16:56:31 +0530] "GET /ProjectTNL/displayUploadPage.action HTTP/1.1" 200 7412
0:0:0:0:0:0:0:1 - - [27/Dec/2020:16:57:12 +0530] "GET /ProjectTNL/homePage HTTP/1.1" 200 1896
127.0.0.1 - - [27/Dec/2020:16:57:19 +0530] "GET /ProjectTNL/hibernate-configuration-3.0.dtd HTTP/1.1" 200 2737
0:0:0:0:0:0:0:1 - - [27/Dec/2020:16:57:20 +0530] "GET /ProjectTNL/pendingInstlmntReport.action HTTP/1.1" 200 2810
0:0:0:0:0:0:0:1 - - [27/Dec/2020:17:00:59 +0530] "GET /ProjectTNL/homePage HTTP/1.1" 200 1896
0:0:0:0:0:0:0:1 - - [27/Dec/2020:17:06:04 +0530] "GET /ProjectTNL/homePage HTTP/1.1" 200 1896
127.0.0.1 - - [27/Dec/2020:17:06:40 +0530] "GET /ProjectTNL/hibernate-configuration-3.0.dtd HTTP/1.1" 200 2737
0:0:0:0:0:0:0:1 - - [27/Dec/2020:17:06:41 +0530] "GET /ProjectTNL/pendingInstlmntReport.action HTTP/1.1" 200 2810
0:0:0:0:0:0:0:1 - - [27/Dec/2020:17:06:41 +0530] "GET /ProjectTNL/css/style_thumb_imprssn.css HTTP/1.1" 200 5117
0:0:0:0:0:0:0:1 - - [27/Dec/2020:17:18:56 +0530] "GET /ProjectTNL/homePage HTTP/1.1" 200 1896
127.0.0.1 - - [27/Dec/2020:17:19:00 +0530] "GET /ProjectTNL/hibernate-configuration-3.0.dtd HTTP/1.1" 200 2737
0:0:0:0:0:0:0:1 - - [27/Dec/2020:17:19:03 +0530] "GET /ProjectTNL/pendingInstlmntReport.action HTTP/1.1" 200 2883
127.0.0.1 - - [27/Dec/2020:17:24:44 +0530] "GET /ProjectTNL/hibernate-configuration-3.0.dtd HTTP/1.1" 200 2737
127.0.0.1 - - [27/Dec/2020:17:24:44 +0530] "GET /ProjectTNL/hibernate-configuration-3.0.dtd HTTP/1.1" 200 2737
127.0.0.1 - - [27/Dec/2020:17:24:44 +0530] "GET /ProjectTNL/hibernate-configuration-3.0.dtd HTTP/1.1" 200 2737
127.0.0.1 - - [27/Dec/2020:17:24:45 +0530] "GET /ProjectTNL/hibernate-configuration-3.0.dtd HTTP/1.1" 200 2737
127.0.0.1 - - [27/Dec/2020:17:24:45 +0530] "GET /ProjectTNL/hibernate-configuration-3.0.dtd HTTP/1.1" 200 2737
127.0.0.1 - - [27/Dec/2020:17:24:45 +0530] "GET /ProjectTNL/hibernate-configuration-3.0.dtd HTTP/1.1" 200 2737
127.0.0.1 - - [27/Dec/2020:17:24:52 +0530] "GET /ProjectTNL/hibernate-configuration-3.0.dtd HTTP/1.1" 200 2737
127.0.0.1 - - [27/Dec/2020:17:24:52 +0530] "GET /ProjectTNL/hibernate-configuration-3.0.dtd HTTP/1.1" 200 2737
127.0.0.1 - - [27/Dec/2020:17:24:52 +0530] "GET /ProjectTNL/hibernate-configuration-3.0.dtd HTTP/1.1" 200 2737
127.0.0.1 - - [27/Dec/2020:17:24:54 +0530] "GET /ProjectTNL/hibernate-configuration-3.0.dtd HTTP/1.1" 200 2737
127.0.0.1 - - [27/Dec/2020:17:24:54 +0530] "GET /ProjectTNL/hibernate-configuration-3.0.dtd HTTP/1.1" 200 2737
127.0.0.1 - - [27/Dec/2020:17:24:54 +0530] "GET /ProjectTNL/hibernate-configuration-3.0.dtd HTTP/1.1" 200 2737
127.0.0.1 - - [27/Dec/2020:17:24:56 +0530] "GET /ProjectTNL/hibernate-configuration-3.0.dtd HTTP/1.1" 200 2737
127.0.0.1 - - [27/Dec/2020:17:24:56 +0530] "GET /ProjectTNL/hibernate-configuration-3.0.dtd HTTP/1.1" 200 2737
127.0.0.1 - - [27/Dec/2020:17:24:56 +0530] "GET /ProjectTNL/hibernate-configuration-3.0.dtd HTTP/1.1" 200 2737
127.0.0.1 - - [27/Dec/2020:17:25:05 +0530] "GET /ProjectTNL/hibernate-configuration-3.0.dtd HTTP/1.1" 200 2737
127.0.0.1 - - [27/Dec/2020:17:25:05 +0530] "GET /ProjectTNL/hibernate-configuration-3.0.dtd HTTP/1.1" 200 2737
127.0.0.1 - - [27/Dec/2020:17:25:05 +0530] "GET /ProjectTNL/hibernate-configuration-3.0.dtd HTTP/1.1" 200 2737
127.0.0.1 - - [27/Dec/2020:17:25:12 +0530] "GET /ProjectTNL/hibernate-configuration-3.0.dtd HTTP/1.1" 200 2737
127.0.0.1 - - [27/Dec/2020:17:25:12 +0530] "GET /ProjectTNL/hibernate-configuration-3.0.dtd HTTP/1.1" 200 2737
127.0.0.1 - - [27/Dec/2020:17:25:12 +0530] "GET /ProjectTNL/hibernate-configuration-3.0.dtd HTTP/1.1" 200 2737
127.0.0.1 - - [27/Dec/2020:17:25:12 +0530] "GET /ProjectTNL/hibernate-configuration-3.0.dtd HTTP/1.1" 200 2737
127.0.0.1 - - [27/Dec/2020:17:25:12 +0530] "GET /ProjectTNL/hibernate-configuration-3.0.dtd HTTP/1.1" 200 2737
127.0.0.1 - - [27/Dec/2020:17:25:12 +0530] "GET /ProjectTNL/hibernate-configuration-3.0.dtd HTTP/1.1" 200 2737
127.0.0.1 - - [27/Dec/2020:17:25:21 +0530] "GET /ProjectTNL/tiles-config_3_0.dtd HTTP/1.1" 200 10864
127.0.0.1 - - [27/Dec/2020:17:25:21 +0530] "GET /ProjectTNL/tiles-config_3_0.dtd HTTP/1.1" 200 10864
127.0.0.1 - - [27/Dec/2020:17:25:21 +0530] "GET /ProjectTNL/tiles-config_3_0.dtd HTTP/1.1" 200 10864
127.0.0.1 - - [27/Dec/2020:17:25:27 +0530] "GET /ProjectTNL/hibernate-configuration-3.0.dtd HTTP/1.1" 200 2737
127.0.0.1 - - [27/Dec/2020:17:25:27 +0530] "GET /ProjectTNL/hibernate-configuration-3.0.dtd HTTP/1.1" 200 2737
127.0.0.1 - - [27/Dec/2020:17:25:27 +0530] "GET /ProjectTNL/hibernate-configuration-3.0.dtd HTTP/1.1" 200 2737
