127.0.0.1 - - [26/Dec/2020:09:24:29 +0530] "GET / HTTP/1.1" 404 751
127.0.0.1 - - [26/Dec/2020:09:24:31 +0530] "GET /ProjectTNL/tiles-config_3_0.dtd HTTP/1.1" 200 10864
0:0:0:0:0:0:0:1 - - [26/Dec/2020:09:24:33 +0530] "GET /ProjectTNL/ HTTP/1.1" 200 1744
0:0:0:0:0:0:0:1 - - [26/Dec/2020:09:24:43 +0530] "POST /ProjectTNL/authlogin.action;jsessionid=5C6F662EF077ED4F15D32F071FBEDCFD HTTP/1.1" 200 1896
127.0.0.1 - - [26/Dec/2020:09:24:47 +0530] "GET /ProjectTNL/hibernate-configuration-3.0.dtd HTTP/1.1" 200 2737
0:0:0:0:0:0:0:1 - - [26/Dec/2020:09:24:53 +0530] "GET /ProjectTNL/dispMemDetIndiv.action HTTP/1.1" 200 12531
127.0.0.1 - - [26/Dec/2020:09:32:55 +0530] "GET /ProjectTNL/tiles-config_3_0.dtd HTTP/1.1" 200 10864
127.0.0.1 - - [26/Dec/2020:09:32:55 +0530] "GET /ProjectTNL/tiles-config_3_0.dtd HTTP/1.1" 200 10864
127.0.0.1 - - [26/Dec/2020:09:32:55 +0530] "GET /ProjectTNL/tiles-config_3_0.dtd HTTP/1.1" 200 10864
127.0.0.1 - - [26/Dec/2020:09:33:25 +0530] "GET /ProjectTNL/tiles-config_3_0.dtd HTTP/1.1" 200 10864
127.0.0.1 - - [26/Dec/2020:09:33:25 +0530] "GET /ProjectTNL/tiles-config_3_0.dtd HTTP/1.1" 200 10864
127.0.0.1 - - [26/Dec/2020:09:33:25 +0530] "GET /ProjectTNL/tiles-config_3_0.dtd HTTP/1.1" 200 10864
127.0.0.1 - - [26/Dec/2020:09:33:27 +0530] "GET /ProjectTNL/tiles-config_3_0.dtd HTTP/1.1" 200 10864
127.0.0.1 - - [26/Dec/2020:09:33:27 +0530] "GET /ProjectTNL/tiles-config_3_0.dtd HTTP/1.1" 200 10864
127.0.0.1 - - [26/Dec/2020:09:33:27 +0530] "GET /ProjectTNL/tiles-config_3_0.dtd HTTP/1.1" 200 10864
127.0.0.1 - - [26/Dec/2020:09:34:05 +0530] "GET /ProjectTNL/tiles-config_3_0.dtd HTTP/1.1" 200 10864
127.0.0.1 - - [26/Dec/2020:09:34:05 +0530] "GET /ProjectTNL/tiles-config_3_0.dtd HTTP/1.1" 200 10864
127.0.0.1 - - [26/Dec/2020:09:34:05 +0530] "GET /ProjectTNL/tiles-config_3_0.dtd HTTP/1.1" 200 10864
127.0.0.1 - - [26/Dec/2020:09:34:07 +0530] "GET /ProjectTNL/tiles-config_3_0.dtd HTTP/1.1" 200 10864
127.0.0.1 - - [26/Dec/2020:09:34:07 +0530] "GET /ProjectTNL/tiles-config_3_0.dtd HTTP/1.1" 200 10864
127.0.0.1 - - [26/Dec/2020:09:34:07 +0530] "GET /ProjectTNL/tiles-config_3_0.dtd HTTP/1.1" 200 10864
127.0.0.1 - - [26/Dec/2020:09:34:20 +0530] "GET /ProjectTNL/tiles-config_3_0.dtd HTTP/1.1" 200 10864
127.0.0.1 - - [26/Dec/2020:09:34:20 +0530] "GET /ProjectTNL/tiles-config_3_0.dtd HTTP/1.1" 200 10864
127.0.0.1 - - [26/Dec/2020:09:34:20 +0530] "GET /ProjectTNL/tiles-config_3_0.dtd HTTP/1.1" 200 10864
127.0.0.1 - - [26/Dec/2020:09:34:22 +0530] "GET /ProjectTNL/tiles-config_3_0.dtd HTTP/1.1" 200 10864
127.0.0.1 - - [26/Dec/2020:09:34:22 +0530] "GET /ProjectTNL/tiles-config_3_0.dtd HTTP/1.1" 200 10864
127.0.0.1 - - [26/Dec/2020:09:34:22 +0530] "GET /ProjectTNL/tiles-config_3_0.dtd HTTP/1.1" 200 10864
127.0.0.1 - - [26/Dec/2020:09:34:25 +0530] "GET /ProjectTNL/tiles-config_3_0.dtd HTTP/1.1" 200 10864
127.0.0.1 - - [26/Dec/2020:09:34:25 +0530] "GET /ProjectTNL/tiles-config_3_0.dtd HTTP/1.1" 200 10864
127.0.0.1 - - [26/Dec/2020:09:34:25 +0530] "GET /ProjectTNL/tiles-config_3_0.dtd HTTP/1.1" 200 10864
127.0.0.1 - - [26/Dec/2020:09:34:27 +0530] "GET /ProjectTNL/tiles-config_3_0.dtd HTTP/1.1" 200 10864
127.0.0.1 - - [26/Dec/2020:09:34:27 +0530] "GET /ProjectTNL/tiles-config_3_0.dtd HTTP/1.1" 200 10864
127.0.0.1 - - [26/Dec/2020:09:34:27 +0530] "GET /ProjectTNL/tiles-config_3_0.dtd HTTP/1.1" 200 10864
127.0.0.1 - - [26/Dec/2020:09:36:04 +0530] "GET /ProjectTNL/tiles-config_3_0.dtd HTTP/1.1" 200 10864
127.0.0.1 - - [26/Dec/2020:09:36:04 +0530] "GET /ProjectTNL/tiles-config_3_0.dtd HTTP/1.1" 200 10864
127.0.0.1 - - [26/Dec/2020:09:36:04 +0530] "GET /ProjectTNL/tiles-config_3_0.dtd HTTP/1.1" 200 10864
127.0.0.1 - - [26/Dec/2020:09:36:44 +0530] "GET /ProjectTNL/tiles-config_3_0.dtd HTTP/1.1" 200 10864
127.0.0.1 - - [26/Dec/2020:09:36:44 +0530] "GET /ProjectTNL/tiles-config_3_0.dtd HTTP/1.1" 200 10864
127.0.0.1 - - [26/Dec/2020:09:36:44 +0530] "GET /ProjectTNL/tiles-config_3_0.dtd HTTP/1.1" 200 10864
127.0.0.1 - - [26/Dec/2020:09:37:02 +0530] "GET /ProjectTNL/tiles-config_3_0.dtd HTTP/1.1" 200 10864
127.0.0.1 - - [26/Dec/2020:09:37:02 +0530] "GET /ProjectTNL/tiles-config_3_0.dtd HTTP/1.1" 200 10864
127.0.0.1 - - [26/Dec/2020:09:37:02 +0530] "GET /ProjectTNL/tiles-config_3_0.dtd HTTP/1.1" 200 10864
127.0.0.1 - - [26/Dec/2020:09:37:34 +0530] "GET /ProjectTNL/tiles-config_3_0.dtd HTTP/1.1" 200 10864
127.0.0.1 - - [26/Dec/2020:09:37:34 +0530] "GET /ProjectTNL/tiles-config_3_0.dtd HTTP/1.1" 200 10864
127.0.0.1 - - [26/Dec/2020:09:37:34 +0530] "GET /ProjectTNL/tiles-config_3_0.dtd HTTP/1.1" 200 10864
127.0.0.1 - - [26/Dec/2020:09:38:09 +0530] "GET /ProjectTNL/tiles-config_3_0.dtd HTTP/1.1" 200 10864
127.0.0.1 - - [26/Dec/2020:09:38:09 +0530] "GET /ProjectTNL/tiles-config_3_0.dtd HTTP/1.1" 200 10864
127.0.0.1 - - [26/Dec/2020:09:38:09 +0530] "GET /ProjectTNL/tiles-config_3_0.dtd HTTP/1.1" 200 10864
127.0.0.1 - - [26/Dec/2020:09:38:34 +0530] "GET /ProjectTNL/hibernate-configuration-3.0.dtd HTTP/1.1" 200 2737
127.0.0.1 - - [26/Dec/2020:09:38:34 +0530] "GET /ProjectTNL/hibernate-configuration-3.0.dtd HTTP/1.1" 200 2737
127.0.0.1 - - [26/Dec/2020:09:38:34 +0530] "GET /ProjectTNL/hibernate-configuration-3.0.dtd HTTP/1.1" 200 2737
127.0.0.1 - - [26/Dec/2020:09:40:28 +0530] "GET / HTTP/1.1" 404 751
127.0.0.1 - - [26/Dec/2020:09:40:29 +0530] "GET /ProjectTNL/tiles-config_3_0.dtd HTTP/1.1" 200 10864
0:0:0:0:0:0:0:1 - - [26/Dec/2020:09:40:31 +0530] "GET /ProjectTNL/ HTTP/1.1" 200 1700
0:0:0:0:0:0:0:1 - - [26/Dec/2020:09:40:42 +0530] "POST /ProjectTNL/authlogin.action HTTP/1.1" 200 1896
127.0.0.1 - - [26/Dec/2020:09:40:55 +0530] "GET /ProjectTNL/hibernate-configuration-3.0.dtd HTTP/1.1" 200 2737
127.0.0.1 - - [26/Dec/2020:09:41:01 +0530] "GET /ProjectTNL/hibernate-configuration-3.0.dtd HTTP/1.1" 200 2737
0:0:0:0:0:0:0:1 - - [26/Dec/2020:09:41:03 +0530] "GET /ProjectTNL/dispMemForm.action HTTP/1.1" 200 14408
127.0.0.1 - - [26/Dec/2020:09:41:03 +0530] "GET /ProjectTNL/hibernate-configuration-3.0.dtd HTTP/1.1" 200 2737
127.0.0.1 - - [26/Dec/2020:09:41:05 +0530] "GET /ProjectTNL/hibernate-configuration-3.0.dtd HTTP/1.1" 200 2737
0:0:0:0:0:0:0:1 - - [26/Dec/2020:09:41:07 +0530] "GET /ProjectTNL/dispMemForm.action HTTP/1.1" 200 14408
0:0:0:0:0:0:0:1 - - [26/Dec/2020:09:41:16 +0530] "GET /ProjectTNL/homePage HTTP/1.1" 200 1896
127.0.0.1 - - [26/Dec/2020:09:41:19 +0530] "GET /ProjectTNL/hibernate-configuration-3.0.dtd HTTP/1.1" 200 2737
0:0:0:0:0:0:0:1 - - [26/Dec/2020:09:41:24 +0530] "GET /ProjectTNL/dispMemDetIndiv.action HTTP/1.1" 200 1639
127.0.0.1 - - [26/Dec/2020:09:41:40 +0530] "GET /ProjectTNL/hibernate-configuration-3.0.dtd HTTP/1.1" 200 2737
127.0.0.1 - - [26/Dec/2020:09:41:41 +0530] "GET /ProjectTNL/hibernate-configuration-3.0.dtd HTTP/1.1" 200 2737
0:0:0:0:0:0:0:1 - - [26/Dec/2020:09:41:43 +0530] "POST /ProjectTNL/dispMemberDetByMemNo.action HTTP/1.1" 200 64691
0:0:0:0:0:0:0:1 - - [26/Dec/2020:09:45:38 +0530] "GET /ProjectTNL/ HTTP/1.1" 200 1700
0:0:0:0:0:0:0:1 - - [26/Dec/2020:09:45:47 +0530] "POST /ProjectTNL/authlogin.action HTTP/1.1" 200 1896
0:0:0:0:0:0:0:1 - - [26/Dec/2020:09:46:40 +0530] "GET /ProjectTNL/dispLoanDetIndiv.action HTTP/1.1" 200 12714
127.0.0.1 - - [26/Dec/2020:09:51:16 +0530] "GET /ProjectTNL/tiles-config_3_0.dtd HTTP/1.1" 200 10864
127.0.0.1 - - [26/Dec/2020:09:51:16 +0530] "GET /ProjectTNL/tiles-config_3_0.dtd HTTP/1.1" 200 10864
127.0.0.1 - - [26/Dec/2020:09:51:16 +0530] "GET /ProjectTNL/tiles-config_3_0.dtd HTTP/1.1" 200 10864
127.0.0.1 - - [26/Dec/2020:09:51:18 +0530] "GET /ProjectTNL/tiles-config_3_0.dtd HTTP/1.1" 200 10864
127.0.0.1 - - [26/Dec/2020:09:51:18 +0530] "GET /ProjectTNL/tiles-config_3_0.dtd HTTP/1.1" 200 10864
127.0.0.1 - - [26/Dec/2020:09:51:18 +0530] "GET /ProjectTNL/tiles-config_3_0.dtd HTTP/1.1" 200 10864
127.0.0.1 - - [26/Dec/2020:09:53:06 +0530] "GET /ProjectTNL/tiles-config_3_0.dtd HTTP/1.1" 200 10864
127.0.0.1 - - [26/Dec/2020:09:53:06 +0530] "GET /ProjectTNL/tiles-config_3_0.dtd HTTP/1.1" 200 10864
127.0.0.1 - - [26/Dec/2020:09:53:06 +0530] "GET /ProjectTNL/tiles-config_3_0.dtd HTTP/1.1" 200 10864
127.0.0.1 - - [26/Dec/2020:09:53:07 +0530] "GET /ProjectTNL/tiles-config_3_0.dtd HTTP/1.1" 200 10864
127.0.0.1 - - [26/Dec/2020:09:53:07 +0530] "GET /ProjectTNL/tiles-config_3_0.dtd HTTP/1.1" 200 10864
127.0.0.1 - - [26/Dec/2020:09:53:07 +0530] "GET /ProjectTNL/tiles-config_3_0.dtd HTTP/1.1" 200 10864
127.0.0.1 - - [26/Dec/2020:09:53:19 +0530] "GET /ProjectTNL/tiles-config_3_0.dtd HTTP/1.1" 200 10864
127.0.0.1 - - [26/Dec/2020:09:53:20 +0530] "GET /ProjectTNL/tiles-config_3_0.dtd HTTP/1.1" 200 10864
127.0.0.1 - - [26/Dec/2020:09:53:20 +0530] "GET /ProjectTNL/tiles-config_3_0.dtd HTTP/1.1" 200 10864
127.0.0.1 - - [26/Dec/2020:09:53:32 +0530] "GET /ProjectTNL/tiles-config_3_0.dtd HTTP/1.1" 200 10864
127.0.0.1 - - [26/Dec/2020:09:53:32 +0530] "GET /ProjectTNL/tiles-config_3_0.dtd HTTP/1.1" 200 10864
127.0.0.1 - - [26/Dec/2020:09:53:32 +0530] "GET /ProjectTNL/tiles-config_3_0.dtd HTTP/1.1" 200 10864
127.0.0.1 - - [26/Dec/2020:09:53:36 +0530] "GET /ProjectTNL/tiles-config_3_0.dtd HTTP/1.1" 200 10864
127.0.0.1 - - [26/Dec/2020:09:53:36 +0530] "GET /ProjectTNL/tiles-config_3_0.dtd HTTP/1.1" 200 10864
127.0.0.1 - - [26/Dec/2020:09:53:37 +0530] "GET /ProjectTNL/tiles-config_3_0.dtd HTTP/1.1" 200 10864
127.0.0.1 - - [26/Dec/2020:09:53:47 +0530] "GET /ProjectTNL/tiles-config_3_0.dtd HTTP/1.1" 200 10864
127.0.0.1 - - [26/Dec/2020:09:53:47 +0530] "GET /ProjectTNL/tiles-config_3_0.dtd HTTP/1.1" 200 10864
127.0.0.1 - - [26/Dec/2020:09:53:47 +0530] "GET /ProjectTNL/tiles-config_3_0.dtd HTTP/1.1" 200 10864
127.0.0.1 - - [26/Dec/2020:09:55:07 +0530] "GET /ProjectTNL/tiles-config_3_0.dtd HTTP/1.1" 200 10864
127.0.0.1 - - [26/Dec/2020:09:55:07 +0530] "GET /ProjectTNL/tiles-config_3_0.dtd HTTP/1.1" 200 10864
127.0.0.1 - - [26/Dec/2020:09:55:07 +0530] "GET /ProjectTNL/tiles-config_3_0.dtd HTTP/1.1" 200 10864
127.0.0.1 - - [26/Dec/2020:09:55:33 +0530] "GET /ProjectTNL/tiles-config_3_0.dtd HTTP/1.1" 200 10864
127.0.0.1 - - [26/Dec/2020:09:55:33 +0530] "GET /ProjectTNL/tiles-config_3_0.dtd HTTP/1.1" 200 10864
127.0.0.1 - - [26/Dec/2020:09:55:33 +0530] "GET /ProjectTNL/tiles-config_3_0.dtd HTTP/1.1" 200 10864
127.0.0.1 - - [26/Dec/2020:09:55:49 +0530] "GET /ProjectTNL/hibernate-configuration-3.0.dtd HTTP/1.1" 200 2737
127.0.0.1 - - [26/Dec/2020:09:55:49 +0530] "GET /ProjectTNL/hibernate-configuration-3.0.dtd HTTP/1.1" 200 2737
127.0.0.1 - - [26/Dec/2020:09:55:49 +0530] "GET /ProjectTNL/hibernate-configuration-3.0.dtd HTTP/1.1" 200 2737
127.0.0.1 - - [26/Dec/2020:09:56:48 +0530] "GET / HTTP/1.1" 404 751
127.0.0.1 - - [26/Dec/2020:09:56:49 +0530] "GET /ProjectTNL/tiles-config_3_0.dtd HTTP/1.1" 200 10864
0:0:0:0:0:0:0:1 - - [26/Dec/2020:09:56:51 +0530] "GET /ProjectTNL/ HTTP/1.1" 200 1700
0:0:0:0:0:0:0:1 - - [26/Dec/2020:09:57:00 +0530] "POST /ProjectTNL/authlogin.action HTTP/1.1" 200 1896
127.0.0.1 - - [26/Dec/2020:09:57:05 +0530] "GET /ProjectTNL/hibernate-configuration-3.0.dtd HTTP/1.1" 200 2737
127.0.0.1 - - [26/Dec/2020:09:57:11 +0530] "GET /ProjectTNL/hibernate-configuration-3.0.dtd HTTP/1.1" 200 2737
0:0:0:0:0:0:0:1 - - [26/Dec/2020:09:57:13 +0530] "GET /ProjectTNL/dispMemForm.action HTTP/1.1" 200 14408
127.0.0.1 - - [26/Dec/2020:09:57:13 +0530] "GET /ProjectTNL/hibernate-configuration-3.0.dtd HTTP/1.1" 200 2737
127.0.0.1 - - [26/Dec/2020:09:57:15 +0530] "GET /ProjectTNL/hibernate-configuration-3.0.dtd HTTP/1.1" 200 2737
0:0:0:0:0:0:0:1 - - [26/Dec/2020:09:57:17 +0530] "GET /ProjectTNL/dispMemForm.action HTTP/1.1" 200 14408
0:0:0:0:0:0:0:1 - - [26/Dec/2020:09:57:23 +0530] "GET /ProjectTNL/homePage HTTP/1.1" 200 1896
127.0.0.1 - - [26/Dec/2020:09:57:30 +0530] "GET /ProjectTNL/hibernate-configuration-3.0.dtd HTTP/1.1" 200 2737
127.0.0.1 - - [26/Dec/2020:09:57:31 +0530] "GET /ProjectTNL/hibernate-configuration-3.0.dtd HTTP/1.1" 200 2737
127.0.0.1 - - [26/Dec/2020:09:57:33 +0530] "GET /ProjectTNL/hibernate-configuration-3.0.dtd HTTP/1.1" 200 2737
0:0:0:0:0:0:0:1 - - [26/Dec/2020:09:57:35 +0530] "GET /ProjectTNL/dispLoanForm.action HTTP/1.1" 200 15735
127.0.0.1 - - [26/Dec/2020:09:57:35 +0530] "GET /ProjectTNL/hibernate-configuration-3.0.dtd HTTP/1.1" 200 2737
127.0.0.1 - - [26/Dec/2020:09:57:36 +0530] "GET /ProjectTNL/hibernate-configuration-3.0.dtd HTTP/1.1" 200 2737
127.0.0.1 - - [26/Dec/2020:09:57:37 +0530] "GET /ProjectTNL/hibernate-configuration-3.0.dtd HTTP/1.1" 200 2737
0:0:0:0:0:0:0:1 - - [26/Dec/2020:09:57:39 +0530] "GET /ProjectTNL/dispLoanForm.action HTTP/1.1" 200 15735
0:0:0:0:0:0:0:1 - - [26/Dec/2020:09:57:49 +0530] "GET /ProjectTNL/homePage HTTP/1.1" 200 1896
0:0:0:0:0:0:0:1 - - [26/Dec/2020:09:57:54 +0530] "GET /ProjectTNL/dispLoanDetIndiv.action HTTP/1.1" 200 12714
127.0.0.1 - - [26/Dec/2020:09:59:24 +0530] "GET /ProjectTNL/tiles-config_3_0.dtd HTTP/1.1" 200 10864
127.0.0.1 - - [26/Dec/2020:09:59:24 +0530] "GET /ProjectTNL/tiles-config_3_0.dtd HTTP/1.1" 200 10864
127.0.0.1 - - [26/Dec/2020:09:59:24 +0530] "GET /ProjectTNL/tiles-config_3_0.dtd HTTP/1.1" 200 10864
127.0.0.1 - - [26/Dec/2020:10:00:12 +0530] "GET / HTTP/1.1" 404 751
127.0.0.1 - - [26/Dec/2020:10:00:13 +0530] "GET /ProjectTNL/tiles-config_3_0.dtd HTTP/1.1" 200 10864
0:0:0:0:0:0:0:1 - - [26/Dec/2020:10:00:15 +0530] "GET /ProjectTNL/ HTTP/1.1" 200 1700
0:0:0:0:0:0:0:1 - - [26/Dec/2020:10:00:23 +0530] "POST /ProjectTNL/authlogin.action HTTP/1.1" 200 1896
0:0:0:0:0:0:0:1 - - [26/Dec/2020:10:00:30 +0530] "GET /ProjectTNL/dispLoanDetIndiv.action HTTP/1.1" 200 1651
127.0.0.1 - - [26/Dec/2020:10:00:39 +0530] "GET /ProjectTNL/hibernate-configuration-3.0.dtd HTTP/1.1" 200 2737
0:0:0:0:0:0:0:1 - - [26/Dec/2020:10:00:47 +0530] "POST /ProjectTNL/dispLoanDetByLoanAccno.action HTTP/1.1" 200 52044
127.0.0.1 - - [26/Dec/2020:10:10:43 +0530] "GET /ProjectTNL/tiles-config_3_0.dtd HTTP/1.1" 200 10864
127.0.0.1 - - [26/Dec/2020:10:10:43 +0530] "GET /ProjectTNL/tiles-config_3_0.dtd HTTP/1.1" 200 10864
127.0.0.1 - - [26/Dec/2020:10:10:43 +0530] "GET /ProjectTNL/tiles-config_3_0.dtd HTTP/1.1" 200 10864
0:0:0:0:0:0:0:1 - - [26/Dec/2020:10:20:21 +0530] "GET /ProjectTNL/ HTTP/1.1" 200 1700
0:0:0:0:0:0:0:1 - - [26/Dec/2020:10:20:34 +0530] "POST /ProjectTNL/authlogin.action HTTP/1.1" 200 1896
127.0.0.1 - - [26/Dec/2020:10:20:40 +0530] "GET /ProjectTNL/hibernate-configuration-3.0.dtd HTTP/1.1" 200 2737
0:0:0:0:0:0:0:1 - - [26/Dec/2020:10:20:41 +0530] "GET /ProjectTNL/dispMemDetIndiv.action HTTP/1.1" 200 1639
127.0.0.1 - - [26/Dec/2020:10:20:49 +0530] "GET /ProjectTNL/hibernate-configuration-3.0.dtd HTTP/1.1" 200 2737
127.0.0.1 - - [26/Dec/2020:10:20:50 +0530] "GET /ProjectTNL/hibernate-configuration-3.0.dtd HTTP/1.1" 200 2737
0:0:0:0:0:0:0:1 - - [26/Dec/2020:10:20:52 +0530] "POST /ProjectTNL/dispMemberDetByMemNo.action HTTP/1.1" 200 64691
127.0.0.1 - - [26/Dec/2020:10:22:16 +0530] "GET /ProjectTNL/hibernate-configuration-3.0.dtd HTTP/1.1" 200 2737
127.0.0.1 - - [26/Dec/2020:10:22:17 +0530] "GET /ProjectTNL/hibernate-configuration-3.0.dtd HTTP/1.1" 200 2737
0:0:0:0:0:0:0:1 - - [26/Dec/2020:10:22:19 +0530] "GET /ProjectTNL/css/style_mem.css HTTP/1.1" 304 -
0:0:0:0:0:0:0:1 - - [26/Dec/2020:10:22:19 +0530] "POST /ProjectTNL/dispMemberDetByMemNo.action HTTP/1.1" 200 64656
0:0:0:0:0:0:0:1 - - [26/Dec/2020:10:22:19 +0530] "GET /ProjectTNL/js/member.js HTTP/1.1" 304 -
127.0.0.1 - - [26/Dec/2020:10:27:47 +0530] "GET /ProjectTNL/hibernate-configuration-3.0.dtd HTTP/1.1" 200 2737
127.0.0.1 - - [26/Dec/2020:10:27:48 +0530] "GET /ProjectTNL/hibernate-configuration-3.0.dtd HTTP/1.1" 200 2737
0:0:0:0:0:0:0:1 - - [26/Dec/2020:10:27:49 +0530] "GET /ProjectTNL/css/style_mem.css HTTP/1.1" 304 -
0:0:0:0:0:0:0:1 - - [26/Dec/2020:10:27:49 +0530] "POST /ProjectTNL/dispMemberDetByMemNo.action HTTP/1.1" 200 64614
0:0:0:0:0:0:0:1 - - [26/Dec/2020:10:27:49 +0530] "GET /ProjectTNL/js/member.js HTTP/1.1" 304 -
127.0.0.1 - - [26/Dec/2020:10:37:03 +0530] "GET /ProjectTNL/hibernate-configuration-3.0.dtd HTTP/1.1" 200 2737
127.0.0.1 - - [26/Dec/2020:10:37:04 +0530] "GET /ProjectTNL/hibernate-configuration-3.0.dtd HTTP/1.1" 200 2737
0:0:0:0:0:0:0:1 - - [26/Dec/2020:10:37:05 +0530] "POST /ProjectTNL/dispMemberDetByMemNo.action HTTP/1.1" 200 64486
0:0:0:0:0:0:0:1 - - [26/Dec/2020:10:37:05 +0530] "GET /ProjectTNL/css/style_mem.css HTTP/1.1" 304 -
0:0:0:0:0:0:0:1 - - [26/Dec/2020:10:37:05 +0530] "GET /ProjectTNL/js/member.js HTTP/1.1" 304 -
127.0.0.1 - - [26/Dec/2020:10:48:54 +0530] "GET / HTTP/1.1" 404 751
127.0.0.1 - - [26/Dec/2020:10:48:56 +0530] "GET /ProjectTNL/tiles-config_3_0.dtd HTTP/1.1" 200 10864
0:0:0:0:0:0:0:1 - - [26/Dec/2020:10:48:58 +0530] "GET /ProjectTNL/ HTTP/1.1" 200 1744
0:0:0:0:0:0:0:1 - - [26/Dec/2020:10:49:07 +0530] "POST /ProjectTNL/authlogin.action;jsessionid=C800E960D90DBB558600EF0B5DEA406F HTTP/1.1" 200 1896
127.0.0.1 - - [26/Dec/2020:10:49:34 +0530] "GET /ProjectTNL/hibernate-configuration-3.0.dtd HTTP/1.1" 200 2737
127.0.0.1 - - [26/Dec/2020:10:49:38 +0530] "GET /ProjectTNL/hibernate-configuration-3.0.dtd HTTP/1.1" 200 2737
127.0.0.1 - - [26/Dec/2020:10:49:39 +0530] "GET /ProjectTNL/hibernate-configuration-3.0.dtd HTTP/1.1" 200 2737
0:0:0:0:0:0:0:1 - - [26/Dec/2020:10:49:40 +0530] "GET /ProjectTNL/dispLoanForm.action HTTP/1.1" 200 15735
127.0.0.1 - - [26/Dec/2020:10:49:40 +0530] "GET /ProjectTNL/hibernate-configuration-3.0.dtd HTTP/1.1" 200 2737
127.0.0.1 - - [26/Dec/2020:10:49:41 +0530] "GET /ProjectTNL/hibernate-configuration-3.0.dtd HTTP/1.1" 200 2737
127.0.0.1 - - [26/Dec/2020:10:49:42 +0530] "GET /ProjectTNL/hibernate-configuration-3.0.dtd HTTP/1.1" 200 2737
0:0:0:0:0:0:0:1 - - [26/Dec/2020:10:49:43 +0530] "GET /ProjectTNL/dispLoanForm.action HTTP/1.1" 200 15735
0:0:0:0:0:0:0:1 - - [26/Dec/2020:10:50:01 +0530] "GET /ProjectTNL/homePage HTTP/1.1" 200 1896
0:0:0:0:0:0:0:1 - - [26/Dec/2020:10:50:06 +0530] "GET /ProjectTNL/dispLoanDetIndiv.action HTTP/1.1" 200 1651
127.0.0.1 - - [26/Dec/2020:10:50:14 +0530] "GET /ProjectTNL/hibernate-configuration-3.0.dtd HTTP/1.1" 200 2737
0:0:0:0:0:0:0:1 - - [26/Dec/2020:10:50:15 +0530] "POST /ProjectTNL/dispLoanDetByLoanAccno.action HTTP/1.1" 200 52044
127.0.0.1 - - [26/Dec/2020:10:51:18 +0530] "GET /ProjectTNL/hibernate-configuration-3.0.dtd HTTP/1.1" 200 2737
0:0:0:0:0:0:0:1 - - [26/Dec/2020:10:51:21 +0530] "GET /ProjectTNL/css/style_loan.css HTTP/1.1" 304 -
0:0:0:0:0:0:0:1 - - [26/Dec/2020:10:51:21 +0530] "GET /ProjectTNL/js/loan.js HTTP/1.1" 304 -
0:0:0:0:0:0:0:1 - - [26/Dec/2020:10:51:21 +0530] "POST /ProjectTNL/dispLoanDetByLoanAccno.action HTTP/1.1" 200 52031
127.0.0.1 - - [26/Dec/2020:10:52:34 +0530] "GET /ProjectTNL/hibernate-configuration-3.0.dtd HTTP/1.1" 200 2737
0:0:0:0:0:0:0:1 - - [26/Dec/2020:10:52:35 +0530] "POST /ProjectTNL/dispLoanDetByLoanAccno.action HTTP/1.1" 200 52005
0:0:0:0:0:0:0:1 - - [26/Dec/2020:10:52:35 +0530] "GET /ProjectTNL/js/loan.js HTTP/1.1" 304 -
0:0:0:0:0:0:0:1 - - [26/Dec/2020:10:52:35 +0530] "GET /ProjectTNL/css/style_loan.css HTTP/1.1" 304 -
127.0.0.1 - - [26/Dec/2020:11:06:02 +0530] "GET /ProjectTNL/hibernate-configuration-3.0.dtd HTTP/1.1" 200 2737
0:0:0:0:0:0:0:1 - - [26/Dec/2020:11:06:03 +0530] "POST /ProjectTNL/dispLoanDetByLoanAccno.action HTTP/1.1" 200 52169
0:0:0:0:0:0:0:1 - - [26/Dec/2020:11:06:03 +0530] "GET /ProjectTNL/css/style_loan.css HTTP/1.1" 304 -
0:0:0:0:0:0:0:1 - - [26/Dec/2020:11:06:03 +0530] "GET /ProjectTNL/js/loan.js HTTP/1.1" 304 -
127.0.0.1 - - [26/Dec/2020:11:08:15 +0530] "GET /ProjectTNL/hibernate-configuration-3.0.dtd HTTP/1.1" 200 2737
0:0:0:0:0:0:0:1 - - [26/Dec/2020:11:08:16 +0530] "GET /ProjectTNL/css/style_loan.css HTTP/1.1" 304 -
0:0:0:0:0:0:0:1 - - [26/Dec/2020:11:08:16 +0530] "GET /ProjectTNL/js/loan.js HTTP/1.1" 304 -
0:0:0:0:0:0:0:1 - - [26/Dec/2020:11:08:16 +0530] "POST /ProjectTNL/dispLoanDetByLoanAccno.action HTTP/1.1" 200 52187
127.0.0.1 - - [26/Dec/2020:11:13:44 +0530] "GET /ProjectTNL/hibernate-configuration-3.0.dtd HTTP/1.1" 200 2737
0:0:0:0:0:0:0:1 - - [26/Dec/2020:11:13:46 +0530] "GET /ProjectTNL/css/style_loan.css HTTP/1.1" 304 -
0:0:0:0:0:0:0:1 - - [26/Dec/2020:11:13:46 +0530] "POST /ProjectTNL/dispLoanDetByLoanAccno.action HTTP/1.1" 200 52224
0:0:0:0:0:0:0:1 - - [26/Dec/2020:11:13:46 +0530] "GET /ProjectTNL/js/loan.js HTTP/1.1" 304 -
127.0.0.1 - - [26/Dec/2020:11:15:51 +0530] "GET /ProjectTNL/hibernate-configuration-3.0.dtd HTTP/1.1" 200 2737
0:0:0:0:0:0:0:1 - - [26/Dec/2020:11:15:52 +0530] "GET /ProjectTNL/css/style_loan.css HTTP/1.1" 304 -
0:0:0:0:0:0:0:1 - - [26/Dec/2020:11:15:52 +0530] "GET /ProjectTNL/js/loan.js HTTP/1.1" 304 -
0:0:0:0:0:0:0:1 - - [26/Dec/2020:11:15:52 +0530] "POST /ProjectTNL/dispLoanDetByLoanAccno.action HTTP/1.1" 200 52236
127.0.0.1 - - [26/Dec/2020:11:25:33 +0530] "GET /ProjectTNL/hibernate-configuration-3.0.dtd HTTP/1.1" 200 2737
0:0:0:0:0:0:0:1 - - [26/Dec/2020:11:25:34 +0530] "GET /ProjectTNL/css/style_loan.css HTTP/1.1" 304 -
0:0:0:0:0:0:0:1 - - [26/Dec/2020:11:25:34 +0530] "GET /ProjectTNL/js/loan.js HTTP/1.1" 304 -
0:0:0:0:0:0:0:1 - - [26/Dec/2020:11:25:35 +0530] "POST /ProjectTNL/dispLoanDetByLoanAccno.action HTTP/1.1" 200 52205
127.0.0.1 - - [26/Dec/2020:11:26:22 +0530] "GET /ProjectTNL/hibernate-configuration-3.0.dtd HTTP/1.1" 200 2737
0:0:0:0:0:0:0:1 - - [26/Dec/2020:11:26:23 +0530] "GET /ProjectTNL/css/style_loan.css HTTP/1.1" 304 -
0:0:0:0:0:0:0:1 - - [26/Dec/2020:11:26:23 +0530] "GET /ProjectTNL/js/loan.js HTTP/1.1" 304 -
0:0:0:0:0:0:0:1 - - [26/Dec/2020:11:26:23 +0530] "POST /ProjectTNL/dispLoanDetByLoanAccno.action HTTP/1.1" 200 52211
0:0:0:0:0:0:0:1 - - [26/Dec/2020:11:27:02 +0530] "GET /ProjectTNL/ HTTP/1.1" 200 1744
0:0:0:0:0:0:0:1 - - [26/Dec/2020:11:27:03 +0530] "GET /ProjectTNL/css/style_login.css HTTP/1.1" 200 1146
0:0:0:0:0:0:0:1 - - [26/Dec/2020:11:27:03 +0530] "GET /favicon.ico HTTP/1.1" 404 762
0:0:0:0:0:0:0:1 - - [26/Dec/2020:11:27:08 +0530] "POST /ProjectTNL/authlogin.action;jsessionid=D0C71BCB34EB3C3564B33FD1847A5A5C HTTP/1.1" 200 1896
0:0:0:0:0:0:0:1 - - [26/Dec/2020:11:27:08 +0530] "GET /ProjectTNL/css/style_welcome.css HTTP/1.1" 200 1255
0:0:0:0:0:0:0:1 - - [26/Dec/2020:11:27:13 +0530] "GET /ProjectTNL/dispLoanDetIndiv.action HTTP/1.1" 200 1651
0:0:0:0:0:0:0:1 - - [26/Dec/2020:11:27:13 +0530] "GET /ProjectTNL/css/style_loan.css HTTP/1.1" 200 7430
0:0:0:0:0:0:0:1 - - [26/Dec/2020:11:27:13 +0530] "GET /ProjectTNL/js/loan.js HTTP/1.1" 200 1262
127.0.0.1 - - [26/Dec/2020:11:27:20 +0530] "GET /ProjectTNL/hibernate-configuration-3.0.dtd HTTP/1.1" 200 2737
0:0:0:0:0:0:0:1 - - [26/Dec/2020:11:27:21 +0530] "POST /ProjectTNL/dispLoanDetByLoanAccno.action HTTP/1.1" 200 1483080
0:0:0:0:0:0:0:1 - - [26/Dec/2020:11:27:37 +0530] "GET /ProjectTNL/homePage HTTP/1.1" 200 1896
0:0:0:0:0:0:0:1 - - [26/Dec/2020:11:27:39 +0530] "GET /ProjectTNL/dispLoanDetIndiv.action HTTP/1.1" 200 1651
127.0.0.1 - - [26/Dec/2020:11:27:43 +0530] "GET /ProjectTNL/hibernate-configuration-3.0.dtd HTTP/1.1" 200 2737
0:0:0:0:0:0:0:1 - - [26/Dec/2020:11:27:44 +0530] "POST /ProjectTNL/dispLoanDetByLoanAccno.action HTTP/1.1" 200 52211
127.0.0.1 - - [26/Dec/2020:11:49:10 +0530] "GET /ProjectTNL/tiles-config_3_0.dtd HTTP/1.1" 200 10864
127.0.0.1 - - [26/Dec/2020:11:49:10 +0530] "GET /ProjectTNL/tiles-config_3_0.dtd HTTP/1.1" 200 10864
127.0.0.1 - - [26/Dec/2020:11:49:10 +0530] "GET /ProjectTNL/tiles-config_3_0.dtd HTTP/1.1" 200 10864
127.0.0.1 - - [26/Dec/2020:11:49:12 +0530] "GET /ProjectTNL/tiles-config_3_0.dtd HTTP/1.1" 200 10864
127.0.0.1 - - [26/Dec/2020:11:49:12 +0530] "GET /ProjectTNL/tiles-config_3_0.dtd HTTP/1.1" 200 10864
127.0.0.1 - - [26/Dec/2020:11:49:12 +0530] "GET /ProjectTNL/tiles-config_3_0.dtd HTTP/1.1" 200 10864
127.0.0.1 - - [26/Dec/2020:13:08:10 +0530] "GET / HTTP/1.1" 404 751
127.0.0.1 - - [26/Dec/2020:13:08:12 +0530] "GET /ProjectTNL/tiles-config_3_0.dtd HTTP/1.1" 200 10864
0:0:0:0:0:0:0:1 - - [26/Dec/2020:13:08:14 +0530] "GET /ProjectTNL/ HTTP/1.1" 200 1744
0:0:0:0:0:0:0:1 - - [26/Dec/2020:13:42:35 +0530] "GET /ProjectTNL/ HTTP/1.1" 200 1700
0:0:0:0:0:0:0:1 - - [26/Dec/2020:13:42:56 +0530] "POST /ProjectTNL/authlogin.action HTTP/1.1" 200 1896
0:0:0:0:0:0:0:1 - - [26/Dec/2020:13:42:59 +0530] "GET /ProjectTNL/dispLoanDetIndiv.action HTTP/1.1" 200 1651
127.0.0.1 - - [26/Dec/2020:13:43:08 +0530] "GET /ProjectTNL/hibernate-configuration-3.0.dtd HTTP/1.1" 200 2737
0:0:0:0:0:0:0:1 - - [26/Dec/2020:13:43:19 +0530] "POST /ProjectTNL/dispLoanDetByLoanAccno.action HTTP/1.1" 200 52434
0:0:0:0:0:0:0:1 - - [26/Dec/2020:13:44:06 +0530] "GET /ProjectTNL/ HTTP/1.1" 200 1700
0:0:0:0:0:0:0:1 - - [26/Dec/2020:13:44:10 +0530] "GET /ProjectTNL/ HTTP/1.1" 200 1700
0:0:0:0:0:0:0:1 - - [26/Dec/2020:13:44:11 +0530] "GET /ProjectTNL/css/style_login.css HTTP/1.1" 200 1146
0:0:0:0:0:0:0:1 - - [26/Dec/2020:13:44:17 +0530] "POST /ProjectTNL/authlogin.action HTTP/1.1" 200 1896
0:0:0:0:0:0:0:1 - - [26/Dec/2020:13:44:21 +0530] "GET /ProjectTNL/dispLoanDetIndiv.action HTTP/1.1" 200 1651
0:0:0:0:0:0:0:1 - - [26/Dec/2020:13:44:21 +0530] "GET /ProjectTNL/css/style_loan.css HTTP/1.1" 200 7430
0:0:0:0:0:0:0:1 - - [26/Dec/2020:13:44:21 +0530] "GET /ProjectTNL/js/loan.js HTTP/1.1" 200 1262
127.0.0.1 - - [26/Dec/2020:13:44:30 +0530] "GET /ProjectTNL/hibernate-configuration-3.0.dtd HTTP/1.1" 200 2737
0:0:0:0:0:0:0:1 - - [26/Dec/2020:13:44:32 +0530] "POST /ProjectTNL/dispLoanDetByLoanAccno.action HTTP/1.1" 200 52434
127.0.0.1 - - [26/Dec/2020:13:45:51 +0530] "GET / HTTP/1.1" 404 751
127.0.0.1 - - [26/Dec/2020:13:45:52 +0530] "GET /ProjectTNL/tiles-config_3_0.dtd HTTP/1.1" 200 10864
0:0:0:0:0:0:0:1 - - [26/Dec/2020:13:45:54 +0530] "GET /ProjectTNL/ HTTP/1.1" 200 1700
0:0:0:0:0:0:0:1 - - [26/Dec/2020:13:46:02 +0530] "POST /ProjectTNL/authlogin.action HTTP/1.1" 200 1896
0:0:0:0:0:0:0:1 - - [26/Dec/2020:13:46:07 +0530] "GET /ProjectTNL/dispLoanDetIndiv.action HTTP/1.1" 200 1651
127.0.0.1 - - [26/Dec/2020:13:46:15 +0530] "GET /ProjectTNL/hibernate-configuration-3.0.dtd HTTP/1.1" 200 2737
0:0:0:0:0:0:0:1 - - [26/Dec/2020:13:46:26 +0530] "POST /ProjectTNL/dispLoanDetByLoanAccno.action HTTP/1.1" 200 52400
0:0:0:0:0:0:0:1 - - [26/Dec/2020:13:47:31 +0530] "GET /ProjectTNL/ HTTP/1.1" 200 1700
0:0:0:0:0:0:0:1 - - [26/Dec/2020:13:47:45 +0530] "POST /ProjectTNL/authlogin.action HTTP/1.1" 200 1896
0:0:0:0:0:0:0:1 - - [26/Dec/2020:13:47:47 +0530] "GET /ProjectTNL/dispLoanDetIndiv.action HTTP/1.1" 200 1651
127.0.0.1 - - [26/Dec/2020:13:47:51 +0530] "GET /ProjectTNL/hibernate-configuration-3.0.dtd HTTP/1.1" 200 2737
0:0:0:0:0:0:0:1 - - [26/Dec/2020:13:47:53 +0530] "POST /ProjectTNL/dispLoanDetByLoanAccno.action HTTP/1.1" 200 52400
0:0:0:0:0:0:0:1 - - [26/Dec/2020:13:47:53 +0530] "GET /ProjectTNL/dispLoanDetByLoanAccno.action HTTP/1.1" 500 7231
127.0.0.1 - - [26/Dec/2020:14:17:34 +0530] "GET / HTTP/1.1" 404 751
127.0.0.1 - - [26/Dec/2020:14:17:35 +0530] "GET /ProjectTNL/tiles-config_3_0.dtd HTTP/1.1" 200 10864
0:0:0:0:0:0:0:1 - - [26/Dec/2020:14:17:36 +0530] "GET /ProjectTNL/ HTTP/1.1" 200 1700
0:0:0:0:0:0:0:1 - - [26/Dec/2020:14:18:13 +0530] "POST /ProjectTNL/authlogin.action HTTP/1.1" 200 1896
0:0:0:0:0:0:0:1 - - [26/Dec/2020:14:18:16 +0530] "GET /ProjectTNL/dispLoanDetIndiv.action HTTP/1.1" 200 1651
127.0.0.1 - - [26/Dec/2020:14:18:26 +0530] "GET /ProjectTNL/hibernate-configuration-3.0.dtd HTTP/1.1" 200 2737
0:0:0:0:0:0:0:1 - - [26/Dec/2020:14:18:33 +0530] "POST /ProjectTNL/dispLoanDetByLoanAccno.action HTTP/1.1" 200 52214
127.0.0.1 - - [26/Dec/2020:14:21:11 +0530] "GET / HTTP/1.1" 404 751
127.0.0.1 - - [26/Dec/2020:14:21:12 +0530] "GET /ProjectTNL/tiles-config_3_0.dtd HTTP/1.1" 200 10864
0:0:0:0:0:0:0:1 - - [26/Dec/2020:14:21:13 +0530] "GET /ProjectTNL/ HTTP/1.1" 200 1700
0:0:0:0:0:0:0:1 - - [26/Dec/2020:14:21:23 +0530] "POST /ProjectTNL/authlogin.action HTTP/1.1" 200 1896
0:0:0:0:0:0:0:1 - - [26/Dec/2020:14:21:28 +0530] "GET /ProjectTNL/dispLoanDetIndiv.action HTTP/1.1" 200 1651
127.0.0.1 - - [26/Dec/2020:14:21:37 +0530] "GET /ProjectTNL/hibernate-configuration-3.0.dtd HTTP/1.1" 200 2737
0:0:0:0:0:0:0:1 - - [26/Dec/2020:14:21:43 +0530] "POST /ProjectTNL/dispLoanDetByLoanAccno.action HTTP/1.1" 200 52386
0:0:0:0:0:0:0:1 - - [26/Dec/2020:14:21:58 +0530] "GET /ProjectTNL/ HTTP/1.1" 200 1700
0:0:0:0:0:0:0:1 - - [26/Dec/2020:14:22:07 +0530] "POST /ProjectTNL/authlogin.action HTTP/1.1" 200 1896
0:0:0:0:0:0:0:1 - - [26/Dec/2020:14:22:10 +0530] "GET /ProjectTNL/dispLoanDetIndiv.action HTTP/1.1" 200 1651
127.0.0.1 - - [26/Dec/2020:14:22:14 +0530] "GET /ProjectTNL/hibernate-configuration-3.0.dtd HTTP/1.1" 200 2737
0:0:0:0:0:0:0:1 - - [26/Dec/2020:14:22:15 +0530] "POST /ProjectTNL/dispLoanDetByLoanAccno.action HTTP/1.1" 200 52386
0:0:0:0:0:0:0:1 - - [26/Dec/2020:14:22:35 +0530] "GET /ProjectTNL/dispLoanDetIndiv.action HTTP/1.1" 200 1651
127.0.0.1 - - [26/Dec/2020:14:22:44 +0530] "GET /ProjectTNL/hibernate-configuration-3.0.dtd HTTP/1.1" 200 2737
0:0:0:0:0:0:0:1 - - [26/Dec/2020:14:22:45 +0530] "POST /ProjectTNL/dispLoanDetByLoanAccno.action HTTP/1.1" 200 52386
0:0:0:0:0:0:0:1 - - [26/Dec/2020:14:23:25 +0530] "GET /ProjectTNL/dispLoanDetByLoanAccno.action HTTP/1.1" 500 7231
127.0.0.1 - - [26/Dec/2020:14:24:23 +0530] "GET / HTTP/1.1" 404 751
127.0.0.1 - - [26/Dec/2020:14:24:23 +0530] "GET /ProjectTNL/tiles-config_3_0.dtd HTTP/1.1" 200 10864
0:0:0:0:0:0:0:1 - - [26/Dec/2020:14:24:25 +0530] "GET /ProjectTNL/ HTTP/1.1" 200 1700
0:0:0:0:0:0:0:1 - - [26/Dec/2020:14:24:35 +0530] "POST /ProjectTNL/authlogin.action HTTP/1.1" 200 1896
0:0:0:0:0:0:0:1 - - [26/Dec/2020:14:24:38 +0530] "GET /ProjectTNL/dispLoanDetIndiv.action HTTP/1.1" 200 1651
127.0.0.1 - - [26/Dec/2020:14:24:46 +0530] "GET /ProjectTNL/hibernate-configuration-3.0.dtd HTTP/1.1" 200 2737
0:0:0:0:0:0:0:1 - - [26/Dec/2020:14:24:53 +0530] "POST /ProjectTNL/dispLoanDetByLoanAccno.action HTTP/1.1" 200 52379
0:0:0:0:0:0:0:1 - - [26/Dec/2020:14:25:05 +0530] "GET /ProjectTNL/dispLoanDetByLoanAccno.action HTTP/1.1" 500 7231
0:0:0:0:0:0:0:1 - - [26/Dec/2020:14:25:10 +0530] "GET /ProjectTNL/dispLoanDetByLoanAccno.action HTTP/1.1" 500 7231
127.0.0.1 - - [26/Dec/2020:14:27:54 +0530] "GET / HTTP/1.1" 404 751
127.0.0.1 - - [26/Dec/2020:14:27:55 +0530] "GET /ProjectTNL/tiles-config_3_0.dtd HTTP/1.1" 200 10864
0:0:0:0:0:0:0:1 - - [26/Dec/2020:14:27:56 +0530] "GET /ProjectTNL/ HTTP/1.1" 200 1700
0:0:0:0:0:0:0:1 - - [26/Dec/2020:14:28:04 +0530] "POST /ProjectTNL/authlogin.action HTTP/1.1" 200 1896
0:0:0:0:0:0:0:1 - - [26/Dec/2020:14:28:07 +0530] "GET /ProjectTNL/dispLoanDetIndiv.action HTTP/1.1" 200 1651
127.0.0.1 - - [26/Dec/2020:14:28:14 +0530] "GET /ProjectTNL/hibernate-configuration-3.0.dtd HTTP/1.1" 200 2737
0:0:0:0:0:0:0:1 - - [26/Dec/2020:14:28:21 +0530] "POST /ProjectTNL/dispLoanDetByLoanAccno.action HTTP/1.1" 200 52383
127.0.0.1 - - [26/Dec/2020:15:00:26 +0530] "GET / HTTP/1.1" 404 751
127.0.0.1 - - [26/Dec/2020:15:00:27 +0530] "GET /ProjectTNL/tiles-config_3_0.dtd HTTP/1.1" 200 10864
0:0:0:0:0:0:0:1 - - [26/Dec/2020:15:00:28 +0530] "GET /ProjectTNL/ HTTP/1.1" 200 1700
0:0:0:0:0:0:0:1 - - [26/Dec/2020:15:00:32 +0530] "GET /ProjectTNL/ HTTP/1.1" 200 1744
0:0:0:0:0:0:0:1 - - [26/Dec/2020:15:00:33 +0530] "GET /favicon.ico HTTP/1.1" 404 762
0:0:0:0:0:0:0:1 - - [26/Dec/2020:15:00:38 +0530] "POST /ProjectTNL/authlogin.action;jsessionid=AE6DF5A4D8A21200862FFE59AFE9D83C HTTP/1.1" 200 1896
0:0:0:0:0:0:0:1 - - [26/Dec/2020:15:00:41 +0530] "GET /ProjectTNL/dispLoanDetIndiv.action HTTP/1.1" 200 1651
127.0.0.1 - - [26/Dec/2020:15:00:45 +0530] "GET /ProjectTNL/hibernate-configuration-3.0.dtd HTTP/1.1" 200 2737
0:0:0:0:0:0:0:1 - - [26/Dec/2020:15:00:53 +0530] "POST /ProjectTNL/dispLoanDetByLoanAccno.action HTTP/1.1" 200 52211
127.0.0.1 - - [26/Dec/2020:16:23:36 +0530] "GET / HTTP/1.1" 404 751
127.0.0.1 - - [26/Dec/2020:16:23:38 +0530] "GET /ProjectTNL/tiles-config_3_0.dtd HTTP/1.1" 200 10864
0:0:0:0:0:0:0:1 - - [26/Dec/2020:16:23:39 +0530] "GET /ProjectTNL/ HTTP/1.1" 200 1744
0:0:0:0:0:0:0:1 - - [26/Dec/2020:16:23:54 +0530] "POST /ProjectTNL/authlogin.action;jsessionid=5F607F8CCB52137F01AD24A5342BBE36 HTTP/1.1" 200 1896
127.0.0.1 - - [26/Dec/2020:16:24:01 +0530] "GET /ProjectTNL/hibernate-configuration-3.0.dtd HTTP/1.1" 200 2737
127.0.0.1 - - [26/Dec/2020:16:24:05 +0530] "GET /ProjectTNL/hibernate-configuration-3.0.dtd HTTP/1.1" 200 2737
0:0:0:0:0:0:0:1 - - [26/Dec/2020:16:24:07 +0530] "GET /ProjectTNL/dispMemForm.action HTTP/1.1" 200 14408
127.0.0.1 - - [26/Dec/2020:16:24:07 +0530] "GET /ProjectTNL/hibernate-configuration-3.0.dtd HTTP/1.1" 200 2737
127.0.0.1 - - [26/Dec/2020:16:24:08 +0530] "GET /ProjectTNL/hibernate-configuration-3.0.dtd HTTP/1.1" 200 2737
0:0:0:0:0:0:0:1 - - [26/Dec/2020:16:24:09 +0530] "GET /ProjectTNL/dispMemForm.action HTTP/1.1" 200 14408
127.0.0.1 - - [26/Dec/2020:16:25:14 +0530] "GET /ProjectTNL/hibernate-configuration-3.0.dtd HTTP/1.1" 200 2737
127.0.0.1 - - [26/Dec/2020:16:25:15 +0530] "GET /ProjectTNL/hibernate-configuration-3.0.dtd HTTP/1.1" 200 2737
0:0:0:0:0:0:0:1 - - [26/Dec/2020:16:25:16 +0530] "POST /ProjectTNL/addMemDet.action HTTP/1.1" 200 14462
127.0.0.1 - - [26/Dec/2020:16:25:16 +0530] "GET /ProjectTNL/hibernate-configuration-3.0.dtd HTTP/1.1" 200 2737
127.0.0.1 - - [26/Dec/2020:16:25:17 +0530] "GET /ProjectTNL/hibernate-configuration-3.0.dtd HTTP/1.1" 200 2737
0:0:0:0:0:0:0:1 - - [26/Dec/2020:16:25:18 +0530] "GET /ProjectTNL/addMemDet.action HTTP/1.1" 200 14408
127.0.0.1 - - [26/Dec/2020:16:28:55 +0530] "GET / HTTP/1.1" 404 751
127.0.0.1 - - [26/Dec/2020:16:28:55 +0530] "GET /ProjectTNL/hibernate-configuration-3.0.dtd HTTP/1.1" 200 2737
127.0.0.1 - - [26/Dec/2020:16:28:55 +0530] "GET /ProjectTNL/hibernate-configuration-3.0.dtd HTTP/1.1" 200 2737
127.0.0.1 - - [26/Dec/2020:16:28:55 +0530] "GET /ProjectTNL/hibernate-configuration-3.0.dtd HTTP/1.1" 200 2737
127.0.0.1 - - [26/Dec/2020:16:28:56 +0530] "GET /ProjectTNL/tiles-config_3_0.dtd HTTP/1.1" 200 10864
0:0:0:0:0:0:0:1 - - [26/Dec/2020:16:28:57 +0530] "GET /ProjectTNL/ HTTP/1.1" 200 1700
0:0:0:0:0:0:0:1 - - [26/Dec/2020:16:29:07 +0530] "GET /ProjectTNL/ HTTP/1.1" 200 1700
0:0:0:0:0:0:0:1 - - [26/Dec/2020:16:29:15 +0530] "POST /ProjectTNL/authlogin.action HTTP/1.1" 200 1896
127.0.0.1 - - [26/Dec/2020:16:29:18 +0530] "GET /ProjectTNL/hibernate-configuration-3.0.dtd HTTP/1.1" 200 2737
127.0.0.1 - - [26/Dec/2020:16:29:22 +0530] "GET /ProjectTNL/hibernate-configuration-3.0.dtd HTTP/1.1" 200 2737
0:0:0:0:0:0:0:1 - - [26/Dec/2020:16:29:23 +0530] "GET /ProjectTNL/dispMemForm.action HTTP/1.1" 200 14408
127.0.0.1 - - [26/Dec/2020:16:29:23 +0530] "GET /ProjectTNL/hibernate-configuration-3.0.dtd HTTP/1.1" 200 2737
127.0.0.1 - - [26/Dec/2020:16:29:24 +0530] "GET /ProjectTNL/hibernate-configuration-3.0.dtd HTTP/1.1" 200 2737
0:0:0:0:0:0:0:1 - - [26/Dec/2020:16:29:25 +0530] "GET /ProjectTNL/dispMemForm.action HTTP/1.1" 200 14408
127.0.0.1 - - [26/Dec/2020:16:30:20 +0530] "GET /ProjectTNL/hibernate-configuration-3.0.dtd HTTP/1.1" 200 2737
127.0.0.1 - - [26/Dec/2020:16:30:20 +0530] "GET /ProjectTNL/hibernate-configuration-3.0.dtd HTTP/1.1" 200 2737
127.0.0.1 - - [26/Dec/2020:16:30:21 +0530] "GET /ProjectTNL/hibernate-configuration-3.0.dtd HTTP/1.1" 200 2737
0:0:0:0:0:0:0:1 - - [26/Dec/2020:16:30:22 +0530] "POST /ProjectTNL/addMemDet.action HTTP/1.1" 200 14462
127.0.0.1 - - [26/Dec/2020:16:30:22 +0530] "GET /ProjectTNL/hibernate-configuration-3.0.dtd HTTP/1.1" 200 2737
127.0.0.1 - - [26/Dec/2020:16:30:23 +0530] "GET /ProjectTNL/hibernate-configuration-3.0.dtd HTTP/1.1" 200 2737
0:0:0:0:0:0:0:1 - - [26/Dec/2020:16:30:24 +0530] "GET /ProjectTNL/addMemDet.action HTTP/1.1" 200 14408
0:0:0:0:0:0:0:1 - - [26/Dec/2020:16:34:39 +0530] "GET /ProjectTNL/ HTTP/1.1" 200 1700
0:0:0:0:0:0:0:1 - - [26/Dec/2020:16:34:48 +0530] "POST /ProjectTNL/authlogin.action HTTP/1.1" 200 1896
127.0.0.1 - - [26/Dec/2020:16:34:52 +0530] "GET /ProjectTNL/hibernate-configuration-3.0.dtd HTTP/1.1" 200 2737
127.0.0.1 - - [26/Dec/2020:16:34:53 +0530] "GET /ProjectTNL/hibernate-configuration-3.0.dtd HTTP/1.1" 200 2737
0:0:0:0:0:0:0:1 - - [26/Dec/2020:16:34:54 +0530] "GET /ProjectTNL/dispMemForm.action HTTP/1.1" 200 14408
127.0.0.1 - - [26/Dec/2020:16:34:54 +0530] "GET /ProjectTNL/hibernate-configuration-3.0.dtd HTTP/1.1" 200 2737
127.0.0.1 - - [26/Dec/2020:16:34:55 +0530] "GET /ProjectTNL/hibernate-configuration-3.0.dtd HTTP/1.1" 200 2737
0:0:0:0:0:0:0:1 - - [26/Dec/2020:16:34:56 +0530] "GET /ProjectTNL/dispMemForm.action HTTP/1.1" 200 14408
127.0.0.1 - - [26/Dec/2020:16:36:09 +0530] "GET /ProjectTNL/hibernate-configuration-3.0.dtd HTTP/1.1" 200 2737
127.0.0.1 - - [26/Dec/2020:16:36:10 +0530] "GET /ProjectTNL/hibernate-configuration-3.0.dtd HTTP/1.1" 200 2737
127.0.0.1 - - [26/Dec/2020:16:36:11 +0530] "GET /ProjectTNL/hibernate-configuration-3.0.dtd HTTP/1.1" 200 2737
0:0:0:0:0:0:0:1 - - [26/Dec/2020:16:36:12 +0530] "POST /ProjectTNL/addMemDet.action HTTP/1.1" 200 15819
127.0.0.1 - - [26/Dec/2020:16:36:12 +0530] "GET /ProjectTNL/hibernate-configuration-3.0.dtd HTTP/1.1" 200 2737
127.0.0.1 - - [26/Dec/2020:16:36:13 +0530] "GET /ProjectTNL/hibernate-configuration-3.0.dtd HTTP/1.1" 200 2737
0:0:0:0:0:0:0:1 - - [26/Dec/2020:16:36:14 +0530] "GET /ProjectTNL/addMemDet.action HTTP/1.1" 200 15765
0:0:0:0:0:0:0:1 - - [26/Dec/2020:16:37:21 +0530] "GET /ProjectTNL/homePage HTTP/1.1" 200 1896
127.0.0.1 - - [26/Dec/2020:16:37:25 +0530] "GET /ProjectTNL/hibernate-configuration-3.0.dtd HTTP/1.1" 200 2737
127.0.0.1 - - [26/Dec/2020:16:37:25 +0530] "GET /ProjectTNL/hibernate-configuration-3.0.dtd HTTP/1.1" 200 2737
0:0:0:0:0:0:0:1 - - [26/Dec/2020:16:37:26 +0530] "GET /ProjectTNL/dispMemForm.action HTTP/1.1" 200 15765
127.0.0.1 - - [26/Dec/2020:16:37:26 +0530] "GET /ProjectTNL/hibernate-configuration-3.0.dtd HTTP/1.1" 200 2737
127.0.0.1 - - [26/Dec/2020:16:37:27 +0530] "GET /ProjectTNL/hibernate-configuration-3.0.dtd HTTP/1.1" 200 2737
0:0:0:0:0:0:0:1 - - [26/Dec/2020:16:37:28 +0530] "GET /ProjectTNL/dispMemForm.action HTTP/1.1" 200 15765
0:0:0:0:0:0:0:1 - - [26/Dec/2020:16:37:47 +0530] "GET /ProjectTNL/homePage HTTP/1.1" 200 1896
127.0.0.1 - - [26/Dec/2020:16:37:50 +0530] "GET /ProjectTNL/hibernate-configuration-3.0.dtd HTTP/1.1" 200 2737
0:0:0:0:0:0:0:1 - - [26/Dec/2020:16:37:51 +0530] "GET /ProjectTNL/dispMemDetIndiv.action HTTP/1.1" 200 1639
127.0.0.1 - - [26/Dec/2020:16:37:57 +0530] "GET /ProjectTNL/hibernate-configuration-3.0.dtd HTTP/1.1" 200 2737
127.0.0.1 - - [26/Dec/2020:16:37:58 +0530] "GET /ProjectTNL/hibernate-configuration-3.0.dtd HTTP/1.1" 200 2737
0:0:0:0:0:0:0:1 - - [26/Dec/2020:16:38:00 +0530] "POST /ProjectTNL/dispMemberDetByMemNo.action HTTP/1.1" 200 643363
127.0.0.1 - - [26/Dec/2020:18:23:17 +0530] "GET / HTTP/1.1" 404 751
127.0.0.1 - - [26/Dec/2020:18:23:19 +0530] "GET /ProjectTNL/tiles-config_3_0.dtd HTTP/1.1" 200 10864
0:0:0:0:0:0:0:1 - - [26/Dec/2020:18:23:20 +0530] "GET /ProjectTNL/ HTTP/1.1" 200 1744
0:0:0:0:0:0:0:1 - - [26/Dec/2020:18:23:38 +0530] "POST /ProjectTNL/authlogin.action;jsessionid=4F723BCD469E6BAC05CEC9574DB3C312 HTTP/1.1" 200 1896
127.0.0.1 - - [26/Dec/2020:18:23:42 +0530] "GET /ProjectTNL/hibernate-configuration-3.0.dtd HTTP/1.1" 200 2737
127.0.0.1 - - [26/Dec/2020:18:23:46 +0530] "GET /ProjectTNL/hibernate-configuration-3.0.dtd HTTP/1.1" 200 2737
0:0:0:0:0:0:0:1 - - [26/Dec/2020:18:23:48 +0530] "GET /ProjectTNL/dispMemForm.action HTTP/1.1" 200 15765
127.0.0.1 - - [26/Dec/2020:18:23:48 +0530] "GET /ProjectTNL/hibernate-configuration-3.0.dtd HTTP/1.1" 200 2737
127.0.0.1 - - [26/Dec/2020:18:23:49 +0530] "GET /ProjectTNL/hibernate-configuration-3.0.dtd HTTP/1.1" 200 2737
0:0:0:0:0:0:0:1 - - [26/Dec/2020:18:23:50 +0530] "GET /ProjectTNL/dispMemForm.action HTTP/1.1" 200 15765
127.0.0.1 - - [26/Dec/2020:18:24:15 +0530] "GET /ProjectTNL/hibernate-configuration-3.0.dtd HTTP/1.1" 200 2737
127.0.0.1 - - [26/Dec/2020:18:24:15 +0530] "GET /ProjectTNL/hibernate-configuration-3.0.dtd HTTP/1.1" 200 2737
0:0:0:0:0:0:0:1 - - [26/Dec/2020:18:24:17 +0530] "POST /ProjectTNL/addMemDet.action HTTP/1.1" 200 15819
127.0.0.1 - - [26/Dec/2020:18:24:17 +0530] "GET /ProjectTNL/hibernate-configuration-3.0.dtd HTTP/1.1" 200 2737
127.0.0.1 - - [26/Dec/2020:18:24:17 +0530] "GET /ProjectTNL/hibernate-configuration-3.0.dtd HTTP/1.1" 200 2737
0:0:0:0:0:0:0:1 - - [26/Dec/2020:18:24:19 +0530] "GET /ProjectTNL/addMemDet.action HTTP/1.1" 200 15765
127.0.0.1 - - [26/Dec/2020:18:27:17 +0530] "GET / HTTP/1.1" 404 751
127.0.0.1 - - [26/Dec/2020:18:27:18 +0530] "GET /ProjectTNL/tiles-config_3_0.dtd HTTP/1.1" 200 10864
0:0:0:0:0:0:0:1 - - [26/Dec/2020:18:27:19 +0530] "GET /ProjectTNL/ HTTP/1.1" 200 1700
0:0:0:0:0:0:0:1 - - [26/Dec/2020:18:27:33 +0530] "POST /ProjectTNL/authlogin.action HTTP/1.1" 200 1896
127.0.0.1 - - [26/Dec/2020:18:27:41 +0530] "GET /ProjectTNL/hibernate-configuration-3.0.dtd HTTP/1.1" 200 2737
127.0.0.1 - - [26/Dec/2020:18:27:45 +0530] "GET /ProjectTNL/hibernate-configuration-3.0.dtd HTTP/1.1" 200 2737
0:0:0:0:0:0:0:1 - - [26/Dec/2020:18:27:46 +0530] "GET /ProjectTNL/dispMemForm.action HTTP/1.1" 200 15765
127.0.0.1 - - [26/Dec/2020:18:27:46 +0530] "GET /ProjectTNL/hibernate-configuration-3.0.dtd HTTP/1.1" 200 2737
127.0.0.1 - - [26/Dec/2020:18:27:47 +0530] "GET /ProjectTNL/hibernate-configuration-3.0.dtd HTTP/1.1" 200 2737
0:0:0:0:0:0:0:1 - - [26/Dec/2020:18:27:49 +0530] "GET /ProjectTNL/dispMemForm.action HTTP/1.1" 200 15765
127.0.0.1 - - [26/Dec/2020:18:28:27 +0530] "GET /ProjectTNL/hibernate-configuration-3.0.dtd HTTP/1.1" 200 2737
127.0.0.1 - - [26/Dec/2020:18:28:27 +0530] "GET /ProjectTNL/hibernate-configuration-3.0.dtd HTTP/1.1" 200 2737
127.0.0.1 - - [26/Dec/2020:18:28:28 +0530] "GET /ProjectTNL/hibernate-configuration-3.0.dtd HTTP/1.1" 200 2737
0:0:0:0:0:0:0:1 - - [26/Dec/2020:18:28:29 +0530] "POST /ProjectTNL/addMemDet.action HTTP/1.1" 200 15819
127.0.0.1 - - [26/Dec/2020:18:28:29 +0530] "GET /ProjectTNL/hibernate-configuration-3.0.dtd HTTP/1.1" 200 2737
127.0.0.1 - - [26/Dec/2020:18:28:30 +0530] "GET /ProjectTNL/hibernate-configuration-3.0.dtd HTTP/1.1" 200 2737
0:0:0:0:0:0:0:1 - - [26/Dec/2020:18:28:31 +0530] "GET /ProjectTNL/addMemDet.action HTTP/1.1" 200 15765
127.0.0.1 - - [26/Dec/2020:18:35:22 +0530] "GET / HTTP/1.1" 404 751
127.0.0.1 - - [26/Dec/2020:18:35:23 +0530] "GET /ProjectTNL/tiles-config_3_0.dtd HTTP/1.1" 200 10864
0:0:0:0:0:0:0:1 - - [26/Dec/2020:18:35:24 +0530] "GET /ProjectTNL/ HTTP/1.1" 200 1700
0:0:0:0:0:0:0:1 - - [26/Dec/2020:18:35:32 +0530] "POST /ProjectTNL/authlogin.action HTTP/1.1" 200 1896
127.0.0.1 - - [26/Dec/2020:18:35:37 +0530] "GET /ProjectTNL/hibernate-configuration-3.0.dtd HTTP/1.1" 200 2737
127.0.0.1 - - [26/Dec/2020:18:35:42 +0530] "GET /ProjectTNL/hibernate-configuration-3.0.dtd HTTP/1.1" 200 2737
127.0.0.1 - - [26/Dec/2020:18:35:42 +0530] "GET /ProjectTNL/hibernate-configuration-3.0.dtd HTTP/1.1" 200 2737
127.0.0.1 - - [26/Dec/2020:18:35:44 +0530] "GET /ProjectTNL/hibernate-configuration-3.0.dtd HTTP/1.1" 200 2737
0:0:0:0:0:0:0:1 - - [26/Dec/2020:18:35:44 +0530] "GET /ProjectTNL/dispMemForm.action HTTP/1.1" 200 6
0:0:0:0:0:0:0:1 - - [26/Dec/2020:18:35:47 +0530] "GET /ProjectTNL/dispMemForm.action HTTP/1.1" 200 15765
127.0.0.1 - - [26/Dec/2020:18:35:47 +0530] "GET /ProjectTNL/hibernate-configuration-3.0.dtd HTTP/1.1" 200 2737
127.0.0.1 - - [26/Dec/2020:18:35:48 +0530] "GET /ProjectTNL/hibernate-configuration-3.0.dtd HTTP/1.1" 200 2737
0:0:0:0:0:0:0:1 - - [26/Dec/2020:18:35:50 +0530] "GET /ProjectTNL/dispMemForm.action HTTP/1.1" 200 15765
127.0.0.1 - - [26/Dec/2020:18:36:57 +0530] "GET /ProjectTNL/hibernate-configuration-3.0.dtd HTTP/1.1" 200 2737
127.0.0.1 - - [26/Dec/2020:18:36:57 +0530] "GET /ProjectTNL/hibernate-configuration-3.0.dtd HTTP/1.1" 200 2737
127.0.0.1 - - [26/Dec/2020:18:36:58 +0530] "GET /ProjectTNL/hibernate-configuration-3.0.dtd HTTP/1.1" 200 2737
0:0:0:0:0:0:0:1 - - [26/Dec/2020:18:37:00 +0530] "POST /ProjectTNL/addMemDet.action HTTP/1.1" 200 17183
127.0.0.1 - - [26/Dec/2020:18:37:00 +0530] "GET /ProjectTNL/hibernate-configuration-3.0.dtd HTTP/1.1" 200 2737
127.0.0.1 - - [26/Dec/2020:18:37:01 +0530] "GET /ProjectTNL/hibernate-configuration-3.0.dtd HTTP/1.1" 200 2737
0:0:0:0:0:0:0:1 - - [26/Dec/2020:18:37:02 +0530] "GET /ProjectTNL/addMemDet.action HTTP/1.1" 200 17129
127.0.0.1 - - [26/Dec/2020:18:41:14 +0530] "GET / HTTP/1.1" 404 751
127.0.0.1 - - [26/Dec/2020:18:41:15 +0530] "GET /ProjectTNL/tiles-config_3_0.dtd HTTP/1.1" 200 10864
0:0:0:0:0:0:0:1 - - [26/Dec/2020:18:41:16 +0530] "GET /ProjectTNL/ HTTP/1.1" 200 1700
0:0:0:0:0:0:0:1 - - [26/Dec/2020:18:41:25 +0530] "POST /ProjectTNL/authlogin.action HTTP/1.1" 200 1896
127.0.0.1 - - [26/Dec/2020:18:41:28 +0530] "GET /ProjectTNL/hibernate-configuration-3.0.dtd HTTP/1.1" 200 2737
127.0.0.1 - - [26/Dec/2020:18:41:32 +0530] "GET /ProjectTNL/hibernate-configuration-3.0.dtd HTTP/1.1" 200 2737
127.0.0.1 - - [26/Dec/2020:18:41:36 +0530] "GET /ProjectTNL/hibernate-configuration-3.0.dtd HTTP/1.1" 200 2737
0:0:0:0:0:0:0:1 - - [26/Dec/2020:18:41:36 +0530] "GET /ProjectTNL/dispMemForm.action HTTP/1.1" 200 6
127.0.0.1 - - [26/Dec/2020:18:41:37 +0530] "GET /ProjectTNL/hibernate-configuration-3.0.dtd HTTP/1.1" 200 2737
0:0:0:0:0:0:0:1 - - [26/Dec/2020:18:41:38 +0530] "GET /ProjectTNL/dispMemForm.action HTTP/1.1" 200 17129
127.0.0.1 - - [26/Dec/2020:18:41:38 +0530] "GET /ProjectTNL/hibernate-configuration-3.0.dtd HTTP/1.1" 200 2737
127.0.0.1 - - [26/Dec/2020:18:41:39 +0530] "GET /ProjectTNL/hibernate-configuration-3.0.dtd HTTP/1.1" 200 2737
0:0:0:0:0:0:0:1 - - [26/Dec/2020:18:41:41 +0530] "GET /ProjectTNL/dispMemForm.action HTTP/1.1" 200 17129
0:0:0:0:0:0:0:1 - - [26/Dec/2020:18:43:14 +0530] "GET /ProjectTNL/ HTTP/1.1" 200 1700
0:0:0:0:0:0:0:1 - - [26/Dec/2020:18:43:24 +0530] "POST /ProjectTNL/authlogin.action HTTP/1.1" 200 1896
127.0.0.1 - - [26/Dec/2020:18:43:28 +0530] "GET /ProjectTNL/hibernate-configuration-3.0.dtd HTTP/1.1" 200 2737
127.0.0.1 - - [26/Dec/2020:18:43:29 +0530] "GET /ProjectTNL/hibernate-configuration-3.0.dtd HTTP/1.1" 200 2737
0:0:0:0:0:0:0:1 - - [26/Dec/2020:18:43:30 +0530] "GET /ProjectTNL/dispMemForm.action HTTP/1.1" 200 17129
127.0.0.1 - - [26/Dec/2020:18:43:30 +0530] "GET /ProjectTNL/hibernate-configuration-3.0.dtd HTTP/1.1" 200 2737
127.0.0.1 - - [26/Dec/2020:18:43:31 +0530] "GET /ProjectTNL/hibernate-configuration-3.0.dtd HTTP/1.1" 200 2737
0:0:0:0:0:0:0:1 - - [26/Dec/2020:18:43:32 +0530] "GET /ProjectTNL/dispMemForm.action HTTP/1.1" 200 17129
127.0.0.1 - - [26/Dec/2020:18:47:10 +0530] "GET /ProjectTNL/hibernate-configuration-3.0.dtd HTTP/1.1" 200 2737
127.0.0.1 - - [26/Dec/2020:18:47:11 +0530] "GET /ProjectTNL/hibernate-configuration-3.0.dtd HTTP/1.1" 200 2737
0:0:0:0:0:0:0:1 - - [26/Dec/2020:18:47:12 +0530] "GET /ProjectTNL/dispMemForm.action HTTP/1.1" 200 17129
0:0:0:0:0:0:0:1 - - [26/Dec/2020:18:47:12 +0530] "GET /ProjectTNL/css/style_mem.css HTTP/1.1" 200 6825
127.0.0.1 - - [26/Dec/2020:18:47:12 +0530] "GET /ProjectTNL/hibernate-configuration-3.0.dtd HTTP/1.1" 200 2737
0:0:0:0:0:0:0:1 - - [26/Dec/2020:18:47:12 +0530] "GET /ProjectTNL/js/member.js HTTP/1.1" 200 1618
127.0.0.1 - - [26/Dec/2020:18:47:12 +0530] "GET /ProjectTNL/hibernate-configuration-3.0.dtd HTTP/1.1" 200 2737
127.0.0.1 - - [26/Dec/2020:18:47:13 +0530] "GET /ProjectTNL/hibernate-configuration-3.0.dtd HTTP/1.1" 200 2737
127.0.0.1 - - [26/Dec/2020:18:47:13 +0530] "GET /ProjectTNL/hibernate-configuration-3.0.dtd HTTP/1.1" 200 2737
0:0:0:0:0:0:0:1 - - [26/Dec/2020:18:47:15 +0530] "GET /ProjectTNL/dispMemForm.action HTTP/1.1" 200 6
0:0:0:0:0:0:0:1 - - [26/Dec/2020:18:47:16 +0530] "GET /ProjectTNL/dispMemForm.action HTTP/1.1" 200 17129
0:0:0:0:0:0:0:1 - - [26/Dec/2020:18:47:16 +0530] "GET /ProjectTNL/css/style_mem.css HTTP/1.1" 304 -
0:0:0:0:0:0:0:1 - - [26/Dec/2020:18:47:16 +0530] "GET /ProjectTNL/js/member.js HTTP/1.1" 304 -
127.0.0.1 - - [26/Dec/2020:18:47:16 +0530] "GET /ProjectTNL/hibernate-configuration-3.0.dtd HTTP/1.1" 200 2737
127.0.0.1 - - [26/Dec/2020:18:47:16 +0530] "GET /ProjectTNL/hibernate-configuration-3.0.dtd HTTP/1.1" 200 2737
0:0:0:0:0:0:0:1 - - [26/Dec/2020:18:47:17 +0530] "GET /ProjectTNL/dispMemForm.action HTTP/1.1" 200 17129
0:0:0:0:0:0:0:1 - - [26/Dec/2020:18:47:37 +0530] "GET /ProjectTNL/ HTTP/1.1" 200 1700
0:0:0:0:0:0:0:1 - - [26/Dec/2020:18:47:48 +0530] "POST /ProjectTNL/authlogin.action HTTP/1.1" 200 1896
127.0.0.1 - - [26/Dec/2020:18:47:51 +0530] "GET /ProjectTNL/hibernate-configuration-3.0.dtd HTTP/1.1" 200 2737
127.0.0.1 - - [26/Dec/2020:18:47:52 +0530] "GET /ProjectTNL/hibernate-configuration-3.0.dtd HTTP/1.1" 200 2737
0:0:0:0:0:0:0:1 - - [26/Dec/2020:18:47:53 +0530] "GET /ProjectTNL/dispMemForm.action HTTP/1.1" 200 17129
127.0.0.1 - - [26/Dec/2020:18:47:53 +0530] "GET /ProjectTNL/hibernate-configuration-3.0.dtd HTTP/1.1" 200 2737
127.0.0.1 - - [26/Dec/2020:18:47:54 +0530] "GET /ProjectTNL/hibernate-configuration-3.0.dtd HTTP/1.1" 200 2737
0:0:0:0:0:0:0:1 - - [26/Dec/2020:18:47:55 +0530] "GET /ProjectTNL/dispMemForm.action HTTP/1.1" 200 17129
127.0.0.1 - - [26/Dec/2020:18:48:23 +0530] "GET /ProjectTNL/hibernate-configuration-3.0.dtd HTTP/1.1" 200 2737
127.0.0.1 - - [26/Dec/2020:18:48:23 +0530] "GET /ProjectTNL/hibernate-configuration-3.0.dtd HTTP/1.1" 200 2737
127.0.0.1 - - [26/Dec/2020:18:48:24 +0530] "GET /ProjectTNL/hibernate-configuration-3.0.dtd HTTP/1.1" 200 2737
0:0:0:0:0:0:0:1 - - [26/Dec/2020:18:48:25 +0530] "POST /ProjectTNL/addMemDet.action HTTP/1.1" 200 17183
127.0.0.1 - - [26/Dec/2020:18:48:25 +0530] "GET /ProjectTNL/hibernate-configuration-3.0.dtd HTTP/1.1" 200 2737
127.0.0.1 - - [26/Dec/2020:18:48:26 +0530] "GET /ProjectTNL/hibernate-configuration-3.0.dtd HTTP/1.1" 200 2737
0:0:0:0:0:0:0:1 - - [26/Dec/2020:18:48:27 +0530] "GET /ProjectTNL/addMemDet.action HTTP/1.1" 200 17129
127.0.0.1 - - [26/Dec/2020:19:48:03 +0530] "GET / HTTP/1.1" 404 751
127.0.0.1 - - [26/Dec/2020:19:48:04 +0530] "GET /ProjectTNL/tiles-config_3_0.dtd HTTP/1.1" 200 10864
0:0:0:0:0:0:0:1 - - [26/Dec/2020:19:48:05 +0530] "GET /ProjectTNL/ HTTP/1.1" 200 1744
0:0:0:0:0:0:0:1 - - [26/Dec/2020:19:49:34 +0530] "POST /ProjectTNL/authlogin.action;jsessionid=49F49DAE3F0040A436066EA6A96380F4 HTTP/1.1" 200 1896
127.0.0.1 - - [26/Dec/2020:19:49:37 +0530] "GET /ProjectTNL/hibernate-configuration-3.0.dtd HTTP/1.1" 200 2737
