127.0.0.1 - - [19/Nov/2020:07:46:46 +0530] "GET / HTTP/1.1" 404 751
127.0.0.1 - - [19/Nov/2020:07:46:49 +0530] "GET /ProjectTNL/tiles-config_3_0.dtd HTTP/1.1" 200 10864
0:0:0:0:0:0:0:1 - - [19/Nov/2020:07:46:51 +0530] "GET /ProjectTNL/ HTTP/1.1" 200 1744
0:0:0:0:0:0:0:1 - - [19/Nov/2020:07:47:03 +0530] "POST /ProjectTNL/authlogin.action;jsessionid=F1D35A80DE801295ED967F1F64EAF8CB HTTP/1.1" 200 1896
127.0.0.1 - - [19/Nov/2020:07:47:08 +0530] "GET /ProjectTNL/hibernate-configuration-3.0.dtd HTTP/1.1" 200 2737
127.0.0.1 - - [19/Nov/2020:07:47:14 +0530] "GET /ProjectTNL/hibernate-configuration-3.0.dtd HTTP/1.1" 200 2737
127.0.0.1 - - [19/Nov/2020:07:47:16 +0530] "GET /ProjectTNL/hibernate-configuration-3.0.dtd HTTP/1.1" 200 2737
0:0:0:0:0:0:0:1 - - [19/Nov/2020:07:47:17 +0530] "GET /ProjectTNL/dispLoanForm.action HTTP/1.1" 200 14167
127.0.0.1 - - [19/Nov/2020:07:47:17 +0530] "GET /ProjectTNL/hibernate-configuration-3.0.dtd HTTP/1.1" 200 2737
127.0.0.1 - - [19/Nov/2020:07:47:18 +0530] "GET /ProjectTNL/hibernate-configuration-3.0.dtd HTTP/1.1" 200 2737
127.0.0.1 - - [19/Nov/2020:07:47:19 +0530] "GET /ProjectTNL/hibernate-configuration-3.0.dtd HTTP/1.1" 200 2737
0:0:0:0:0:0:0:1 - - [19/Nov/2020:07:47:19 +0530] "GET /ProjectTNL/dispLoanForm.action HTTP/1.1" 200 14167
0:0:0:0:0:0:0:1 - - [19/Nov/2020:07:47:35 +0530] "GET /ProjectTNL/homePage HTTP/1.1" 200 1896
127.0.0.1 - - [19/Nov/2020:07:47:38 +0530] "GET /ProjectTNL/hibernate-configuration-3.0.dtd HTTP/1.1" 200 2737
0:0:0:0:0:0:0:1 - - [19/Nov/2020:07:47:39 +0530] "GET /ProjectTNL/dispMemDetIndiv.action HTTP/1.1" 200 12531
0:0:0:0:0:0:0:1 - - [19/Nov/2020:07:47:50 +0530] "GET /ProjectTNL/homePage HTTP/1.1" 200 1896
0:0:0:0:0:0:0:1 - - [19/Nov/2020:07:47:55 +0530] "GET /ProjectTNL/dispLoanDetIndiv.action HTTP/1.1" 200 12256
127.0.0.1 - - [19/Nov/2020:07:48:06 +0530] "GET /ProjectTNL/hibernate-configuration-3.0.dtd HTTP/1.1" 200 2737
0:0:0:0:0:0:0:1 - - [19/Nov/2020:07:48:07 +0530] "POST /ProjectTNL/dispLoanDetByLoanAccno.action HTTP/1.1" 200 12256
127.0.0.1 - - [19/Nov/2020:07:58:09 +0530] "GET / HTTP/1.1" 404 751
127.0.0.1 - - [19/Nov/2020:07:58:10 +0530] "GET /ProjectTNL/tiles-config_3_0.dtd HTTP/1.1" 200 10864
0:0:0:0:0:0:0:1 - - [19/Nov/2020:07:58:12 +0530] "GET /ProjectTNL/ HTTP/1.1" 200 1700
0:0:0:0:0:0:0:1 - - [19/Nov/2020:07:58:22 +0530] "POST /ProjectTNL/authlogin.action HTTP/1.1" 200 1896
0:0:0:0:0:0:0:1 - - [19/Nov/2020:07:58:35 +0530] "GET /ProjectTNL/dispLoanDetIndiv.action HTTP/1.1" 200 12256
127.0.0.1 - - [19/Nov/2020:07:58:56 +0530] "GET /ProjectTNL/hibernate-configuration-3.0.dtd HTTP/1.1" 200 2737
0:0:0:0:0:0:0:1 - - [19/Nov/2020:07:59:00 +0530] "POST /ProjectTNL/dispLoanDetByLoanAccno.action HTTP/1.1" 200 12256
127.0.0.1 - - [19/Nov/2020:08:08:15 +0530] "GET / HTTP/1.1" 404 751
127.0.0.1 - - [19/Nov/2020:08:08:17 +0530] "GET /ProjectTNL/tiles-config_3_0.dtd HTTP/1.1" 200 10864
0:0:0:0:0:0:0:1 - - [19/Nov/2020:08:08:18 +0530] "GET /ProjectTNL/ HTTP/1.1" 200 1700
0:0:0:0:0:0:0:1 - - [19/Nov/2020:08:08:26 +0530] "POST /ProjectTNL/authlogin.action HTTP/1.1" 200 1896
0:0:0:0:0:0:0:1 - - [19/Nov/2020:08:08:35 +0530] "GET /ProjectTNL/dispLoanDetIndiv.action HTTP/1.1" 200 12256
127.0.0.1 - - [19/Nov/2020:08:08:58 +0530] "GET /ProjectTNL/hibernate-configuration-3.0.dtd HTTP/1.1" 200 2737
0:0:0:0:0:0:0:1 - - [19/Nov/2020:08:09:02 +0530] "POST /ProjectTNL/dispLoanDetByLoanAccno.action HTTP/1.1" 200 12256
127.0.0.1 - - [19/Nov/2020:08:11:13 +0530] "GET /ProjectTNL/hibernate-configuration-3.0.dtd HTTP/1.1" 200 2737
127.0.0.1 - - [19/Nov/2020:08:11:13 +0530] "GET /ProjectTNL/hibernate-configuration-3.0.dtd HTTP/1.1" 200 2737
127.0.0.1 - - [19/Nov/2020:08:11:13 +0530] "GET /ProjectTNL/hibernate-configuration-3.0.dtd HTTP/1.1" 200 2737
127.0.0.1 - - [19/Nov/2020:08:14:45 +0530] "GET / HTTP/1.1" 404 751
127.0.0.1 - - [19/Nov/2020:08:14:46 +0530] "GET /ProjectTNL/tiles-config_3_0.dtd HTTP/1.1" 200 10864
0:0:0:0:0:0:0:1 - - [19/Nov/2020:08:14:47 +0530] "GET /ProjectTNL/ HTTP/1.1" 200 1700
0:0:0:0:0:0:0:1 - - [19/Nov/2020:08:15:08 +0530] "POST /ProjectTNL/authlogin.action HTTP/1.1" 200 1896
127.0.0.1 - - [19/Nov/2020:08:15:15 +0530] "GET /ProjectTNL/hibernate-configuration-3.0.dtd HTTP/1.1" 200 2737
0:0:0:0:0:0:0:1 - - [19/Nov/2020:08:15:19 +0530] "GET /ProjectTNL/dispMemDetIndiv.action HTTP/1.1" 200 12531
127.0.0.1 - - [19/Nov/2020:08:15:28 +0530] "GET /ProjectTNL/hibernate-configuration-3.0.dtd HTTP/1.1" 200 2737
127.0.0.1 - - [19/Nov/2020:08:15:29 +0530] "GET /ProjectTNL/hibernate-configuration-3.0.dtd HTTP/1.1" 200 2737
0:0:0:0:0:0:0:1 - - [19/Nov/2020:08:15:30 +0530] "POST /ProjectTNL/dispMemberDetByMemNo.action HTTP/1.1" 200 12546
127.0.0.1 - - [19/Nov/2020:08:17:34 +0530] "GET /ProjectTNL/hibernate-configuration-3.0.dtd HTTP/1.1" 200 2737
127.0.0.1 - - [19/Nov/2020:08:17:34 +0530] "GET /ProjectTNL/hibernate-configuration-3.0.dtd HTTP/1.1" 200 2737
127.0.0.1 - - [19/Nov/2020:08:17:34 +0530] "GET /ProjectTNL/hibernate-configuration-3.0.dtd HTTP/1.1" 200 2737
127.0.0.1 - - [19/Nov/2020:08:20:24 +0530] "GET / HTTP/1.1" 404 751
127.0.0.1 - - [19/Nov/2020:08:20:25 +0530] "GET /ProjectTNL/tiles-config_3_0.dtd HTTP/1.1" 200 10864
0:0:0:0:0:0:0:1 - - [19/Nov/2020:08:20:26 +0530] "GET /ProjectTNL/ HTTP/1.1" 200 1700
0:0:0:0:0:0:0:1 - - [19/Nov/2020:08:20:34 +0530] "POST /ProjectTNL/authlogin.action HTTP/1.1" 200 1896
127.0.0.1 - - [19/Nov/2020:08:20:41 +0530] "GET /ProjectTNL/tiles-config_3_0.dtd HTTP/1.1" 200 10864
0:0:0:0:0:0:0:1 - - [19/Nov/2020:08:20:42 +0530] "GET /ProjectTNL/dispLoanDetIndiv.action HTTP/1.1" 200 12256
127.0.0.1 - - [19/Nov/2020:08:21:01 +0530] "GET /ProjectTNL/hibernate-configuration-3.0.dtd HTTP/1.1" 200 2737
0:0:0:0:0:0:0:1 - - [19/Nov/2020:08:21:06 +0530] "POST /ProjectTNL/dispLoanDetByLoanAccno.action HTTP/1.1" 200 12256
127.0.0.1 - - [19/Nov/2020:08:49:08 +0530] "GET / HTTP/1.1" 404 751
127.0.0.1 - - [19/Nov/2020:08:49:09 +0530] "GET /ProjectTNL/tiles-config_3_0.dtd HTTP/1.1" 200 10864
0:0:0:0:0:0:0:1 - - [19/Nov/2020:08:49:10 +0530] "GET /ProjectTNL/ HTTP/1.1" 200 1700
0:0:0:0:0:0:0:1 - - [19/Nov/2020:08:49:18 +0530] "POST /ProjectTNL/authlogin.action HTTP/1.1" 200 1896
0:0:0:0:0:0:0:1 - - [19/Nov/2020:08:49:37 +0530] "GET /ProjectTNL/dispLoanDetIndiv.action HTTP/1.1" 200 12256
127.0.0.1 - - [19/Nov/2020:08:49:50 +0530] "GET /ProjectTNL/hibernate-configuration-3.0.dtd HTTP/1.1" 200 2737
0:0:0:0:0:0:0:1 - - [19/Nov/2020:08:49:54 +0530] "POST /ProjectTNL/dispLoanDetByLoanAccno.action HTTP/1.1" 200 12256
127.0.0.1 - - [19/Nov/2020:08:55:02 +0530] "GET / HTTP/1.1" 404 751
127.0.0.1 - - [19/Nov/2020:08:55:03 +0530] "GET /ProjectTNL/tiles-config_3_0.dtd HTTP/1.1" 200 10864
0:0:0:0:0:0:0:1 - - [19/Nov/2020:08:55:04 +0530] "GET /ProjectTNL/ HTTP/1.1" 200 1700
0:0:0:0:0:0:0:1 - - [19/Nov/2020:08:55:12 +0530] "POST /ProjectTNL/authlogin.action HTTP/1.1" 200 1896
0:0:0:0:0:0:0:1 - - [19/Nov/2020:08:55:16 +0530] "GET /ProjectTNL/dispLoanDetIndiv.action HTTP/1.1" 200 12256
127.0.0.1 - - [19/Nov/2020:08:56:03 +0530] "GET /ProjectTNL/hibernate-configuration-3.0.dtd HTTP/1.1" 200 2737
0:0:0:0:0:0:0:1 - - [19/Nov/2020:08:56:07 +0530] "POST /ProjectTNL/dispLoanDetByLoanAccno.action HTTP/1.1" 200 12256
127.0.0.1 - - [19/Nov/2020:08:59:12 +0530] "GET / HTTP/1.1" 404 751
127.0.0.1 - - [19/Nov/2020:08:59:13 +0530] "GET /ProjectTNL/tiles-config_3_0.dtd HTTP/1.1" 200 10864
0:0:0:0:0:0:0:1 - - [19/Nov/2020:08:59:14 +0530] "GET /ProjectTNL/ HTTP/1.1" 200 1700
0:0:0:0:0:0:0:1 - - [19/Nov/2020:08:59:22 +0530] "POST /ProjectTNL/authlogin.action HTTP/1.1" 200 1896
0:0:0:0:0:0:0:1 - - [19/Nov/2020:08:59:25 +0530] "GET /ProjectTNL/dispLoanDetIndiv.action HTTP/1.1" 200 12256
127.0.0.1 - - [19/Nov/2020:08:59:34 +0530] "GET /ProjectTNL/hibernate-configuration-3.0.dtd HTTP/1.1" 200 2737
0:0:0:0:0:0:0:1 - - [19/Nov/2020:08:59:38 +0530] "POST /ProjectTNL/dispLoanDetByLoanAccno.action HTTP/1.1" 500 17153
127.0.0.1 - - [19/Nov/2020:09:00:32 +0530] "GET / HTTP/1.1" 404 751
127.0.0.1 - - [19/Nov/2020:09:00:33 +0530] "GET /ProjectTNL/tiles-config_3_0.dtd HTTP/1.1" 200 10864
0:0:0:0:0:0:0:1 - - [19/Nov/2020:09:00:34 +0530] "GET /ProjectTNL/ HTTP/1.1" 200 1700
0:0:0:0:0:0:0:1 - - [19/Nov/2020:09:00:42 +0530] "POST /ProjectTNL/authlogin.action HTTP/1.1" 200 1896
0:0:0:0:0:0:0:1 - - [19/Nov/2020:09:00:48 +0530] "GET /ProjectTNL/dispLoanDetIndiv.action HTTP/1.1" 200 12256
127.0.0.1 - - [19/Nov/2020:09:01:01 +0530] "GET /ProjectTNL/hibernate-configuration-3.0.dtd HTTP/1.1" 200 2737
0:0:0:0:0:0:0:1 - - [19/Nov/2020:09:01:05 +0530] "POST /ProjectTNL/dispLoanDetByLoanAccno.action HTTP/1.1" 200 12256
127.0.0.1 - - [19/Nov/2020:09:07:27 +0530] "GET / HTTP/1.1" 404 751
127.0.0.1 - - [19/Nov/2020:09:07:28 +0530] "GET /ProjectTNL/tiles-config_3_0.dtd HTTP/1.1" 200 10864
0:0:0:0:0:0:0:1 - - [19/Nov/2020:09:07:29 +0530] "GET /ProjectTNL/ HTTP/1.1" 200 1700
0:0:0:0:0:0:0:1 - - [19/Nov/2020:09:07:37 +0530] "POST /ProjectTNL/authlogin.action HTTP/1.1" 200 1896
0:0:0:0:0:0:0:1 - - [19/Nov/2020:09:07:43 +0530] "GET /ProjectTNL/dispLoanDetIndiv.action HTTP/1.1" 200 12256
127.0.0.1 - - [19/Nov/2020:09:07:58 +0530] "GET /ProjectTNL/hibernate-configuration-3.0.dtd HTTP/1.1" 200 2737
0:0:0:0:0:0:0:1 - - [19/Nov/2020:09:08:03 +0530] "POST /ProjectTNL/dispLoanDetByLoanAccno.action HTTP/1.1" 200 12256
127.0.0.1 - - [19/Nov/2020:09:11:12 +0530] "GET / HTTP/1.1" 404 751
127.0.0.1 - - [19/Nov/2020:09:11:12 +0530] "GET /ProjectTNL/tiles-config_3_0.dtd HTTP/1.1" 200 10864
0:0:0:0:0:0:0:1 - - [19/Nov/2020:09:11:14 +0530] "GET /ProjectTNL/ HTTP/1.1" 200 1700
127.0.0.1 - - [19/Nov/2020:09:11:57 +0530] "GET / HTTP/1.1" 404 751
127.0.0.1 - - [19/Nov/2020:09:11:58 +0530] "GET /ProjectTNL/tiles-config_3_0.dtd HTTP/1.1" 200 10864
0:0:0:0:0:0:0:1 - - [19/Nov/2020:09:11:59 +0530] "GET /ProjectTNL/ HTTP/1.1" 200 1700
0:0:0:0:0:0:0:1 - - [19/Nov/2020:09:12:08 +0530] "POST /ProjectTNL/authlogin.action HTTP/1.1" 200 1896
0:0:0:0:0:0:0:1 - - [19/Nov/2020:09:12:13 +0530] "GET /ProjectTNL/dispLoanDetIndiv.action HTTP/1.1" 200 12256
127.0.0.1 - - [19/Nov/2020:09:12:22 +0530] "GET /ProjectTNL/hibernate-configuration-3.0.dtd HTTP/1.1" 200 2737
0:0:0:0:0:0:0:1 - - [19/Nov/2020:09:12:26 +0530] "POST /ProjectTNL/dispLoanDetByLoanAccno.action HTTP/1.1" 200 12256
127.0.0.1 - - [19/Nov/2020:09:34:38 +0530] "GET / HTTP/1.1" 404 751
127.0.0.1 - - [19/Nov/2020:09:34:39 +0530] "GET /ProjectTNL/tiles-config_3_0.dtd HTTP/1.1" 200 10864
0:0:0:0:0:0:0:1 - - [19/Nov/2020:09:34:40 +0530] "GET /ProjectTNL/ HTTP/1.1" 200 1744
0:0:0:0:0:0:0:1 - - [19/Nov/2020:09:34:49 +0530] "POST /ProjectTNL/authlogin.action;jsessionid=B9EDC4BA327269C9BD1B80C11286D5F8 HTTP/1.1" 200 1896
127.0.0.1 - - [19/Nov/2020:09:34:53 +0530] "GET /ProjectTNL/hibernate-configuration-3.0.dtd HTTP/1.1" 200 2737
127.0.0.1 - - [19/Nov/2020:09:34:57 +0530] "GET /ProjectTNL/hibernate-configuration-3.0.dtd HTTP/1.1" 200 2737
127.0.0.1 - - [19/Nov/2020:09:34:59 +0530] "GET /ProjectTNL/hibernate-configuration-3.0.dtd HTTP/1.1" 200 2737
0:0:0:0:0:0:0:1 - - [19/Nov/2020:09:35:01 +0530] "GET /ProjectTNL/dispLoanForm.action HTTP/1.1" 200 12813
127.0.0.1 - - [19/Nov/2020:09:35:01 +0530] "GET /ProjectTNL/hibernate-configuration-3.0.dtd HTTP/1.1" 200 2737
127.0.0.1 - - [19/Nov/2020:09:35:02 +0530] "GET /ProjectTNL/hibernate-configuration-3.0.dtd HTTP/1.1" 200 2737
127.0.0.1 - - [19/Nov/2020:09:35:03 +0530] "GET /ProjectTNL/hibernate-configuration-3.0.dtd HTTP/1.1" 200 2737
0:0:0:0:0:0:0:1 - - [19/Nov/2020:09:35:05 +0530] "GET /ProjectTNL/dispLoanForm.action HTTP/1.1" 200 12813
127.0.0.1 - - [19/Nov/2020:09:35:26 +0530] "GET /ProjectTNL/hibernate-configuration-3.0.dtd HTTP/1.1" 200 2737
127.0.0.1 - - [19/Nov/2020:09:35:26 +0530] "GET /ProjectTNL/hibernate-configuration-3.0.dtd HTTP/1.1" 200 2737
127.0.0.1 - - [19/Nov/2020:09:35:26 +0530] "GET /ProjectTNL/hibernate-configuration-3.0.dtd HTTP/1.1" 200 2737
127.0.0.1 - - [19/Nov/2020:09:35:31 +0530] "GET /ProjectTNL/hibernate-configuration-3.0.dtd HTTP/1.1" 200 2737
127.0.0.1 - - [19/Nov/2020:09:35:31 +0530] "GET /ProjectTNL/hibernate-configuration-3.0.dtd HTTP/1.1" 200 2737
127.0.0.1 - - [19/Nov/2020:09:35:31 +0530] "GET /ProjectTNL/hibernate-configuration-3.0.dtd HTTP/1.1" 200 2737
127.0.0.1 - - [19/Nov/2020:09:35:32 +0530] "GET /ProjectTNL/hibernate-configuration-3.0.dtd HTTP/1.1" 200 2737
127.0.0.1 - - [19/Nov/2020:09:35:32 +0530] "GET /ProjectTNL/hibernate-configuration-3.0.dtd HTTP/1.1" 200 2737
127.0.0.1 - - [19/Nov/2020:09:35:32 +0530] "GET /ProjectTNL/hibernate-configuration-3.0.dtd HTTP/1.1" 200 2737
127.0.0.1 - - [19/Nov/2020:09:35:37 +0530] "GET /ProjectTNL/tiles-config_3_0.dtd HTTP/1.1" 200 10864
127.0.0.1 - - [19/Nov/2020:09:35:37 +0530] "GET /ProjectTNL/tiles-config_3_0.dtd HTTP/1.1" 200 10864
127.0.0.1 - - [19/Nov/2020:09:35:37 +0530] "GET /ProjectTNL/tiles-config_3_0.dtd HTTP/1.1" 200 10864
127.0.0.1 - - [19/Nov/2020:09:36:08 +0530] "GET / HTTP/1.1" 404 751
127.0.0.1 - - [19/Nov/2020:09:36:08 +0530] "GET /ProjectTNL/tiles-config_3_0.dtd HTTP/1.1" 200 10864
0:0:0:0:0:0:0:1 - - [19/Nov/2020:09:36:10 +0530] "GET /ProjectTNL/ HTTP/1.1" 200 1700
0:0:0:0:0:0:0:1 - - [19/Nov/2020:09:36:17 +0530] "POST /ProjectTNL/authlogin.action HTTP/1.1" 200 1896
127.0.0.1 - - [19/Nov/2020:09:36:21 +0530] "GET /ProjectTNL/hibernate-configuration-3.0.dtd HTTP/1.1" 200 2737
127.0.0.1 - - [19/Nov/2020:09:36:24 +0530] "GET /ProjectTNL/hibernate-configuration-3.0.dtd HTTP/1.1" 200 2737
0:0:0:0:0:0:0:1 - - [19/Nov/2020:09:36:25 +0530] "GET /ProjectTNL/dispMemForm.action HTTP/1.1" 200 11414
127.0.0.1 - - [19/Nov/2020:09:36:26 +0530] "GET /ProjectTNL/hibernate-configuration-3.0.dtd HTTP/1.1" 200 2737
127.0.0.1 - - [19/Nov/2020:09:36:26 +0530] "GET /ProjectTNL/hibernate-configuration-3.0.dtd HTTP/1.1" 200 2737
0:0:0:0:0:0:0:1 - - [19/Nov/2020:09:36:27 +0530] "GET /ProjectTNL/dispMemForm.action HTTP/1.1" 200 11414
127.0.0.1 - - [19/Nov/2020:09:36:45 +0530] "GET /ProjectTNL/hibernate-configuration-3.0.dtd HTTP/1.1" 200 2737
127.0.0.1 - - [19/Nov/2020:09:36:46 +0530] "GET /ProjectTNL/hibernate-configuration-3.0.dtd HTTP/1.1" 200 2737
0:0:0:0:0:0:0:1 - - [19/Nov/2020:09:36:47 +0530] "POST /ProjectTNL/addMemDet.action HTTP/1.1" 200 11468
127.0.0.1 - - [19/Nov/2020:09:36:47 +0530] "GET /ProjectTNL/hibernate-configuration-3.0.dtd HTTP/1.1" 200 2737
127.0.0.1 - - [19/Nov/2020:09:36:47 +0530] "GET /ProjectTNL/hibernate-configuration-3.0.dtd HTTP/1.1" 200 2737
0:0:0:0:0:0:0:1 - - [19/Nov/2020:09:36:48 +0530] "GET /ProjectTNL/addMemDet.action HTTP/1.1" 200 11414
127.0.0.1 - - [19/Nov/2020:09:40:28 +0530] "GET /ProjectTNL/hibernate-configuration-3.0.dtd HTTP/1.1" 200 2737
127.0.0.1 - - [19/Nov/2020:09:40:29 +0530] "GET /ProjectTNL/hibernate-configuration-3.0.dtd HTTP/1.1" 200 2737
127.0.0.1 - - [19/Nov/2020:09:40:30 +0530] "GET /ProjectTNL/hibernate-configuration-3.0.dtd HTTP/1.1" 200 2737
0:0:0:0:0:0:0:1 - - [19/Nov/2020:09:40:31 +0530] "POST /ProjectTNL/addMemDet.action HTTP/1.1" 200 13083
127.0.0.1 - - [19/Nov/2020:09:40:31 +0530] "GET /ProjectTNL/hibernate-configuration-3.0.dtd HTTP/1.1" 200 2737
127.0.0.1 - - [19/Nov/2020:09:40:32 +0530] "GET /ProjectTNL/hibernate-configuration-3.0.dtd HTTP/1.1" 200 2737
0:0:0:0:0:0:0:1 - - [19/Nov/2020:09:40:32 +0530] "GET /ProjectTNL/addMemDet.action HTTP/1.1" 200 12903
0:0:0:0:0:0:0:1 - - [19/Nov/2020:09:40:45 +0530] "GET /ProjectTNL/homePage HTTP/1.1" 200 1896
127.0.0.1 - - [19/Nov/2020:09:41:20 +0530] "GET /ProjectTNL/hibernate-configuration-3.0.dtd HTTP/1.1" 200 2737
127.0.0.1 - - [19/Nov/2020:09:41:21 +0530] "GET /ProjectTNL/hibernate-configuration-3.0.dtd HTTP/1.1" 200 2737
127.0.0.1 - - [19/Nov/2020:09:41:21 +0530] "GET /ProjectTNL/hibernate-configuration-3.0.dtd HTTP/1.1" 200 2737
0:0:0:0:0:0:0:1 - - [19/Nov/2020:09:41:22 +0530] "GET /ProjectTNL/dispLoanForm.action HTTP/1.1" 200 12813
127.0.0.1 - - [19/Nov/2020:09:41:22 +0530] "GET /ProjectTNL/hibernate-configuration-3.0.dtd HTTP/1.1" 200 2737
127.0.0.1 - - [19/Nov/2020:09:41:22 +0530] "GET /ProjectTNL/hibernate-configuration-3.0.dtd HTTP/1.1" 200 2737
127.0.0.1 - - [19/Nov/2020:09:41:23 +0530] "GET /ProjectTNL/hibernate-configuration-3.0.dtd HTTP/1.1" 200 2737
0:0:0:0:0:0:0:1 - - [19/Nov/2020:09:41:24 +0530] "GET /ProjectTNL/dispLoanForm.action HTTP/1.1" 200 12813
127.0.0.1 - - [19/Nov/2020:09:44:54 +0530] "GET /ProjectTNL/hibernate-configuration-3.0.dtd HTTP/1.1" 200 2737
127.0.0.1 - - [19/Nov/2020:09:44:54 +0530] "GET /ProjectTNL/hibernate-configuration-3.0.dtd HTTP/1.1" 200 2737
127.0.0.1 - - [19/Nov/2020:09:44:55 +0530] "GET /ProjectTNL/hibernate-configuration-3.0.dtd HTTP/1.1" 200 2737
127.0.0.1 - - [19/Nov/2020:09:44:56 +0530] "GET /ProjectTNL/hibernate-configuration-3.0.dtd HTTP/1.1" 200 2737
0:0:0:0:0:0:0:1 - - [19/Nov/2020:09:44:56 +0530] "POST /ProjectTNL/addLoanDet.action HTTP/1.1" 200 14527
127.0.0.1 - - [19/Nov/2020:09:44:56 +0530] "GET /ProjectTNL/hibernate-configuration-3.0.dtd HTTP/1.1" 200 2737
127.0.0.1 - - [19/Nov/2020:09:44:57 +0530] "GET /ProjectTNL/hibernate-configuration-3.0.dtd HTTP/1.1" 200 2737
127.0.0.1 - - [19/Nov/2020:09:44:58 +0530] "GET /ProjectTNL/hibernate-configuration-3.0.dtd HTTP/1.1" 200 2737
0:0:0:0:0:0:0:1 - - [19/Nov/2020:09:44:58 +0530] "GET /ProjectTNL/addLoanDet.action HTTP/1.1" 200 14296
0:0:0:0:0:0:0:1 - - [19/Nov/2020:09:45:17 +0530] "GET /ProjectTNL/homePage HTTP/1.1" 200 1896
0:0:0:0:0:0:0:1 - - [19/Nov/2020:09:45:31 +0530] "GET /ProjectTNL/dispLoanDetIndiv.action HTTP/1.1" 200 12256
127.0.0.1 - - [19/Nov/2020:09:45:48 +0530] "GET /ProjectTNL/hibernate-configuration-3.0.dtd HTTP/1.1" 200 2737
0:0:0:0:0:0:0:1 - - [19/Nov/2020:09:45:49 +0530] "POST /ProjectTNL/dispLoanDetByLoanAccno.action HTTP/1.1" 200 12256
127.0.0.1 - - [19/Nov/2020:09:46:39 +0530] "GET /ProjectTNL/hibernate-configuration-3.0.dtd HTTP/1.1" 200 2737
127.0.0.1 - - [19/Nov/2020:09:46:39 +0530] "GET /ProjectTNL/hibernate-configuration-3.0.dtd HTTP/1.1" 200 2737
127.0.0.1 - - [19/Nov/2020:09:46:39 +0530] "GET /ProjectTNL/hibernate-configuration-3.0.dtd HTTP/1.1" 200 2737
127.0.0.1 - - [19/Nov/2020:09:59:08 +0530] "GET / HTTP/1.1" 404 751
127.0.0.1 - - [19/Nov/2020:09:59:09 +0530] "GET /ProjectTNL/tiles-config_3_0.dtd HTTP/1.1" 200 10864
0:0:0:0:0:0:0:1 - - [19/Nov/2020:09:59:10 +0530] "GET /ProjectTNL/ HTTP/1.1" 200 1700
0:0:0:0:0:0:0:1 - - [19/Nov/2020:09:59:17 +0530] "POST /ProjectTNL/authlogin.action HTTP/1.1" 200 1896
0:0:0:0:0:0:0:1 - - [19/Nov/2020:09:59:31 +0530] "GET /ProjectTNL/dispLoanDetIndiv.action HTTP/1.1" 200 12256
127.0.0.1 - - [19/Nov/2020:09:59:45 +0530] "GET /ProjectTNL/hibernate-configuration-3.0.dtd HTTP/1.1" 200 2737
0:0:0:0:0:0:0:1 - - [19/Nov/2020:09:59:48 +0530] "POST /ProjectTNL/dispLoanDetByLoanAccno.action HTTP/1.1" 500 15908
