127.0.0.1 - - [18/Nov/2020:08:48:02 +0530] "GET / HTTP/1.1" 404 751
127.0.0.1 - - [18/Nov/2020:08:48:04 +0530] "GET /ProjectTNL/tiles-config_3_0.dtd HTTP/1.1" 200 10864
0:0:0:0:0:0:0:1 - - [18/Nov/2020:08:48:06 +0530] "GET /ProjectTNL/ HTTP/1.1" 200 1744
0:0:0:0:0:0:0:1 - - [18/Nov/2020:08:48:20 +0530] "POST /ProjectTNL/authlogin.action;jsessionid=DA9D9E1F944FABDF933F5F3601FFDD17 HTTP/1.1" 200 1896
127.0.0.1 - - [18/Nov/2020:08:48:24 +0530] "GET /ProjectTNL/hibernate-configuration-3.0.dtd HTTP/1.1" 200 2737
0:0:0:0:0:0:0:1 - - [18/Nov/2020:08:48:29 +0530] "GET /ProjectTNL/dispMemDetIndiv.action HTTP/1.1" 200 13030
127.0.0.1 - - [18/Nov/2020:08:48:29 +0530] "GET /ProjectTNL/hibernate-configuration-3.0.dtd HTTP/1.1" 200 2737
0:0:0:0:0:0:0:1 - - [18/Nov/2020:08:48:30 +0530] "GET /ProjectTNL/dispMemDetIndiv.action HTTP/1.1" 200 13030
127.0.0.1 - - [18/Nov/2020:08:48:58 +0530] "GET /ProjectTNL/hibernate-configuration-3.0.dtd HTTP/1.1" 200 2737
127.0.0.1 - - [18/Nov/2020:08:48:59 +0530] "GET /ProjectTNL/hibernate-configuration-3.0.dtd HTTP/1.1" 200 2737
0:0:0:0:0:0:0:1 - - [18/Nov/2020:08:49:00 +0530] "POST /ProjectTNL/dispMemberDetByMemNo.action HTTP/1.1" 200 23229
127.0.0.1 - - [18/Nov/2020:08:49:00 +0530] "GET /ProjectTNL/hibernate-configuration-3.0.dtd HTTP/1.1" 200 2737
0:0:0:0:0:0:0:1 - - [18/Nov/2020:08:49:00 +0530] "GET null HTTP/1.1" 400 1850
0:0:0:0:0:0:0:1 - - [18/Nov/2020:08:49:01 +0530] "GET /ProjectTNL/dispMemberDetByMemNo.action HTTP/1.1" 500 7225
0:0:0:0:0:0:0:1 - - [18/Nov/2020:08:58:28 +0530] "GET /ProjectTNL/ HTTP/1.1" 200 1744
0:0:0:0:0:0:0:1 - - [18/Nov/2020:08:58:29 +0530] "GET /favicon.ico HTTP/1.1" 404 762
0:0:0:0:0:0:0:1 - - [18/Nov/2020:08:58:36 +0530] "POST /ProjectTNL/authlogin.action;jsessionid=D8F462A0A9A781198F4EE9BC8F3BE176 HTTP/1.1" 200 1896
127.0.0.1 - - [18/Nov/2020:08:58:37 +0530] "GET /ProjectTNL/hibernate-configuration-3.0.dtd HTTP/1.1" 200 2737
0:0:0:0:0:0:0:1 - - [18/Nov/2020:08:58:40 +0530] "GET /ProjectTNL/dispMemDetIndiv.action HTTP/1.1" 200 13030
127.0.0.1 - - [18/Nov/2020:08:58:40 +0530] "GET /ProjectTNL/hibernate-configuration-3.0.dtd HTTP/1.1" 200 2737
0:0:0:0:0:0:0:1 - - [18/Nov/2020:08:58:41 +0530] "GET /ProjectTNL/dispMemDetIndiv.action HTTP/1.1" 200 13030
127.0.0.1 - - [18/Nov/2020:09:01:38 +0530] "GET /ProjectTNL/hibernate-configuration-3.0.dtd HTTP/1.1" 200 2737
127.0.0.1 - - [18/Nov/2020:09:01:38 +0530] "GET /ProjectTNL/hibernate-configuration-3.0.dtd HTTP/1.1" 200 2737
127.0.0.1 - - [18/Nov/2020:09:01:39 +0530] "GET /ProjectTNL/hibernate-configuration-3.0.dtd HTTP/1.1" 200 2737
127.0.0.1 - - [18/Nov/2020:09:01:39 +0530] "GET /ProjectTNL/hibernate-configuration-3.0.dtd HTTP/1.1" 200 2737
0:0:0:0:0:0:0:1 - - [18/Nov/2020:09:01:40 +0530] "POST /ProjectTNL/dispMemberDetByMemNo.action HTTP/1.1" 200 8206
0:0:0:0:0:0:0:1 - - [18/Nov/2020:09:01:41 +0530] "POST /ProjectTNL/dispMemberDetByMemNo.action HTTP/1.1" 200 23229
0:0:0:0:0:0:0:1 - - [18/Nov/2020:09:01:41 +0530] "GET null HTTP/1.1" 400 1850
127.0.0.1 - - [18/Nov/2020:09:01:41 +0530] "GET /ProjectTNL/hibernate-configuration-3.0.dtd HTTP/1.1" 200 2737
0:0:0:0:0:0:0:1 - - [18/Nov/2020:09:01:42 +0530] "GET /ProjectTNL/dispMemberDetByMemNo.action HTTP/1.1" 500 7225
127.0.0.1 - - [18/Nov/2020:09:01:55 +0530] "GET /ProjectTNL/hibernate-configuration-3.0.dtd HTTP/1.1" 200 2737
127.0.0.1 - - [18/Nov/2020:09:01:55 +0530] "GET /ProjectTNL/hibernate-configuration-3.0.dtd HTTP/1.1" 200 2737
0:0:0:0:0:0:0:1 - - [18/Nov/2020:09:01:56 +0530] "POST /ProjectTNL/dispMemberDetByMemNo.action HTTP/1.1" 200 23229
0:0:0:0:0:0:0:1 - - [18/Nov/2020:09:01:56 +0530] "GET /ProjectTNL/js/member.js HTTP/1.1" 200 1618
0:0:0:0:0:0:0:1 - - [18/Nov/2020:09:01:56 +0530] "GET /ProjectTNL/css/style_mem.css HTTP/1.1" 200 6825
0:0:0:0:0:0:0:1 - - [18/Nov/2020:09:01:56 +0530] "GET null HTTP/1.1" 400 1850
127.0.0.1 - - [18/Nov/2020:09:01:57 +0530] "GET /ProjectTNL/hibernate-configuration-3.0.dtd HTTP/1.1" 200 2737
0:0:0:0:0:0:0:1 - - [18/Nov/2020:09:01:58 +0530] "GET /ProjectTNL/dispMemberDetByMemNo.action HTTP/1.1" 500 7225
0:0:0:0:0:0:0:1 - - [18/Nov/2020:09:01:58 +0530] "GET /favicon.ico HTTP/1.1" 404 762
127.0.0.1 - - [18/Nov/2020:09:07:32 +0530] "GET / HTTP/1.1" 404 751
127.0.0.1 - - [18/Nov/2020:09:07:33 +0530] "GET /ProjectTNL/tiles-config_3_0.dtd HTTP/1.1" 200 10864
0:0:0:0:0:0:0:1 - - [18/Nov/2020:09:07:34 +0530] "GET /ProjectTNL/ HTTP/1.1" 200 1700
0:0:0:0:0:0:0:1 - - [18/Nov/2020:09:07:45 +0530] "POST /ProjectTNL/authlogin.action HTTP/1.1" 200 1896
127.0.0.1 - - [18/Nov/2020:09:07:49 +0530] "GET /ProjectTNL/hibernate-configuration-3.0.dtd HTTP/1.1" 200 2737
0:0:0:0:0:0:0:1 - - [18/Nov/2020:09:07:55 +0530] "GET /ProjectTNL/dispMemDetIndiv.action HTTP/1.1" 200 13052
127.0.0.1 - - [18/Nov/2020:09:07:56 +0530] "GET /ProjectTNL/hibernate-configuration-3.0.dtd HTTP/1.1" 200 2737
0:0:0:0:0:0:0:1 - - [18/Nov/2020:09:07:57 +0530] "GET /ProjectTNL/dispMemDetIndiv.action HTTP/1.1" 200 13052
127.0.0.1 - - [18/Nov/2020:09:08:15 +0530] "GET /ProjectTNL/hibernate-configuration-3.0.dtd HTTP/1.1" 200 2737
127.0.0.1 - - [18/Nov/2020:09:08:16 +0530] "GET /ProjectTNL/hibernate-configuration-3.0.dtd HTTP/1.1" 200 2737
0:0:0:0:0:0:0:1 - - [18/Nov/2020:09:08:17 +0530] "POST /ProjectTNL/dispMemberDetByMemNo.action HTTP/1.1" 200 23251
127.0.0.1 - - [18/Nov/2020:09:08:17 +0530] "GET /ProjectTNL/hibernate-configuration-3.0.dtd HTTP/1.1" 200 2737
0:0:0:0:0:0:0:1 - - [18/Nov/2020:09:08:18 +0530] "GET /ProjectTNL/dispMemberDetByMemNo.action HTTP/1.1" 500 7225
127.0.0.1 - - [18/Nov/2020:09:31:47 +0530] "GET / HTTP/1.1" 404 751
127.0.0.1 - - [18/Nov/2020:09:31:49 +0530] "GET /ProjectTNL/tiles-config_3_0.dtd HTTP/1.1" 200 10864
0:0:0:0:0:0:0:1 - - [18/Nov/2020:09:31:50 +0530] "GET /ProjectTNL/ HTTP/1.1" 200 1700
0:0:0:0:0:0:0:1 - - [18/Nov/2020:09:31:58 +0530] "POST /ProjectTNL/authlogin.action HTTP/1.1" 200 1896
127.0.0.1 - - [18/Nov/2020:09:32:02 +0530] "GET /ProjectTNL/hibernate-configuration-3.0.dtd HTTP/1.1" 200 2737
0:0:0:0:0:0:0:1 - - [18/Nov/2020:09:32:08 +0530] "GET /ProjectTNL/dispMemDetIndiv.action HTTP/1.1" 200 12861
127.0.0.1 - - [18/Nov/2020:09:32:08 +0530] "GET /ProjectTNL/hibernate-configuration-3.0.dtd HTTP/1.1" 200 2737
0:0:0:0:0:0:0:1 - - [18/Nov/2020:09:32:09 +0530] "GET /ProjectTNL/dispMemDetIndiv.action HTTP/1.1" 200 12861
127.0.0.1 - - [18/Nov/2020:09:32:16 +0530] "GET /ProjectTNL/hibernate-configuration-3.0.dtd HTTP/1.1" 200 2737
127.0.0.1 - - [18/Nov/2020:09:32:17 +0530] "GET /ProjectTNL/hibernate-configuration-3.0.dtd HTTP/1.1" 200 2737
0:0:0:0:0:0:0:1 - - [18/Nov/2020:09:32:18 +0530] "POST /ProjectTNL/dispMemberDetByMemNo.action HTTP/1.1" 200 23060
127.0.0.1 - - [18/Nov/2020:09:32:18 +0530] "GET /ProjectTNL/hibernate-configuration-3.0.dtd HTTP/1.1" 200 2737
0:0:0:0:0:0:0:1 - - [18/Nov/2020:09:32:19 +0530] "GET /ProjectTNL/dispMemberDetByMemNo.action HTTP/1.1" 500 7225
127.0.0.1 - - [18/Nov/2020:09:41:09 +0530] "GET /ProjectTNL/tiles-config_3_0.dtd HTTP/1.1" 200 10864
127.0.0.1 - - [18/Nov/2020:09:41:09 +0530] "GET /ProjectTNL/tiles-config_3_0.dtd HTTP/1.1" 200 10864
127.0.0.1 - - [18/Nov/2020:09:41:09 +0530] "GET /ProjectTNL/tiles-config_3_0.dtd HTTP/1.1" 200 10864
127.0.0.1 - - [18/Nov/2020:09:41:12 +0530] "GET /ProjectTNL/hibernate-configuration-3.0.dtd HTTP/1.1" 200 2737
127.0.0.1 - - [18/Nov/2020:09:41:12 +0530] "GET /ProjectTNL/hibernate-configuration-3.0.dtd HTTP/1.1" 200 2737
127.0.0.1 - - [18/Nov/2020:09:41:12 +0530] "GET /ProjectTNL/hibernate-configuration-3.0.dtd HTTP/1.1" 200 2737
127.0.0.1 - - [18/Nov/2020:09:42:25 +0530] "GET / HTTP/1.1" 404 751
127.0.0.1 - - [18/Nov/2020:09:42:26 +0530] "GET /ProjectTNL/tiles-config_3_0.dtd HTTP/1.1" 200 10864
0:0:0:0:0:0:0:1 - - [18/Nov/2020:09:42:27 +0530] "GET /ProjectTNL/ HTTP/1.1" 200 1700
0:0:0:0:0:0:0:1 - - [18/Nov/2020:09:42:39 +0530] "POST /ProjectTNL/authlogin.action HTTP/1.1" 200 1896
127.0.0.1 - - [18/Nov/2020:09:42:41 +0530] "GET /ProjectTNL/hibernate-configuration-3.0.dtd HTTP/1.1" 200 2737
0:0:0:0:0:0:0:1 - - [18/Nov/2020:09:42:48 +0530] "GET /ProjectTNL/dispMemDetIndiv.action HTTP/1.1" 200 10681
127.0.0.1 - - [18/Nov/2020:09:42:48 +0530] "GET /ProjectTNL/hibernate-configuration-3.0.dtd HTTP/1.1" 200 2737
0:0:0:0:0:0:0:1 - - [18/Nov/2020:09:42:49 +0530] "GET /ProjectTNL/dispMemDetIndiv.action HTTP/1.1" 200 10681
127.0.0.1 - - [18/Nov/2020:09:43:03 +0530] "GET /ProjectTNL/hibernate-configuration-3.0.dtd HTTP/1.1" 200 2737
127.0.0.1 - - [18/Nov/2020:09:43:04 +0530] "GET /ProjectTNL/hibernate-configuration-3.0.dtd HTTP/1.1" 200 2737
0:0:0:0:0:0:0:1 - - [18/Nov/2020:09:43:05 +0530] "POST /ProjectTNL/dispMemberDetByMemNo.action HTTP/1.1" 200 10681
127.0.0.1 - - [18/Nov/2020:09:43:05 +0530] "GET /ProjectTNL/hibernate-configuration-3.0.dtd HTTP/1.1" 200 2737
0:0:0:0:0:0:0:1 - - [18/Nov/2020:09:43:05 +0530] "GET /ProjectTNL/dispMemberDetByMemNo.action HTTP/1.1" 500 7225
0:0:0:0:0:0:0:1 - - [18/Nov/2020:09:43:29 +0530] "GET /ProjectTNL/ HTTP/1.1" 200 1700
0:0:0:0:0:0:0:1 - - [18/Nov/2020:09:43:37 +0530] "POST /ProjectTNL/authlogin.action HTTP/1.1" 200 1896
127.0.0.1 - - [18/Nov/2020:09:43:38 +0530] "GET /ProjectTNL/hibernate-configuration-3.0.dtd HTTP/1.1" 200 2737
0:0:0:0:0:0:0:1 - - [18/Nov/2020:09:43:39 +0530] "GET /ProjectTNL/dispMemDetIndiv.action HTTP/1.1" 200 10681
127.0.0.1 - - [18/Nov/2020:09:43:39 +0530] "GET /ProjectTNL/hibernate-configuration-3.0.dtd HTTP/1.1" 200 2737
0:0:0:0:0:0:0:1 - - [18/Nov/2020:09:43:40 +0530] "GET /ProjectTNL/dispMemDetIndiv.action HTTP/1.1" 200 10681
127.0.0.1 - - [18/Nov/2020:09:43:45 +0530] "GET /ProjectTNL/hibernate-configuration-3.0.dtd HTTP/1.1" 200 2737
127.0.0.1 - - [18/Nov/2020:09:43:45 +0530] "GET /ProjectTNL/hibernate-configuration-3.0.dtd HTTP/1.1" 200 2737
0:0:0:0:0:0:0:1 - - [18/Nov/2020:09:43:47 +0530] "POST /ProjectTNL/dispMemberDetByMemNo.action HTTP/1.1" 200 10681
127.0.0.1 - - [18/Nov/2020:09:43:47 +0530] "GET /ProjectTNL/hibernate-configuration-3.0.dtd HTTP/1.1" 200 2737
0:0:0:0:0:0:0:1 - - [18/Nov/2020:09:43:48 +0530] "GET /ProjectTNL/dispMemberDetByMemNo.action HTTP/1.1" 500 7225
127.0.0.1 - - [18/Nov/2020:09:45:07 +0530] "GET / HTTP/1.1" 404 751
127.0.0.1 - - [18/Nov/2020:09:45:08 +0530] "GET /ProjectTNL/tiles-config_3_0.dtd HTTP/1.1" 200 10864
0:0:0:0:0:0:0:1 - - [18/Nov/2020:09:45:09 +0530] "GET /ProjectTNL/ HTTP/1.1" 200 1700
0:0:0:0:0:0:0:1 - - [18/Nov/2020:09:45:18 +0530] "POST /ProjectTNL/authlogin.action HTTP/1.1" 200 1896
127.0.0.1 - - [18/Nov/2020:09:45:20 +0530] "GET /ProjectTNL/hibernate-configuration-3.0.dtd HTTP/1.1" 200 2737
0:0:0:0:0:0:0:1 - - [18/Nov/2020:09:45:27 +0530] "GET /ProjectTNL/dispMemDetIndiv.action HTTP/1.1" 200 12861
127.0.0.1 - - [18/Nov/2020:09:45:27 +0530] "GET /ProjectTNL/hibernate-configuration-3.0.dtd HTTP/1.1" 200 2737
0:0:0:0:0:0:0:1 - - [18/Nov/2020:09:45:28 +0530] "GET /ProjectTNL/dispMemDetIndiv.action HTTP/1.1" 200 12861
127.0.0.1 - - [18/Nov/2020:09:45:34 +0530] "GET /ProjectTNL/hibernate-configuration-3.0.dtd HTTP/1.1" 200 2737
127.0.0.1 - - [18/Nov/2020:09:45:35 +0530] "GET /ProjectTNL/hibernate-configuration-3.0.dtd HTTP/1.1" 200 2737
0:0:0:0:0:0:0:1 - - [18/Nov/2020:09:45:36 +0530] "POST /ProjectTNL/dispMemberDetByMemNo.action HTTP/1.1" 200 23060
127.0.0.1 - - [18/Nov/2020:09:45:36 +0530] "GET /ProjectTNL/hibernate-configuration-3.0.dtd HTTP/1.1" 200 2737
0:0:0:0:0:0:0:1 - - [18/Nov/2020:09:45:37 +0530] "GET /ProjectTNL/dispMemberDetByMemNo.action HTTP/1.1" 500 7225
127.0.0.1 - - [18/Nov/2020:11:37:34 +0530] "GET / HTTP/1.1" 404 751
127.0.0.1 - - [18/Nov/2020:11:37:35 +0530] "GET /ProjectTNL/tiles-config_3_0.dtd HTTP/1.1" 200 10864
0:0:0:0:0:0:0:1 - - [18/Nov/2020:11:37:36 +0530] "GET /ProjectTNL/ HTTP/1.1" 200 1700
0:0:0:0:0:0:0:1 - - [18/Nov/2020:11:37:55 +0530] "POST /ProjectTNL/authlogin.action HTTP/1.1" 200 1896
127.0.0.1 - - [18/Nov/2020:11:38:00 +0530] "GET /ProjectTNL/hibernate-configuration-3.0.dtd HTTP/1.1" 200 2737
127.0.0.1 - - [18/Nov/2020:11:38:05 +0530] "GET /ProjectTNL/hibernate-configuration-3.0.dtd HTTP/1.1" 200 2737
0:0:0:0:0:0:0:1 - - [18/Nov/2020:11:38:06 +0530] "GET /ProjectTNL/dispMemForm.action HTTP/1.1" 200 11414
127.0.0.1 - - [18/Nov/2020:11:38:06 +0530] "GET /ProjectTNL/hibernate-configuration-3.0.dtd HTTP/1.1" 200 2737
127.0.0.1 - - [18/Nov/2020:11:38:08 +0530] "GET /ProjectTNL/hibernate-configuration-3.0.dtd HTTP/1.1" 200 2737
0:0:0:0:0:0:0:1 - - [18/Nov/2020:11:38:09 +0530] "GET /ProjectTNL/dispMemForm.action HTTP/1.1" 200 11414
127.0.0.1 - - [18/Nov/2020:11:38:34 +0530] "GET /ProjectTNL/hibernate-configuration-3.0.dtd HTTP/1.1" 200 2737
127.0.0.1 - - [18/Nov/2020:11:38:35 +0530] "GET /ProjectTNL/hibernate-configuration-3.0.dtd HTTP/1.1" 200 2737
127.0.0.1 - - [18/Nov/2020:11:38:35 +0530] "GET /ProjectTNL/hibernate-configuration-3.0.dtd HTTP/1.1" 200 2737
127.0.0.1 - - [18/Nov/2020:11:38:42 +0530] "GET /ProjectTNL/hibernate-configuration-3.0.dtd HTTP/1.1" 200 2737
127.0.0.1 - - [18/Nov/2020:11:38:42 +0530] "GET /ProjectTNL/hibernate-configuration-3.0.dtd HTTP/1.1" 200 2737
127.0.0.1 - - [18/Nov/2020:11:38:42 +0530] "GET /ProjectTNL/hibernate-configuration-3.0.dtd HTTP/1.1" 200 2737
127.0.0.1 - - [18/Nov/2020:11:38:44 +0530] "GET /ProjectTNL/hibernate-configuration-3.0.dtd HTTP/1.1" 200 2737
127.0.0.1 - - [18/Nov/2020:11:38:44 +0530] "GET /ProjectTNL/hibernate-configuration-3.0.dtd HTTP/1.1" 200 2737
127.0.0.1 - - [18/Nov/2020:11:38:44 +0530] "GET /ProjectTNL/hibernate-configuration-3.0.dtd HTTP/1.1" 200 2737
127.0.0.1 - - [18/Nov/2020:11:39:47 +0530] "GET / HTTP/1.1" 404 751
127.0.0.1 - - [18/Nov/2020:11:39:48 +0530] "GET /ProjectTNL/tiles-config_3_0.dtd HTTP/1.1" 200 10864
0:0:0:0:0:0:0:1 - - [18/Nov/2020:11:39:50 +0530] "GET /ProjectTNL/ HTTP/1.1" 200 1700
0:0:0:0:0:0:0:1 - - [18/Nov/2020:11:39:58 +0530] "POST /ProjectTNL/authlogin.action HTTP/1.1" 200 1896
127.0.0.1 - - [18/Nov/2020:11:57:20 +0530] "GET / HTTP/1.1" 404 751
127.0.0.1 - - [18/Nov/2020:11:57:21 +0530] "GET /ProjectTNL/tiles-config_3_0.dtd HTTP/1.1" 200 10864
0:0:0:0:0:0:0:1 - - [18/Nov/2020:11:57:22 +0530] "GET /ProjectTNL/ HTTP/1.1" 200 1700
0:0:0:0:0:0:0:1 - - [18/Nov/2020:11:57:32 +0530] "POST /ProjectTNL/authlogin.action HTTP/1.1" 200 1896
127.0.0.1 - - [18/Nov/2020:11:57:36 +0530] "GET /ProjectTNL/hibernate-configuration-3.0.dtd HTTP/1.1" 200 2737
127.0.0.1 - - [18/Nov/2020:11:57:40 +0530] "GET /ProjectTNL/hibernate-configuration-3.0.dtd HTTP/1.1" 200 2737
0:0:0:0:0:0:0:1 - - [18/Nov/2020:11:57:44 +0530] "GET /ProjectTNL/dispMemForm.action HTTP/1.1" 200 11414
127.0.0.1 - - [18/Nov/2020:11:57:44 +0530] "GET /ProjectTNL/hibernate-configuration-3.0.dtd HTTP/1.1" 200 2737
127.0.0.1 - - [18/Nov/2020:11:57:45 +0530] "GET /ProjectTNL/hibernate-configuration-3.0.dtd HTTP/1.1" 200 2737
0:0:0:0:0:0:0:1 - - [18/Nov/2020:11:57:46 +0530] "GET /ProjectTNL/dispMemForm.action HTTP/1.1" 200 11414
127.0.0.1 - - [18/Nov/2020:11:58:58 +0530] "GET /ProjectTNL/hibernate-configuration-3.0.dtd HTTP/1.1" 200 2737
127.0.0.1 - - [18/Nov/2020:11:58:58 +0530] "GET /ProjectTNL/hibernate-configuration-3.0.dtd HTTP/1.1" 200 2737
127.0.0.1 - - [18/Nov/2020:11:58:58 +0530] "GET /ProjectTNL/hibernate-configuration-3.0.dtd HTTP/1.1" 200 2737
127.0.0.1 - - [18/Nov/2020:11:58:59 +0530] "GET /ProjectTNL/hibernate-configuration-3.0.dtd HTTP/1.1" 200 2737
127.0.0.1 - - [18/Nov/2020:11:58:59 +0530] "GET /ProjectTNL/hibernate-configuration-3.0.dtd HTTP/1.1" 200 2737
127.0.0.1 - - [18/Nov/2020:11:58:59 +0530] "GET /ProjectTNL/hibernate-configuration-3.0.dtd HTTP/1.1" 200 2737
127.0.0.1 - - [18/Nov/2020:11:59:24 +0530] "GET /ProjectTNL/hibernate-configuration-3.0.dtd HTTP/1.1" 200 2737
127.0.0.1 - - [18/Nov/2020:11:59:24 +0530] "GET /ProjectTNL/hibernate-configuration-3.0.dtd HTTP/1.1" 200 2737
127.0.0.1 - - [18/Nov/2020:11:59:24 +0530] "GET /ProjectTNL/hibernate-configuration-3.0.dtd HTTP/1.1" 200 2737
127.0.0.1 - - [18/Nov/2020:11:59:40 +0530] "GET /ProjectTNL/hibernate-configuration-3.0.dtd HTTP/1.1" 200 2737
127.0.0.1 - - [18/Nov/2020:11:59:40 +0530] "GET /ProjectTNL/hibernate-configuration-3.0.dtd HTTP/1.1" 200 2737
127.0.0.1 - - [18/Nov/2020:11:59:40 +0530] "GET /ProjectTNL/hibernate-configuration-3.0.dtd HTTP/1.1" 200 2737
127.0.0.1 - - [18/Nov/2020:12:00:05 +0530] "GET /ProjectTNL/hibernate-configuration-3.0.dtd HTTP/1.1" 200 2737
127.0.0.1 - - [18/Nov/2020:12:00:05 +0530] "GET /ProjectTNL/hibernate-configuration-3.0.dtd HTTP/1.1" 200 2737
127.0.0.1 - - [18/Nov/2020:12:00:05 +0530] "GET /ProjectTNL/hibernate-configuration-3.0.dtd HTTP/1.1" 200 2737
127.0.0.1 - - [18/Nov/2020:12:00:39 +0530] "GET / HTTP/1.1" 404 751
127.0.0.1 - - [18/Nov/2020:12:00:40 +0530] "GET /ProjectTNL/tiles-config_3_0.dtd HTTP/1.1" 200 10864
0:0:0:0:0:0:0:1 - - [18/Nov/2020:12:00:41 +0530] "GET /ProjectTNL/ HTTP/1.1" 200 1744
0:0:0:0:0:0:0:1 - - [18/Nov/2020:12:00:48 +0530] "POST /ProjectTNL/authlogin.action;jsessionid=8BCDBD9FE58C59165658FD45B48E9C69 HTTP/1.1" 200 1896
127.0.0.1 - - [18/Nov/2020:12:00:51 +0530] "GET /ProjectTNL/hibernate-configuration-3.0.dtd HTTP/1.1" 200 2737
127.0.0.1 - - [18/Nov/2020:12:00:56 +0530] "GET /ProjectTNL/hibernate-configuration-3.0.dtd HTTP/1.1" 200 2737
0:0:0:0:0:0:0:1 - - [18/Nov/2020:12:00:57 +0530] "GET /ProjectTNL/dispMemForm.action HTTP/1.1" 200 11414
127.0.0.1 - - [18/Nov/2020:12:00:57 +0530] "GET /ProjectTNL/hibernate-configuration-3.0.dtd HTTP/1.1" 200 2737
127.0.0.1 - - [18/Nov/2020:12:00:59 +0530] "GET /ProjectTNL/hibernate-configuration-3.0.dtd HTTP/1.1" 200 2737
0:0:0:0:0:0:0:1 - - [18/Nov/2020:12:01:00 +0530] "GET /ProjectTNL/dispMemForm.action HTTP/1.1" 200 11414
127.0.0.1 - - [18/Nov/2020:12:01:17 +0530] "GET /ProjectTNL/hibernate-configuration-3.0.dtd HTTP/1.1" 200 2737
127.0.0.1 - - [18/Nov/2020:12:01:18 +0530] "GET /ProjectTNL/hibernate-configuration-3.0.dtd HTTP/1.1" 200 2737
0:0:0:0:0:0:0:1 - - [18/Nov/2020:12:01:19 +0530] "POST /ProjectTNL/dispMemberDetByMemNo.action HTTP/1.1" 500 24804
127.0.0.1 - - [18/Nov/2020:12:26:40 +0530] "GET / HTTP/1.1" 404 751
127.0.0.1 - - [18/Nov/2020:12:26:41 +0530] "GET /ProjectTNL/tiles-config_3_0.dtd HTTP/1.1" 200 10864
0:0:0:0:0:0:0:1 - - [18/Nov/2020:12:26:42 +0530] "GET /ProjectTNL/ HTTP/1.1" 200 1700
0:0:0:0:0:0:0:1 - - [18/Nov/2020:12:26:52 +0530] "POST /ProjectTNL/authlogin.action HTTP/1.1" 200 1896
127.0.0.1 - - [18/Nov/2020:12:26:57 +0530] "GET /ProjectTNL/hibernate-configuration-3.0.dtd HTTP/1.1" 200 2737
0:0:0:0:0:0:0:1 - - [18/Nov/2020:12:27:03 +0530] "GET /ProjectTNL/dispMemDetIndiv.action HTTP/1.1" 200 12531
0:0:0:0:0:0:0:1 - - [18/Nov/2020:12:27:28 +0530] "GET /ProjectTNL/homePage HTTP/1.1" 200 1896
127.0.0.1 - - [18/Nov/2020:12:27:31 +0530] "GET /ProjectTNL/hibernate-configuration-3.0.dtd HTTP/1.1" 200 2737
127.0.0.1 - - [18/Nov/2020:12:27:32 +0530] "GET /ProjectTNL/hibernate-configuration-3.0.dtd HTTP/1.1" 200 2737
0:0:0:0:0:0:0:1 - - [18/Nov/2020:12:27:34 +0530] "GET /ProjectTNL/dispMemForm.action HTTP/1.1" 200 11414
127.0.0.1 - - [18/Nov/2020:12:27:34 +0530] "GET /ProjectTNL/hibernate-configuration-3.0.dtd HTTP/1.1" 200 2737
127.0.0.1 - - [18/Nov/2020:12:27:35 +0530] "GET /ProjectTNL/hibernate-configuration-3.0.dtd HTTP/1.1" 200 2737
0:0:0:0:0:0:0:1 - - [18/Nov/2020:12:27:37 +0530] "GET /ProjectTNL/dispMemForm.action HTTP/1.1" 200 11414
127.0.0.1 - - [18/Nov/2020:12:30:00 +0530] "GET /ProjectTNL/hibernate-configuration-3.0.dtd HTTP/1.1" 200 2737
0:0:0:0:0:0:0:1 - - [18/Nov/2020:12:30:02 +0530] "POST /ProjectTNL/addMemDet.action HTTP/1.1" 404 781
127.0.0.1 - - [18/Nov/2020:12:31:27 +0530] "GET / HTTP/1.1" 404 751
127.0.0.1 - - [18/Nov/2020:12:31:28 +0530] "GET /ProjectTNL/tiles-config_3_0.dtd HTTP/1.1" 200 10864
0:0:0:0:0:0:0:1 - - [18/Nov/2020:12:31:29 +0530] "GET /ProjectTNL/ HTTP/1.1" 200 1700
0:0:0:0:0:0:0:1 - - [18/Nov/2020:12:31:38 +0530] "POST /ProjectTNL/authlogin.action HTTP/1.1" 200 1896
127.0.0.1 - - [18/Nov/2020:12:31:41 +0530] "GET /ProjectTNL/hibernate-configuration-3.0.dtd HTTP/1.1" 200 2737
127.0.0.1 - - [18/Nov/2020:12:31:45 +0530] "GET /ProjectTNL/hibernate-configuration-3.0.dtd HTTP/1.1" 200 2737
0:0:0:0:0:0:0:1 - - [18/Nov/2020:12:31:47 +0530] "GET /ProjectTNL/dispMemForm.action HTTP/1.1" 200 11414
127.0.0.1 - - [18/Nov/2020:12:31:47 +0530] "GET /ProjectTNL/hibernate-configuration-3.0.dtd HTTP/1.1" 200 2737
127.0.0.1 - - [18/Nov/2020:12:31:48 +0530] "GET /ProjectTNL/hibernate-configuration-3.0.dtd HTTP/1.1" 200 2737
0:0:0:0:0:0:0:1 - - [18/Nov/2020:12:31:50 +0530] "GET /ProjectTNL/dispMemForm.action HTTP/1.1" 200 11414
127.0.0.1 - - [18/Nov/2020:12:32:29 +0530] "GET /ProjectTNL/hibernate-configuration-3.0.dtd HTTP/1.1" 200 2737
127.0.0.1 - - [18/Nov/2020:12:32:31 +0530] "GET /ProjectTNL/hibernate-configuration-3.0.dtd HTTP/1.1" 200 2737
0:0:0:0:0:0:0:1 - - [18/Nov/2020:12:32:32 +0530] "POST /ProjectTNL/addMemDet.action HTTP/1.1" 200 11467
127.0.0.1 - - [18/Nov/2020:12:32:32 +0530] "GET /ProjectTNL/hibernate-configuration-3.0.dtd HTTP/1.1" 200 2737
127.0.0.1 - - [18/Nov/2020:12:32:34 +0530] "GET /ProjectTNL/hibernate-configuration-3.0.dtd HTTP/1.1" 200 2737
0:0:0:0:0:0:0:1 - - [18/Nov/2020:12:32:35 +0530] "GET /ProjectTNL/addMemDet.action HTTP/1.1" 200 11414
127.0.0.1 - - [18/Nov/2020:12:33:39 +0530] "GET /ProjectTNL/hibernate-configuration-3.0.dtd HTTP/1.1" 200 2737
127.0.0.1 - - [18/Nov/2020:12:33:40 +0530] "GET /ProjectTNL/hibernate-configuration-3.0.dtd HTTP/1.1" 200 2737
127.0.0.1 - - [18/Nov/2020:12:33:40 +0530] "GET /ProjectTNL/hibernate-configuration-3.0.dtd HTTP/1.1" 200 2737
127.0.0.1 - - [18/Nov/2020:12:34:14 +0530] "GET / HTTP/1.1" 404 751
127.0.0.1 - - [18/Nov/2020:12:34:15 +0530] "GET /ProjectTNL/tiles-config_3_0.dtd HTTP/1.1" 200 10864
0:0:0:0:0:0:0:1 - - [18/Nov/2020:12:34:16 +0530] "GET /ProjectTNL/ HTTP/1.1" 200 1700
0:0:0:0:0:0:0:1 - - [18/Nov/2020:12:34:23 +0530] "POST /ProjectTNL/authlogin.action HTTP/1.1" 200 1896
127.0.0.1 - - [18/Nov/2020:12:34:27 +0530] "GET /ProjectTNL/hibernate-configuration-3.0.dtd HTTP/1.1" 200 2737
127.0.0.1 - - [18/Nov/2020:12:34:31 +0530] "GET /ProjectTNL/hibernate-configuration-3.0.dtd HTTP/1.1" 200 2737
0:0:0:0:0:0:0:1 - - [18/Nov/2020:12:34:32 +0530] "GET /ProjectTNL/dispMemForm.action HTTP/1.1" 200 11414
127.0.0.1 - - [18/Nov/2020:12:34:32 +0530] "GET /ProjectTNL/hibernate-configuration-3.0.dtd HTTP/1.1" 200 2737
127.0.0.1 - - [18/Nov/2020:12:34:33 +0530] "GET /ProjectTNL/hibernate-configuration-3.0.dtd HTTP/1.1" 200 2737
0:0:0:0:0:0:0:1 - - [18/Nov/2020:12:34:34 +0530] "GET /ProjectTNL/dispMemForm.action HTTP/1.1" 200 11414
127.0.0.1 - - [18/Nov/2020:12:35:14 +0530] "GET /ProjectTNL/hibernate-configuration-3.0.dtd HTTP/1.1" 200 2737
127.0.0.1 - - [18/Nov/2020:12:35:14 +0530] "GET /ProjectTNL/hibernate-configuration-3.0.dtd HTTP/1.1" 200 2737
0:0:0:0:0:0:0:1 - - [18/Nov/2020:12:35:15 +0530] "POST /ProjectTNL/addMemDet.action HTTP/1.1" 200 11467
127.0.0.1 - - [18/Nov/2020:12:35:15 +0530] "GET /ProjectTNL/hibernate-configuration-3.0.dtd HTTP/1.1" 200 2737
127.0.0.1 - - [18/Nov/2020:12:35:17 +0530] "GET /ProjectTNL/hibernate-configuration-3.0.dtd HTTP/1.1" 200 2737
0:0:0:0:0:0:0:1 - - [18/Nov/2020:12:35:17 +0530] "GET /ProjectTNL/addMemDet.action HTTP/1.1" 200 11414
127.0.0.1 - - [18/Nov/2020:12:35:56 +0530] "GET /ProjectTNL/hibernate-configuration-3.0.dtd HTTP/1.1" 200 2737
127.0.0.1 - - [18/Nov/2020:12:35:56 +0530] "GET /ProjectTNL/hibernate-configuration-3.0.dtd HTTP/1.1" 200 2737
127.0.0.1 - - [18/Nov/2020:12:35:56 +0530] "GET /ProjectTNL/hibernate-configuration-3.0.dtd HTTP/1.1" 200 2737
127.0.0.1 - - [18/Nov/2020:12:36:01 +0530] "GET /ProjectTNL/hibernate-configuration-3.0.dtd HTTP/1.1" 200 2737
127.0.0.1 - - [18/Nov/2020:12:36:01 +0530] "GET /ProjectTNL/hibernate-configuration-3.0.dtd HTTP/1.1" 200 2737
127.0.0.1 - - [18/Nov/2020:12:36:01 +0530] "GET /ProjectTNL/hibernate-configuration-3.0.dtd HTTP/1.1" 200 2737
127.0.0.1 - - [18/Nov/2020:12:36:03 +0530] "GET /ProjectTNL/hibernate-configuration-3.0.dtd HTTP/1.1" 200 2737
127.0.0.1 - - [18/Nov/2020:12:36:03 +0530] "GET /ProjectTNL/hibernate-configuration-3.0.dtd HTTP/1.1" 200 2737
127.0.0.1 - - [18/Nov/2020:12:36:03 +0530] "GET /ProjectTNL/hibernate-configuration-3.0.dtd HTTP/1.1" 200 2737
127.0.0.1 - - [18/Nov/2020:12:38:18 +0530] "GET / HTTP/1.1" 404 751
127.0.0.1 - - [18/Nov/2020:12:38:20 +0530] "GET /ProjectTNL/tiles-config_3_0.dtd HTTP/1.1" 200 10864
0:0:0:0:0:0:0:1 - - [18/Nov/2020:12:38:22 +0530] "GET /ProjectTNL/ HTTP/1.1" 200 1744
0:0:0:0:0:0:0:1 - - [18/Nov/2020:12:38:29 +0530] "POST /ProjectTNL/authlogin.action;jsessionid=BEA64F3920AEB1FE5E095CADCBA7E683 HTTP/1.1" 200 1896
127.0.0.1 - - [18/Nov/2020:12:38:36 +0530] "GET /ProjectTNL/hibernate-configuration-3.0.dtd HTTP/1.1" 200 2737
127.0.0.1 - - [18/Nov/2020:12:38:41 +0530] "GET /ProjectTNL/hibernate-configuration-3.0.dtd HTTP/1.1" 200 2737
0:0:0:0:0:0:0:1 - - [18/Nov/2020:12:38:42 +0530] "GET /ProjectTNL/dispMemForm.action HTTP/1.1" 200 11414
127.0.0.1 - - [18/Nov/2020:12:38:42 +0530] "GET /ProjectTNL/hibernate-configuration-3.0.dtd HTTP/1.1" 200 2737
127.0.0.1 - - [18/Nov/2020:12:38:44 +0530] "GET /ProjectTNL/hibernate-configuration-3.0.dtd HTTP/1.1" 200 2737
0:0:0:0:0:0:0:1 - - [18/Nov/2020:12:38:45 +0530] "GET /ProjectTNL/dispMemForm.action HTTP/1.1" 200 11414
127.0.0.1 - - [18/Nov/2020:12:39:37 +0530] "GET /ProjectTNL/hibernate-configuration-3.0.dtd HTTP/1.1" 200 2737
127.0.0.1 - - [18/Nov/2020:12:39:38 +0530] "GET /ProjectTNL/hibernate-configuration-3.0.dtd HTTP/1.1" 200 2737
0:0:0:0:0:0:0:1 - - [18/Nov/2020:12:39:39 +0530] "POST /ProjectTNL/addMemDet.action HTTP/1.1" 200 11459
127.0.0.1 - - [18/Nov/2020:12:39:39 +0530] "GET /ProjectTNL/hibernate-configuration-3.0.dtd HTTP/1.1" 200 2737
127.0.0.1 - - [18/Nov/2020:12:39:40 +0530] "GET /ProjectTNL/hibernate-configuration-3.0.dtd HTTP/1.1" 200 2737
0:0:0:0:0:0:0:1 - - [18/Nov/2020:12:39:42 +0530] "GET /ProjectTNL/addMemDet.action HTTP/1.1" 200 11414
127.0.0.1 - - [18/Nov/2020:12:46:46 +0530] "GET / HTTP/1.1" 404 751
127.0.0.1 - - [18/Nov/2020:12:46:47 +0530] "GET /ProjectTNL/tiles-config_3_0.dtd HTTP/1.1" 200 10864
0:0:0:0:0:0:0:1 - - [18/Nov/2020:12:46:48 +0530] "GET /ProjectTNL/ HTTP/1.1" 200 1700
0:0:0:0:0:0:0:1 - - [18/Nov/2020:12:46:56 +0530] "POST /ProjectTNL/authlogin.action HTTP/1.1" 200 1896
127.0.0.1 - - [18/Nov/2020:12:47:00 +0530] "GET /ProjectTNL/hibernate-configuration-3.0.dtd HTTP/1.1" 200 2737
127.0.0.1 - - [18/Nov/2020:12:47:05 +0530] "GET /ProjectTNL/hibernate-configuration-3.0.dtd HTTP/1.1" 200 2737
0:0:0:0:0:0:0:1 - - [18/Nov/2020:12:47:06 +0530] "GET /ProjectTNL/dispMemForm.action HTTP/1.1" 200 11414
127.0.0.1 - - [18/Nov/2020:12:47:07 +0530] "GET /ProjectTNL/hibernate-configuration-3.0.dtd HTTP/1.1" 200 2737
127.0.0.1 - - [18/Nov/2020:12:47:08 +0530] "GET /ProjectTNL/hibernate-configuration-3.0.dtd HTTP/1.1" 200 2737
0:0:0:0:0:0:0:1 - - [18/Nov/2020:12:47:10 +0530] "GET /ProjectTNL/dispMemForm.action HTTP/1.1" 200 11414
127.0.0.1 - - [18/Nov/2020:12:48:49 +0530] "GET /ProjectTNL/tiles-config_3_0.dtd HTTP/1.1" 200 10864
127.0.0.1 - - [18/Nov/2020:12:48:49 +0530] "GET /ProjectTNL/tiles-config_3_0.dtd HTTP/1.1" 200 10864
127.0.0.1 - - [18/Nov/2020:12:48:49 +0530] "GET /ProjectTNL/tiles-config_3_0.dtd HTTP/1.1" 200 10864
127.0.0.1 - - [18/Nov/2020:12:49:31 +0530] "GET / HTTP/1.1" 404 751
127.0.0.1 - - [18/Nov/2020:12:49:32 +0530] "GET /ProjectTNL/tiles-config_3_0.dtd HTTP/1.1" 200 10864
0:0:0:0:0:0:0:1 - - [18/Nov/2020:12:49:34 +0530] "GET /ProjectTNL/ HTTP/1.1" 200 1700
0:0:0:0:0:0:0:1 - - [18/Nov/2020:12:49:38 +0530] "GET /ProjectTNL/ HTTP/1.1" 200 1700
0:0:0:0:0:0:0:1 - - [18/Nov/2020:12:49:46 +0530] "POST /ProjectTNL/authlogin.action HTTP/1.1" 200 1896
127.0.0.1 - - [18/Nov/2020:12:49:48 +0530] "GET /ProjectTNL/hibernate-configuration-3.0.dtd HTTP/1.1" 200 2737
127.0.0.1 - - [18/Nov/2020:12:49:53 +0530] "GET /ProjectTNL/hibernate-configuration-3.0.dtd HTTP/1.1" 200 2737
0:0:0:0:0:0:0:1 - - [18/Nov/2020:12:49:55 +0530] "GET /ProjectTNL/dispMemForm.action HTTP/1.1" 200 11414
127.0.0.1 - - [18/Nov/2020:12:49:55 +0530] "GET /ProjectTNL/hibernate-configuration-3.0.dtd HTTP/1.1" 200 2737
127.0.0.1 - - [18/Nov/2020:12:49:56 +0530] "GET /ProjectTNL/hibernate-configuration-3.0.dtd HTTP/1.1" 200 2737
127.0.0.1 - - [18/Nov/2020:12:49:56 +0530] "GET /ProjectTNL/hibernate-configuration-3.0.dtd HTTP/1.1" 200 2737
0:0:0:0:0:0:0:1 - - [18/Nov/2020:12:49:58 +0530] "GET /ProjectTNL/dispMemForm.action HTTP/1.1" 500 11719
0:0:0:0:0:0:0:1 - - [18/Nov/2020:12:49:58 +0530] "GET /favicon.ico HTTP/1.1" 404 762
0:0:0:0:0:0:0:1 - - [18/Nov/2020:12:50:00 +0530] "GET /ProjectTNL/dispMemForm.action HTTP/1.1" 200 11414
127.0.0.1 - - [18/Nov/2020:13:59:20 +0530] "GET / HTTP/1.1" 404 751
127.0.0.1 - - [18/Nov/2020:13:59:21 +0530] "GET /ProjectTNL/tiles-config_3_0.dtd HTTP/1.1" 200 10864
0:0:0:0:0:0:0:1 - - [18/Nov/2020:13:59:22 +0530] "GET /ProjectTNL/ HTTP/1.1" 200 1700
0:0:0:0:0:0:0:1 - - [18/Nov/2020:13:59:30 +0530] "POST /ProjectTNL/authlogin.action HTTP/1.1" 200 1896
127.0.0.1 - - [18/Nov/2020:13:59:34 +0530] "GET /ProjectTNL/hibernate-configuration-3.0.dtd HTTP/1.1" 200 2737
127.0.0.1 - - [18/Nov/2020:13:59:38 +0530] "GET /ProjectTNL/hibernate-configuration-3.0.dtd HTTP/1.1" 200 2737
0:0:0:0:0:0:0:1 - - [18/Nov/2020:13:59:40 +0530] "GET /ProjectTNL/dispMemForm.action HTTP/1.1" 200 11414
127.0.0.1 - - [18/Nov/2020:13:59:40 +0530] "GET /ProjectTNL/hibernate-configuration-3.0.dtd HTTP/1.1" 200 2737
127.0.0.1 - - [18/Nov/2020:13:59:41 +0530] "GET /ProjectTNL/hibernate-configuration-3.0.dtd HTTP/1.1" 200 2737
0:0:0:0:0:0:0:1 - - [18/Nov/2020:13:59:43 +0530] "GET /ProjectTNL/dispMemForm.action HTTP/1.1" 200 11414
127.0.0.1 - - [18/Nov/2020:14:00:38 +0530] "GET / HTTP/1.1" 404 751
127.0.0.1 - - [18/Nov/2020:14:00:39 +0530] "GET /ProjectTNL/tiles-config_3_0.dtd HTTP/1.1" 200 10864
0:0:0:0:0:0:0:1 - - [18/Nov/2020:14:00:40 +0530] "GET /ProjectTNL/ HTTP/1.1" 200 1700
0:0:0:0:0:0:0:1 - - [18/Nov/2020:14:00:48 +0530] "POST /ProjectTNL/authlogin.action HTTP/1.1" 200 1896
127.0.0.1 - - [18/Nov/2020:14:00:51 +0530] "GET /ProjectTNL/hibernate-configuration-3.0.dtd HTTP/1.1" 200 2737
127.0.0.1 - - [18/Nov/2020:14:00:55 +0530] "GET /ProjectTNL/hibernate-configuration-3.0.dtd HTTP/1.1" 200 2737
0:0:0:0:0:0:0:1 - - [18/Nov/2020:14:00:57 +0530] "GET /ProjectTNL/dispMemForm.action HTTP/1.1" 200 11414
127.0.0.1 - - [18/Nov/2020:14:00:57 +0530] "GET /ProjectTNL/hibernate-configuration-3.0.dtd HTTP/1.1" 200 2737
127.0.0.1 - - [18/Nov/2020:14:00:58 +0530] "GET /ProjectTNL/hibernate-configuration-3.0.dtd HTTP/1.1" 200 2737
0:0:0:0:0:0:0:1 - - [18/Nov/2020:14:00:59 +0530] "GET /ProjectTNL/dispMemForm.action HTTP/1.1" 200 11414
127.0.0.1 - - [18/Nov/2020:14:01:13 +0530] "GET /ProjectTNL/hibernate-configuration-3.0.dtd HTTP/1.1" 200 2737
127.0.0.1 - - [18/Nov/2020:14:01:14 +0530] "GET /ProjectTNL/hibernate-configuration-3.0.dtd HTTP/1.1" 200 2737
0:0:0:0:0:0:0:1 - - [18/Nov/2020:14:01:15 +0530] "POST /ProjectTNL/addMemDet.action HTTP/1.1" 200 11459
127.0.0.1 - - [18/Nov/2020:14:01:15 +0530] "GET /ProjectTNL/hibernate-configuration-3.0.dtd HTTP/1.1" 200 2737
127.0.0.1 - - [18/Nov/2020:14:01:17 +0530] "GET /ProjectTNL/hibernate-configuration-3.0.dtd HTTP/1.1" 200 2737
0:0:0:0:0:0:0:1 - - [18/Nov/2020:14:01:18 +0530] "GET /ProjectTNL/addMemDet.action HTTP/1.1" 200 11414
127.0.0.1 - - [18/Nov/2020:14:01:53 +0530] "GET / HTTP/1.1" 404 751
127.0.0.1 - - [18/Nov/2020:14:01:54 +0530] "GET /ProjectTNL/tiles-config_3_0.dtd HTTP/1.1" 200 10864
0:0:0:0:0:0:0:1 - - [18/Nov/2020:14:01:55 +0530] "GET /ProjectTNL/ HTTP/1.1" 200 1700
0:0:0:0:0:0:0:1 - - [18/Nov/2020:14:02:07 +0530] "POST /ProjectTNL/authlogin.action HTTP/1.1" 200 1896
127.0.0.1 - - [18/Nov/2020:14:02:13 +0530] "GET /ProjectTNL/hibernate-configuration-3.0.dtd HTTP/1.1" 200 2737
127.0.0.1 - - [18/Nov/2020:14:02:18 +0530] "GET /ProjectTNL/hibernate-configuration-3.0.dtd HTTP/1.1" 200 2737
0:0:0:0:0:0:0:1 - - [18/Nov/2020:14:02:19 +0530] "GET /ProjectTNL/dispMemForm.action HTTP/1.1" 200 11414
127.0.0.1 - - [18/Nov/2020:14:02:19 +0530] "GET /ProjectTNL/hibernate-configuration-3.0.dtd HTTP/1.1" 200 2737
127.0.0.1 - - [18/Nov/2020:14:02:21 +0530] "GET /ProjectTNL/hibernate-configuration-3.0.dtd HTTP/1.1" 200 2737
0:0:0:0:0:0:0:1 - - [18/Nov/2020:14:02:22 +0530] "GET /ProjectTNL/dispMemForm.action HTTP/1.1" 200 11414
127.0.0.1 - - [18/Nov/2020:14:05:45 +0530] "GET / HTTP/1.1" 404 751
127.0.0.1 - - [18/Nov/2020:14:05:45 +0530] "GET /ProjectTNL/tiles-config_3_0.dtd HTTP/1.1" 200 10864
0:0:0:0:0:0:0:1 - - [18/Nov/2020:14:05:47 +0530] "GET /ProjectTNL/ HTTP/1.1" 200 1700
0:0:0:0:0:0:0:1 - - [18/Nov/2020:14:05:57 +0530] "POST /ProjectTNL/authlogin.action HTTP/1.1" 200 1896
127.0.0.1 - - [18/Nov/2020:14:06:04 +0530] "GET /ProjectTNL/hibernate-configuration-3.0.dtd HTTP/1.1" 200 2737
127.0.0.1 - - [18/Nov/2020:14:06:08 +0530] "GET /ProjectTNL/hibernate-configuration-3.0.dtd HTTP/1.1" 200 2737
0:0:0:0:0:0:0:1 - - [18/Nov/2020:14:06:10 +0530] "GET /ProjectTNL/dispMemForm.action HTTP/1.1" 200 11414
127.0.0.1 - - [18/Nov/2020:14:06:10 +0530] "GET /ProjectTNL/hibernate-configuration-3.0.dtd HTTP/1.1" 200 2737
127.0.0.1 - - [18/Nov/2020:14:06:11 +0530] "GET /ProjectTNL/hibernate-configuration-3.0.dtd HTTP/1.1" 200 2737
0:0:0:0:0:0:0:1 - - [18/Nov/2020:14:06:13 +0530] "GET /ProjectTNL/dispMemForm.action HTTP/1.1" 200 11414
127.0.0.1 - - [18/Nov/2020:14:06:25 +0530] "GET /ProjectTNL/hibernate-configuration-3.0.dtd HTTP/1.1" 200 2737
127.0.0.1 - - [18/Nov/2020:14:06:25 +0530] "GET /ProjectTNL/hibernate-configuration-3.0.dtd HTTP/1.1" 200 2737
127.0.0.1 - - [18/Nov/2020:14:06:25 +0530] "GET /ProjectTNL/hibernate-configuration-3.0.dtd HTTP/1.1" 200 2737
127.0.0.1 - - [18/Nov/2020:14:06:48 +0530] "GET /ProjectTNL/hibernate-configuration-3.0.dtd HTTP/1.1" 200 2737
127.0.0.1 - - [18/Nov/2020:14:06:49 +0530] "GET /ProjectTNL/hibernate-configuration-3.0.dtd HTTP/1.1" 200 2737
0:0:0:0:0:0:0:1 - - [18/Nov/2020:14:06:50 +0530] "POST /ProjectTNL/addMemDet.action HTTP/1.1" 200 11459
127.0.0.1 - - [18/Nov/2020:14:06:50 +0530] "GET /ProjectTNL/hibernate-configuration-3.0.dtd HTTP/1.1" 200 2737
127.0.0.1 - - [18/Nov/2020:14:06:51 +0530] "GET /ProjectTNL/hibernate-configuration-3.0.dtd HTTP/1.1" 200 2737
0:0:0:0:0:0:0:1 - - [18/Nov/2020:14:06:53 +0530] "GET /ProjectTNL/addMemDet.action HTTP/1.1" 200 11414
127.0.0.1 - - [18/Nov/2020:14:07:54 +0530] "GET / HTTP/1.1" 404 751
127.0.0.1 - - [18/Nov/2020:14:07:55 +0530] "GET /ProjectTNL/tiles-config_3_0.dtd HTTP/1.1" 200 10864
0:0:0:0:0:0:0:1 - - [18/Nov/2020:14:07:57 +0530] "GET /ProjectTNL/ HTTP/1.1" 200 1700
0:0:0:0:0:0:0:1 - - [18/Nov/2020:14:08:10 +0530] "POST /ProjectTNL/authlogin.action HTTP/1.1" 200 1896
127.0.0.1 - - [18/Nov/2020:14:08:28 +0530] "GET /ProjectTNL/hibernate-configuration-3.0.dtd HTTP/1.1" 200 2737
127.0.0.1 - - [18/Nov/2020:14:08:32 +0530] "GET /ProjectTNL/hibernate-configuration-3.0.dtd HTTP/1.1" 200 2737
0:0:0:0:0:0:0:1 - - [18/Nov/2020:14:08:33 +0530] "GET /ProjectTNL/dispMemForm.action HTTP/1.1" 200 11414
127.0.0.1 - - [18/Nov/2020:14:08:33 +0530] "GET /ProjectTNL/hibernate-configuration-3.0.dtd HTTP/1.1" 200 2737
127.0.0.1 - - [18/Nov/2020:14:08:34 +0530] "GET /ProjectTNL/hibernate-configuration-3.0.dtd HTTP/1.1" 200 2737
0:0:0:0:0:0:0:1 - - [18/Nov/2020:14:08:35 +0530] "GET /ProjectTNL/dispMemForm.action HTTP/1.1" 200 11414
127.0.0.1 - - [18/Nov/2020:16:25:37 +0530] "GET / HTTP/1.1" 404 751
127.0.0.1 - - [18/Nov/2020:16:25:38 +0530] "GET /ProjectTNL/tiles-config_3_0.dtd HTTP/1.1" 200 10864
0:0:0:0:0:0:0:1 - - [18/Nov/2020:16:25:39 +0530] "GET /ProjectTNL/ HTTP/1.1" 200 1700
0:0:0:0:0:0:0:1 - - [18/Nov/2020:16:25:49 +0530] "POST /ProjectTNL/authlogin.action HTTP/1.1" 200 1896
127.0.0.1 - - [18/Nov/2020:16:25:55 +0530] "GET /ProjectTNL/hibernate-configuration-3.0.dtd HTTP/1.1" 200 2737
127.0.0.1 - - [18/Nov/2020:16:25:58 +0530] "GET /ProjectTNL/hibernate-configuration-3.0.dtd HTTP/1.1" 200 2737
0:0:0:0:0:0:0:1 - - [18/Nov/2020:16:26:00 +0530] "GET /ProjectTNL/dispMemForm.action HTTP/1.1" 200 11414
127.0.0.1 - - [18/Nov/2020:16:26:00 +0530] "GET /ProjectTNL/hibernate-configuration-3.0.dtd HTTP/1.1" 200 2737
127.0.0.1 - - [18/Nov/2020:16:26:00 +0530] "GET /ProjectTNL/hibernate-configuration-3.0.dtd HTTP/1.1" 200 2737
0:0:0:0:0:0:0:1 - - [18/Nov/2020:16:26:02 +0530] "GET /ProjectTNL/dispMemForm.action HTTP/1.1" 200 11414
0:0:0:0:0:0:0:1 - - [18/Nov/2020:16:26:54 +0530] "GET /ProjectTNL/ HTTP/1.1" 200 1744
0:0:0:0:0:0:0:1 - - [18/Nov/2020:16:26:55 +0530] "GET /favicon.ico HTTP/1.1" 404 762
0:0:0:0:0:0:0:1 - - [18/Nov/2020:16:27:01 +0530] "POST /ProjectTNL/authlogin.action;jsessionid=9979AE844F75C99AD7307865AF83681D HTTP/1.1" 200 1896
127.0.0.1 - - [18/Nov/2020:16:27:03 +0530] "GET /ProjectTNL/hibernate-configuration-3.0.dtd HTTP/1.1" 200 2737
127.0.0.1 - - [18/Nov/2020:16:27:04 +0530] "GET /ProjectTNL/hibernate-configuration-3.0.dtd HTTP/1.1" 200 2737
0:0:0:0:0:0:0:1 - - [18/Nov/2020:16:27:05 +0530] "GET /ProjectTNL/dispMemForm.action HTTP/1.1" 200 11414
127.0.0.1 - - [18/Nov/2020:16:27:05 +0530] "GET /ProjectTNL/hibernate-configuration-3.0.dtd HTTP/1.1" 200 2737
127.0.0.1 - - [18/Nov/2020:16:27:06 +0530] "GET /ProjectTNL/hibernate-configuration-3.0.dtd HTTP/1.1" 200 2737
0:0:0:0:0:0:0:1 - - [18/Nov/2020:16:27:07 +0530] "GET /ProjectTNL/dispMemForm.action HTTP/1.1" 200 11414
127.0.0.1 - - [18/Nov/2020:16:31:38 +0530] "GET /ProjectTNL/hibernate-configuration-3.0.dtd HTTP/1.1" 200 2737
127.0.0.1 - - [18/Nov/2020:16:31:39 +0530] "GET /ProjectTNL/hibernate-configuration-3.0.dtd HTTP/1.1" 200 2737
127.0.0.1 - - [18/Nov/2020:16:31:39 +0530] "GET /ProjectTNL/hibernate-configuration-3.0.dtd HTTP/1.1" 200 2737
0:0:0:0:0:0:0:1 - - [18/Nov/2020:16:31:40 +0530] "POST /ProjectTNL/addMemDet.action HTTP/1.1" 200 11587
127.0.0.1 - - [18/Nov/2020:16:31:40 +0530] "GET /ProjectTNL/hibernate-configuration-3.0.dtd HTTP/1.1" 200 2737
127.0.0.1 - - [18/Nov/2020:16:31:41 +0530] "GET /ProjectTNL/hibernate-configuration-3.0.dtd HTTP/1.1" 200 2737
0:0:0:0:0:0:0:1 - - [18/Nov/2020:16:31:42 +0530] "GET /ProjectTNL/addMemDet.action HTTP/1.1" 200 11414
127.0.0.1 - - [18/Nov/2020:16:33:21 +0530] "GET /ProjectTNL/hibernate-configuration-3.0.dtd HTTP/1.1" 200 2737
127.0.0.1 - - [18/Nov/2020:16:33:21 +0530] "GET /ProjectTNL/hibernate-configuration-3.0.dtd HTTP/1.1" 200 2737
127.0.0.1 - - [18/Nov/2020:16:33:21 +0530] "GET /ProjectTNL/hibernate-configuration-3.0.dtd HTTP/1.1" 200 2737
127.0.0.1 - - [18/Nov/2020:16:52:40 +0530] "GET / HTTP/1.1" 404 751
127.0.0.1 - - [18/Nov/2020:16:52:41 +0530] "GET /ProjectTNL/tiles-config_3_0.dtd HTTP/1.1" 200 10864
0:0:0:0:0:0:0:1 - - [18/Nov/2020:16:52:42 +0530] "GET /ProjectTNL/ HTTP/1.1" 200 1700
0:0:0:0:0:0:0:1 - - [18/Nov/2020:16:52:51 +0530] "POST /ProjectTNL/authlogin.action HTTP/1.1" 200 1896
127.0.0.1 - - [18/Nov/2020:16:52:59 +0530] "GET /ProjectTNL/hibernate-configuration-3.0.dtd HTTP/1.1" 200 2737
127.0.0.1 - - [18/Nov/2020:16:53:03 +0530] "GET /ProjectTNL/hibernate-configuration-3.0.dtd HTTP/1.1" 200 2737
0:0:0:0:0:0:0:1 - - [18/Nov/2020:16:53:05 +0530] "GET /ProjectTNL/dispMemForm.action HTTP/1.1" 200 11414
127.0.0.1 - - [18/Nov/2020:16:53:05 +0530] "GET /ProjectTNL/hibernate-configuration-3.0.dtd HTTP/1.1" 200 2737
127.0.0.1 - - [18/Nov/2020:16:53:05 +0530] "GET /ProjectTNL/hibernate-configuration-3.0.dtd HTTP/1.1" 200 2737
0:0:0:0:0:0:0:1 - - [18/Nov/2020:16:53:06 +0530] "GET /ProjectTNL/dispMemForm.action HTTP/1.1" 200 11414
127.0.0.1 - - [18/Nov/2020:16:53:11 +0530] "GET /ProjectTNL/hibernate-configuration-3.0.dtd HTTP/1.1" 200 2737
127.0.0.1 - - [18/Nov/2020:16:53:11 +0530] "GET /ProjectTNL/hibernate-configuration-3.0.dtd HTTP/1.1" 200 2737
127.0.0.1 - - [18/Nov/2020:16:53:11 +0530] "GET /ProjectTNL/hibernate-configuration-3.0.dtd HTTP/1.1" 200 2737
0:0:0:0:0:0:0:1 - - [18/Nov/2020:16:53:24 +0530] "GET /ProjectTNL/ HTTP/1.1" 200 1700
0:0:0:0:0:0:0:1 - - [18/Nov/2020:16:53:32 +0530] "POST /ProjectTNL/authlogin.action HTTP/1.1" 200 1896
127.0.0.1 - - [18/Nov/2020:16:53:33 +0530] "GET /ProjectTNL/hibernate-configuration-3.0.dtd HTTP/1.1" 200 2737
127.0.0.1 - - [18/Nov/2020:16:53:34 +0530] "GET /ProjectTNL/hibernate-configuration-3.0.dtd HTTP/1.1" 200 2737
0:0:0:0:0:0:0:1 - - [18/Nov/2020:16:53:34 +0530] "GET /ProjectTNL/dispMemForm.action HTTP/1.1" 200 11414
127.0.0.1 - - [18/Nov/2020:16:53:35 +0530] "GET /ProjectTNL/hibernate-configuration-3.0.dtd HTTP/1.1" 200 2737
127.0.0.1 - - [18/Nov/2020:16:53:35 +0530] "GET /ProjectTNL/hibernate-configuration-3.0.dtd HTTP/1.1" 200 2737
0:0:0:0:0:0:0:1 - - [18/Nov/2020:16:53:36 +0530] "GET /ProjectTNL/dispMemForm.action HTTP/1.1" 200 11414
127.0.0.1 - - [18/Nov/2020:16:55:03 +0530] "GET /ProjectTNL/hibernate-configuration-3.0.dtd HTTP/1.1" 200 2737
127.0.0.1 - - [18/Nov/2020:16:55:04 +0530] "GET /ProjectTNL/hibernate-configuration-3.0.dtd HTTP/1.1" 200 2737
127.0.0.1 - - [18/Nov/2020:16:55:06 +0530] "GET /ProjectTNL/hibernate-configuration-3.0.dtd HTTP/1.1" 200 2737
0:0:0:0:0:0:0:1 - - [18/Nov/2020:16:55:07 +0530] "POST /ProjectTNL/addMemDet.action HTTP/1.1" 200 13068
127.0.0.1 - - [18/Nov/2020:16:55:07 +0530] "GET /ProjectTNL/hibernate-configuration-3.0.dtd HTTP/1.1" 200 2737
127.0.0.1 - - [18/Nov/2020:16:55:08 +0530] "GET /ProjectTNL/hibernate-configuration-3.0.dtd HTTP/1.1" 200 2737
0:0:0:0:0:0:0:1 - - [18/Nov/2020:16:55:08 +0530] "GET /ProjectTNL/addMemDet.action HTTP/1.1" 200 12895
0:0:0:0:0:0:0:1 - - [18/Nov/2020:16:55:28 +0530] "GET /ProjectTNL/homePage HTTP/1.1" 200 1896
127.0.0.1 - - [18/Nov/2020:16:55:29 +0530] "GET /ProjectTNL/hibernate-configuration-3.0.dtd HTTP/1.1" 200 2737
0:0:0:0:0:0:0:1 - - [18/Nov/2020:16:55:30 +0530] "GET /ProjectTNL/dispMemDetIndiv.action HTTP/1.1" 200 12531
127.0.0.1 - - [18/Nov/2020:16:55:33 +0530] "GET /ProjectTNL/hibernate-configuration-3.0.dtd HTTP/1.1" 200 2737
127.0.0.1 - - [18/Nov/2020:16:55:34 +0530] "GET /ProjectTNL/hibernate-configuration-3.0.dtd HTTP/1.1" 200 2737
0:0:0:0:0:0:0:1 - - [18/Nov/2020:16:55:34 +0530] "POST /ProjectTNL/dispMemberDetByMemNo.action HTTP/1.1" 500 7388
127.0.0.1 - - [18/Nov/2020:16:58:43 +0530] "GET / HTTP/1.1" 404 751
127.0.0.1 - - [18/Nov/2020:16:58:44 +0530] "GET /ProjectTNL/tiles-config_3_0.dtd HTTP/1.1" 200 10864
0:0:0:0:0:0:0:1 - - [18/Nov/2020:16:58:45 +0530] "GET /ProjectTNL/ HTTP/1.1" 200 1700
0:0:0:0:0:0:0:1 - - [18/Nov/2020:16:58:54 +0530] "POST /ProjectTNL/authlogin.action HTTP/1.1" 200 1896
127.0.0.1 - - [18/Nov/2020:16:59:01 +0530] "GET /ProjectTNL/hibernate-configuration-3.0.dtd HTTP/1.1" 200 2737
0:0:0:0:0:0:0:1 - - [18/Nov/2020:16:59:05 +0530] "GET /ProjectTNL/dispMemDetIndiv.action HTTP/1.1" 200 12531
127.0.0.1 - - [18/Nov/2020:16:59:27 +0530] "GET /ProjectTNL/hibernate-configuration-3.0.dtd HTTP/1.1" 200 2737
127.0.0.1 - - [18/Nov/2020:16:59:27 +0530] "GET /ProjectTNL/hibernate-configuration-3.0.dtd HTTP/1.1" 200 2737
0:0:0:0:0:0:0:1 - - [18/Nov/2020:16:59:28 +0530] "POST /ProjectTNL/dispMemberDetByMemNo.action HTTP/1.1" 200 66783
0:0:0:0:0:0:0:1 - - [18/Nov/2020:17:37:11 +0530] "GET /ProjectTNL/ HTTP/1.1" 200 1744
0:0:0:0:0:0:0:1 - - [18/Nov/2020:17:37:20 +0530] "POST /ProjectTNL/authlogin.action;jsessionid=3F05C6827C3BB844921F5DE7A185E0EF HTTP/1.1" 200 1896
0:0:0:0:0:0:0:1 - - [18/Nov/2020:17:37:43 +0530] "GET /ProjectTNL/ HTTP/1.1" 200 1700
0:0:0:0:0:0:0:1 - - [18/Nov/2020:17:37:51 +0530] "POST /ProjectTNL/authlogin.action HTTP/1.1" 200 1896
127.0.0.1 - - [18/Nov/2020:17:37:57 +0530] "GET /ProjectTNL/hibernate-configuration-3.0.dtd HTTP/1.1" 200 2737
127.0.0.1 - - [18/Nov/2020:17:37:58 +0530] "GET /ProjectTNL/hibernate-configuration-3.0.dtd HTTP/1.1" 200 2737
127.0.0.1 - - [18/Nov/2020:17:37:58 +0530] "GET /ProjectTNL/hibernate-configuration-3.0.dtd HTTP/1.1" 200 2737
0:0:0:0:0:0:0:1 - - [18/Nov/2020:17:37:59 +0530] "GET /ProjectTNL/dispLoanForm.action HTTP/1.1" 200 12813
0:0:0:0:0:0:0:1 - - [18/Nov/2020:17:37:59 +0530] "GET /ProjectTNL/css/style_loan.css HTTP/1.1" 200 7430
0:0:0:0:0:0:0:1 - - [18/Nov/2020:17:37:59 +0530] "GET /ProjectTNL/js/loan.js HTTP/1.1" 200 1262
127.0.0.1 - - [18/Nov/2020:17:37:59 +0530] "GET /ProjectTNL/hibernate-configuration-3.0.dtd HTTP/1.1" 200 2737
127.0.0.1 - - [18/Nov/2020:17:38:00 +0530] "GET /ProjectTNL/hibernate-configuration-3.0.dtd HTTP/1.1" 200 2737
127.0.0.1 - - [18/Nov/2020:17:38:01 +0530] "GET /ProjectTNL/hibernate-configuration-3.0.dtd HTTP/1.1" 200 2737
0:0:0:0:0:0:0:1 - - [18/Nov/2020:17:38:01 +0530] "GET /ProjectTNL/dispLoanForm.action HTTP/1.1" 200 12813
127.0.0.1 - - [18/Nov/2020:22:02:57 +0530] "GET / HTTP/1.1" 404 751
127.0.0.1 - - [18/Nov/2020:22:02:58 +0530] "GET /ProjectTNL/tiles-config_3_0.dtd HTTP/1.1" 200 10864
0:0:0:0:0:0:0:1 - - [18/Nov/2020:22:02:59 +0530] "GET /ProjectTNL/ HTTP/1.1" 200 1700
0:0:0:0:0:0:0:1 - - [18/Nov/2020:22:03:08 +0530] "POST /ProjectTNL/authlogin.action HTTP/1.1" 200 1896
127.0.0.1 - - [18/Nov/2020:22:03:11 +0530] "GET /ProjectTNL/hibernate-configuration-3.0.dtd HTTP/1.1" 200 2737
127.0.0.1 - - [18/Nov/2020:22:03:15 +0530] "GET /ProjectTNL/hibernate-configuration-3.0.dtd HTTP/1.1" 200 2737
0:0:0:0:0:0:0:1 - - [18/Nov/2020:22:03:15 +0530] "GET /ProjectTNL/dispLoanForm.action HTTP/1.1" 500 24649
127.0.0.1 - - [18/Nov/2020:22:03:49 +0530] "GET /ProjectTNL/hibernate-configuration-3.0.dtd HTTP/1.1" 200 2737
127.0.0.1 - - [18/Nov/2020:22:03:49 +0530] "GET /ProjectTNL/hibernate-configuration-3.0.dtd HTTP/1.1" 200 2737
127.0.0.1 - - [18/Nov/2020:22:03:49 +0530] "GET /ProjectTNL/hibernate-configuration-3.0.dtd HTTP/1.1" 200 2737
127.0.0.1 - - [18/Nov/2020:22:04:29 +0530] "GET / HTTP/1.1" 404 751
127.0.0.1 - - [18/Nov/2020:22:04:29 +0530] "GET /ProjectTNL/tiles-config_3_0.dtd HTTP/1.1" 200 10864
0:0:0:0:0:0:0:1 - - [18/Nov/2020:22:04:30 +0530] "GET /ProjectTNL/ HTTP/1.1" 200 1700
0:0:0:0:0:0:0:1 - - [18/Nov/2020:22:05:20 +0530] "POST /ProjectTNL/authlogin.action HTTP/1.1" 200 1896
127.0.0.1 - - [18/Nov/2020:22:05:23 +0530] "GET /ProjectTNL/hibernate-configuration-3.0.dtd HTTP/1.1" 200 2737
127.0.0.1 - - [18/Nov/2020:22:05:27 +0530] "GET /ProjectTNL/hibernate-configuration-3.0.dtd HTTP/1.1" 200 2737
127.0.0.1 - - [18/Nov/2020:22:05:29 +0530] "GET /ProjectTNL/hibernate-configuration-3.0.dtd HTTP/1.1" 200 2737
0:0:0:0:0:0:0:1 - - [18/Nov/2020:22:05:31 +0530] "GET /ProjectTNL/dispLoanForm.action HTTP/1.1" 200 12813
127.0.0.1 - - [18/Nov/2020:22:05:31 +0530] "GET /ProjectTNL/hibernate-configuration-3.0.dtd HTTP/1.1" 200 2737
127.0.0.1 - - [18/Nov/2020:22:05:32 +0530] "GET /ProjectTNL/hibernate-configuration-3.0.dtd HTTP/1.1" 200 2737
127.0.0.1 - - [18/Nov/2020:22:05:33 +0530] "GET /ProjectTNL/hibernate-configuration-3.0.dtd HTTP/1.1" 200 2737
0:0:0:0:0:0:0:1 - - [18/Nov/2020:22:05:35 +0530] "GET /ProjectTNL/dispLoanForm.action HTTP/1.1" 200 12813
0:0:0:0:0:0:0:1 - - [18/Nov/2020:22:06:01 +0530] "GET /ProjectTNL/homePage HTTP/1.1" 200 1896
127.0.0.1 - - [18/Nov/2020:22:06:06 +0530] "GET /ProjectTNL/hibernate-configuration-3.0.dtd HTTP/1.1" 200 2737
127.0.0.1 - - [18/Nov/2020:22:06:07 +0530] "GET /ProjectTNL/hibernate-configuration-3.0.dtd HTTP/1.1" 200 2737
0:0:0:0:0:0:0:1 - - [18/Nov/2020:22:06:09 +0530] "GET /ProjectTNL/dispMemForm.action HTTP/1.1" 200 11414
127.0.0.1 - - [18/Nov/2020:22:06:09 +0530] "GET /ProjectTNL/hibernate-configuration-3.0.dtd HTTP/1.1" 200 2737
127.0.0.1 - - [18/Nov/2020:22:06:10 +0530] "GET /ProjectTNL/hibernate-configuration-3.0.dtd HTTP/1.1" 200 2737
0:0:0:0:0:0:0:1 - - [18/Nov/2020:22:06:11 +0530] "GET /ProjectTNL/dispMemForm.action HTTP/1.1" 200 11414
127.0.0.1 - - [18/Nov/2020:22:06:17 +0530] "GET /ProjectTNL/hibernate-configuration-3.0.dtd HTTP/1.1" 200 2737
127.0.0.1 - - [18/Nov/2020:22:06:17 +0530] "GET /ProjectTNL/hibernate-configuration-3.0.dtd HTTP/1.1" 200 2737
127.0.0.1 - - [18/Nov/2020:22:06:17 +0530] "GET /ProjectTNL/hibernate-configuration-3.0.dtd HTTP/1.1" 200 2737
127.0.0.1 - - [18/Nov/2020:22:06:22 +0530] "GET /ProjectTNL/hibernate-configuration-3.0.dtd HTTP/1.1" 200 2737
127.0.0.1 - - [18/Nov/2020:22:06:22 +0530] "GET /ProjectTNL/hibernate-configuration-3.0.dtd HTTP/1.1" 200 2737
127.0.0.1 - - [18/Nov/2020:22:06:22 +0530] "GET /ProjectTNL/hibernate-configuration-3.0.dtd HTTP/1.1" 200 2737
127.0.0.1 - - [18/Nov/2020:22:06:23 +0530] "GET /ProjectTNL/hibernate-configuration-3.0.dtd HTTP/1.1" 200 2737
127.0.0.1 - - [18/Nov/2020:22:06:23 +0530] "GET /ProjectTNL/hibernate-configuration-3.0.dtd HTTP/1.1" 200 2737
127.0.0.1 - - [18/Nov/2020:22:06:23 +0530] "GET /ProjectTNL/hibernate-configuration-3.0.dtd HTTP/1.1" 200 2737
127.0.0.1 - - [18/Nov/2020:22:06:54 +0530] "GET / HTTP/1.1" 404 751
127.0.0.1 - - [18/Nov/2020:22:06:54 +0530] "GET /ProjectTNL/tiles-config_3_0.dtd HTTP/1.1" 200 10864
0:0:0:0:0:0:0:1 - - [18/Nov/2020:22:06:55 +0530] "GET /ProjectTNL/ HTTP/1.1" 200 1700
0:0:0:0:0:0:0:1 - - [18/Nov/2020:22:07:06 +0530] "POST /ProjectTNL/authlogin.action HTTP/1.1" 200 1896
127.0.0.1 - - [18/Nov/2020:22:07:09 +0530] "GET /ProjectTNL/hibernate-configuration-3.0.dtd HTTP/1.1" 200 2737
127.0.0.1 - - [18/Nov/2020:22:07:12 +0530] "GET /ProjectTNL/hibernate-configuration-3.0.dtd HTTP/1.1" 200 2737
0:0:0:0:0:0:0:1 - - [18/Nov/2020:22:07:13 +0530] "GET /ProjectTNL/dispMemForm.action HTTP/1.1" 200 11414
127.0.0.1 - - [18/Nov/2020:22:07:13 +0530] "GET /ProjectTNL/hibernate-configuration-3.0.dtd HTTP/1.1" 200 2737
127.0.0.1 - - [18/Nov/2020:22:07:14 +0530] "GET /ProjectTNL/hibernate-configuration-3.0.dtd HTTP/1.1" 200 2737
0:0:0:0:0:0:0:1 - - [18/Nov/2020:22:07:15 +0530] "GET /ProjectTNL/dispMemForm.action HTTP/1.1" 200 11414
127.0.0.1 - - [18/Nov/2020:22:07:23 +0530] "GET /ProjectTNL/hibernate-configuration-3.0.dtd HTTP/1.1" 200 2737
127.0.0.1 - - [18/Nov/2020:22:07:23 +0530] "GET /ProjectTNL/hibernate-configuration-3.0.dtd HTTP/1.1" 200 2737
0:0:0:0:0:0:0:1 - - [18/Nov/2020:22:07:24 +0530] "POST /ProjectTNL/addMemDet.action HTTP/1.1" 200 11459
127.0.0.1 - - [18/Nov/2020:22:07:24 +0530] "GET /ProjectTNL/hibernate-configuration-3.0.dtd HTTP/1.1" 200 2737
127.0.0.1 - - [18/Nov/2020:22:07:24 +0530] "GET /ProjectTNL/hibernate-configuration-3.0.dtd HTTP/1.1" 200 2737
0:0:0:0:0:0:0:1 - - [18/Nov/2020:22:07:25 +0530] "GET /ProjectTNL/addMemDet.action HTTP/1.1" 200 11414
127.0.0.1 - - [18/Nov/2020:22:09:05 +0530] "GET / HTTP/1.1" 404 751
