127.0.0.1 - - [17/Nov/2020:18:21:31 +0530] "GET /ProjectTNL/tiles-config_3_0.dtd HTTP/1.1" 200 10864
0:0:0:0:0:0:0:1 - - [17/Nov/2020:18:21:32 +0530] "GET /ProjectTNL/ HTTP/1.1" 200 1700
0:0:0:0:0:0:0:1 - - [17/Nov/2020:18:21:52 +0530] "POST /ProjectTNL/authlogin.action HTTP/1.1" 200 1896
127.0.0.1 - - [17/Nov/2020:18:21:58 +0530] "GET /ProjectTNL/hibernate-configuration-3.0.dtd HTTP/1.1" 200 2737
127.0.0.1 - - [17/Nov/2020:18:22:03 +0530] "GET /ProjectTNL/hibernate-configuration-3.0.dtd HTTP/1.1" 200 2737
0:0:0:0:0:0:0:1 - - [17/Nov/2020:18:22:04 +0530] "GET /ProjectTNL/dispMemForm.action HTTP/1.1" 200 11414
127.0.0.1 - - [17/Nov/2020:18:22:04 +0530] "GET /ProjectTNL/hibernate-configuration-3.0.dtd HTTP/1.1" 200 2737
127.0.0.1 - - [17/Nov/2020:18:22:06 +0530] "GET /ProjectTNL/hibernate-configuration-3.0.dtd HTTP/1.1" 200 2737
0:0:0:0:0:0:0:1 - - [17/Nov/2020:18:22:08 +0530] "GET /ProjectTNL/dispMemForm.action HTTP/1.1" 200 11414
127.0.0.1 - - [17/Nov/2020:18:23:47 +0530] "GET /ProjectTNL/hibernate-configuration-3.0.dtd HTTP/1.1" 200 2737
0:0:0:0:0:0:0:1 - - [17/Nov/2020:18:23:49 +0530] "POST /ProjectTNL/addMemDet.action HTTP/1.1" 404 781
127.0.0.1 - - [17/Nov/2020:18:42:27 +0530] "GET /ProjectTNL/hibernate-configuration-3.0.dtd HTTP/1.1" 200 2737
127.0.0.1 - - [17/Nov/2020:18:42:27 +0530] "GET /ProjectTNL/hibernate-configuration-3.0.dtd HTTP/1.1" 200 2737
127.0.0.1 - - [17/Nov/2020:18:42:27 +0530] "GET /ProjectTNL/hibernate-configuration-3.0.dtd HTTP/1.1" 200 2737
127.0.0.1 - - [17/Nov/2020:18:42:32 +0530] "GET /ProjectTNL/hibernate-configuration-3.0.dtd HTTP/1.1" 200 2737
127.0.0.1 - - [17/Nov/2020:18:42:32 +0530] "GET /ProjectTNL/hibernate-configuration-3.0.dtd HTTP/1.1" 200 2737
127.0.0.1 - - [17/Nov/2020:18:42:32 +0530] "GET /ProjectTNL/hibernate-configuration-3.0.dtd HTTP/1.1" 200 2737
127.0.0.1 - - [17/Nov/2020:18:43:10 +0530] "GET /ProjectTNL/hibernate-configuration-3.0.dtd HTTP/1.1" 200 2737
127.0.0.1 - - [17/Nov/2020:18:43:10 +0530] "GET /ProjectTNL/hibernate-configuration-3.0.dtd HTTP/1.1" 200 2737
127.0.0.1 - - [17/Nov/2020:18:43:10 +0530] "GET /ProjectTNL/hibernate-configuration-3.0.dtd HTTP/1.1" 200 2737
127.0.0.1 - - [17/Nov/2020:18:44:26 +0530] "GET / HTTP/1.1" 404 751
127.0.0.1 - - [17/Nov/2020:18:44:27 +0530] "GET /ProjectTNL/tiles-config_3_0.dtd HTTP/1.1" 200 10864
0:0:0:0:0:0:0:1 - - [17/Nov/2020:18:44:28 +0530] "GET /ProjectTNL/ HTTP/1.1" 200 1700
0:0:0:0:0:0:0:1 - - [17/Nov/2020:18:46:00 +0530] "POST /ProjectTNL/authlogin.action HTTP/1.1" 200 1896
127.0.0.1 - - [17/Nov/2020:18:46:12 +0530] "GET /ProjectTNL/hibernate-configuration-3.0.dtd HTTP/1.1" 200 2737
127.0.0.1 - - [17/Nov/2020:18:46:16 +0530] "GET /ProjectTNL/hibernate-configuration-3.0.dtd HTTP/1.1" 200 2737
0:0:0:0:0:0:0:1 - - [17/Nov/2020:18:46:18 +0530] "GET /ProjectTNL/dispMemForm.action HTTP/1.1" 200 11414
127.0.0.1 - - [17/Nov/2020:18:46:18 +0530] "GET /ProjectTNL/hibernate-configuration-3.0.dtd HTTP/1.1" 200 2737
127.0.0.1 - - [17/Nov/2020:18:46:19 +0530] "GET /ProjectTNL/hibernate-configuration-3.0.dtd HTTP/1.1" 200 2737
0:0:0:0:0:0:0:1 - - [17/Nov/2020:18:46:21 +0530] "GET /ProjectTNL/dispMemForm.action HTTP/1.1" 200 11414
127.0.0.1 - - [17/Nov/2020:18:47:07 +0530] "GET /ProjectTNL/hibernate-configuration-3.0.dtd HTTP/1.1" 200 2737
127.0.0.1 - - [17/Nov/2020:18:47:08 +0530] "GET /ProjectTNL/hibernate-configuration-3.0.dtd HTTP/1.1" 200 2737
127.0.0.1 - - [17/Nov/2020:18:47:14 +0530] "GET /ProjectTNL/hibernate-configuration-3.0.dtd HTTP/1.1" 200 2737
0:0:0:0:0:0:0:1 - - [17/Nov/2020:18:47:20 +0530] "POST /ProjectTNL/addMemDet.action HTTP/1.1" 200 11458
127.0.0.1 - - [17/Nov/2020:18:47:20 +0530] "GET /ProjectTNL/hibernate-configuration-3.0.dtd HTTP/1.1" 200 2737
127.0.0.1 - - [17/Nov/2020:18:47:21 +0530] "GET /ProjectTNL/hibernate-configuration-3.0.dtd HTTP/1.1" 200 2737
0:0:0:0:0:0:0:1 - - [17/Nov/2020:18:47:23 +0530] "GET /ProjectTNL/addMemDet.action HTTP/1.1" 200 11414
127.0.0.1 - - [17/Nov/2020:18:54:17 +0530] "GET / HTTP/1.1" 404 751
127.0.0.1 - - [17/Nov/2020:18:54:18 +0530] "GET /ProjectTNL/tiles-config_3_0.dtd HTTP/1.1" 200 10864
0:0:0:0:0:0:0:1 - - [17/Nov/2020:18:54:19 +0530] "GET /ProjectTNL/ HTTP/1.1" 200 1700
0:0:0:0:0:0:0:1 - - [17/Nov/2020:18:54:32 +0530] "POST /ProjectTNL/authlogin.action HTTP/1.1" 200 1896
127.0.0.1 - - [17/Nov/2020:18:54:41 +0530] "GET /ProjectTNL/hibernate-configuration-3.0.dtd HTTP/1.1" 200 2737
127.0.0.1 - - [17/Nov/2020:18:54:46 +0530] "GET /ProjectTNL/hibernate-configuration-3.0.dtd HTTP/1.1" 200 2737
0:0:0:0:0:0:0:1 - - [17/Nov/2020:18:54:47 +0530] "GET /ProjectTNL/dispMemForm.action HTTP/1.1" 200 11414
127.0.0.1 - - [17/Nov/2020:18:54:47 +0530] "GET /ProjectTNL/hibernate-configuration-3.0.dtd HTTP/1.1" 200 2737
127.0.0.1 - - [17/Nov/2020:18:54:49 +0530] "GET /ProjectTNL/hibernate-configuration-3.0.dtd HTTP/1.1" 200 2737
0:0:0:0:0:0:0:1 - - [17/Nov/2020:18:54:50 +0530] "GET /ProjectTNL/dispMemForm.action HTTP/1.1" 200 11414
127.0.0.1 - - [17/Nov/2020:18:55:40 +0530] "GET /ProjectTNL/hibernate-configuration-3.0.dtd HTTP/1.1" 200 2737
127.0.0.1 - - [17/Nov/2020:18:55:41 +0530] "GET /ProjectTNL/hibernate-configuration-3.0.dtd HTTP/1.1" 200 2737
127.0.0.1 - - [17/Nov/2020:18:55:43 +0530] "GET /ProjectTNL/hibernate-configuration-3.0.dtd HTTP/1.1" 200 2737
0:0:0:0:0:0:0:1 - - [17/Nov/2020:18:55:44 +0530] "POST /ProjectTNL/addMemDet.action HTTP/1.1" 200 11467
127.0.0.1 - - [17/Nov/2020:18:55:44 +0530] "GET /ProjectTNL/hibernate-configuration-3.0.dtd HTTP/1.1" 200 2737
127.0.0.1 - - [17/Nov/2020:18:55:46 +0530] "GET /ProjectTNL/hibernate-configuration-3.0.dtd HTTP/1.1" 200 2737
0:0:0:0:0:0:0:1 - - [17/Nov/2020:18:55:47 +0530] "GET /ProjectTNL/addMemDet.action HTTP/1.1" 200 11414
127.0.0.1 - - [17/Nov/2020:18:56:34 +0530] "GET /ProjectTNL/hibernate-configuration-3.0.dtd HTTP/1.1" 200 2737
127.0.0.1 - - [17/Nov/2020:18:56:34 +0530] "GET /ProjectTNL/hibernate-configuration-3.0.dtd HTTP/1.1" 200 2737
127.0.0.1 - - [17/Nov/2020:18:56:34 +0530] "GET /ProjectTNL/hibernate-configuration-3.0.dtd HTTP/1.1" 200 2737
127.0.0.1 - - [17/Nov/2020:18:57:21 +0530] "GET / HTTP/1.1" 404 751
127.0.0.1 - - [17/Nov/2020:18:57:22 +0530] "GET /ProjectTNL/tiles-config_3_0.dtd HTTP/1.1" 200 10864
0:0:0:0:0:0:0:1 - - [17/Nov/2020:18:57:23 +0530] "GET /ProjectTNL/ HTTP/1.1" 200 1700
0:0:0:0:0:0:0:1 - - [17/Nov/2020:18:57:32 +0530] "POST /ProjectTNL/authlogin.action HTTP/1.1" 200 1896
127.0.0.1 - - [17/Nov/2020:18:57:36 +0530] "GET /ProjectTNL/hibernate-configuration-3.0.dtd HTTP/1.1" 200 2737
127.0.0.1 - - [17/Nov/2020:18:57:36 +0530] "GET /ProjectTNL/hibernate-configuration-3.0.dtd HTTP/1.1" 200 2737
127.0.0.1 - - [17/Nov/2020:18:57:41 +0530] "GET /ProjectTNL/hibernate-configuration-3.0.dtd HTTP/1.1" 200 2737
127.0.0.1 - - [17/Nov/2020:18:57:41 +0530] "GET /ProjectTNL/hibernate-configuration-3.0.dtd HTTP/1.1" 200 2737
0:0:0:0:0:0:0:1 - - [17/Nov/2020:18:57:42 +0530] "GET /ProjectTNL/dispMemForm.action HTTP/1.1" 200 11414
127.0.0.1 - - [17/Nov/2020:18:57:42 +0530] "GET /ProjectTNL/hibernate-configuration-3.0.dtd HTTP/1.1" 200 2737
0:0:0:0:0:0:0:1 - - [17/Nov/2020:18:57:43 +0530] "GET /ProjectTNL/dispMemForm.action HTTP/1.1" 200 6
127.0.0.1 - - [17/Nov/2020:18:57:44 +0530] "GET /ProjectTNL/hibernate-configuration-3.0.dtd HTTP/1.1" 200 2737
0:0:0:0:0:0:0:1 - - [17/Nov/2020:18:57:45 +0530] "GET /ProjectTNL/dispMemForm.action HTTP/1.1" 200 11414
127.0.0.1 - - [17/Nov/2020:18:58:16 +0530] "GET /ProjectTNL/hibernate-configuration-3.0.dtd HTTP/1.1" 200 2737
127.0.0.1 - - [17/Nov/2020:18:58:17 +0530] "GET /ProjectTNL/hibernate-configuration-3.0.dtd HTTP/1.1" 200 2737
127.0.0.1 - - [17/Nov/2020:18:58:18 +0530] "GET /ProjectTNL/hibernate-configuration-3.0.dtd HTTP/1.1" 200 2737
0:0:0:0:0:0:0:1 - - [17/Nov/2020:18:58:19 +0530] "POST /ProjectTNL/addMemDet.action HTTP/1.1" 200 12180
127.0.0.1 - - [17/Nov/2020:18:58:19 +0530] "GET /ProjectTNL/hibernate-configuration-3.0.dtd HTTP/1.1" 200 2737
127.0.0.1 - - [17/Nov/2020:18:58:19 +0530] "GET /ProjectTNL/hibernate-configuration-3.0.dtd HTTP/1.1" 200 2737
0:0:0:0:0:0:0:1 - - [17/Nov/2020:18:58:20 +0530] "GET /ProjectTNL/addMemDet.action HTTP/1.1" 200 12135
127.0.0.1 - - [17/Nov/2020:19:03:01 +0530] "GET /ProjectTNL/hibernate-configuration-3.0.dtd HTTP/1.1" 200 2737
127.0.0.1 - - [17/Nov/2020:19:03:01 +0530] "GET /ProjectTNL/hibernate-configuration-3.0.dtd HTTP/1.1" 200 2737
127.0.0.1 - - [17/Nov/2020:19:03:01 +0530] "GET /ProjectTNL/hibernate-configuration-3.0.dtd HTTP/1.1" 200 2737
127.0.0.1 - - [17/Nov/2020:20:37:25 +0530] "GET /ProjectTNL/hibernate-configuration-3.0.dtd HTTP/1.1" 200 2737
127.0.0.1 - - [17/Nov/2020:20:37:25 +0530] "GET /ProjectTNL/hibernate-configuration-3.0.dtd HTTP/1.1" 200 2737
127.0.0.1 - - [17/Nov/2020:20:37:25 +0530] "GET /ProjectTNL/hibernate-configuration-3.0.dtd HTTP/1.1" 200 2737
127.0.0.1 - - [17/Nov/2020:20:39:54 +0530] "GET / HTTP/1.1" 404 751
127.0.0.1 - - [17/Nov/2020:20:39:55 +0530] "GET /ProjectTNL/tiles-config_3_0.dtd HTTP/1.1" 200 10864
0:0:0:0:0:0:0:1 - - [17/Nov/2020:20:39:56 +0530] "GET /ProjectTNL/ HTTP/1.1" 200 1700
0:0:0:0:0:0:0:1 - - [17/Nov/2020:20:40:05 +0530] "POST /ProjectTNL/authlogin.action HTTP/1.1" 200 1896
127.0.0.1 - - [17/Nov/2020:20:40:16 +0530] "GET /ProjectTNL/hibernate-configuration-3.0.dtd HTTP/1.1" 200 2737
0:0:0:0:0:0:0:1 - - [17/Nov/2020:20:40:23 +0530] "GET /ProjectTNL/dispMemDetIndiv.action HTTP/1.1" 500 30172
127.0.0.1 - - [17/Nov/2020:21:11:24 +0530] "GET / HTTP/1.1" 404 751
127.0.0.1 - - [17/Nov/2020:21:11:25 +0530] "GET /ProjectTNL/tiles-config_3_0.dtd HTTP/1.1" 200 10864
0:0:0:0:0:0:0:1 - - [17/Nov/2020:21:11:26 +0530] "GET /ProjectTNL/ HTTP/1.1" 200 1700
0:0:0:0:0:0:0:1 - - [17/Nov/2020:21:11:38 +0530] "POST /ProjectTNL/authlogin.action HTTP/1.1" 200 1896
127.0.0.1 - - [17/Nov/2020:21:11:44 +0530] "GET /ProjectTNL/hibernate-configuration-3.0.dtd HTTP/1.1" 200 2737
127.0.0.1 - - [17/Nov/2020:21:11:49 +0530] "GET /ProjectTNL/hibernate-configuration-3.0.dtd HTTP/1.1" 200 2737
0:0:0:0:0:0:0:1 - - [17/Nov/2020:21:11:51 +0530] "GET /ProjectTNL/dispMemForm.action HTTP/1.1" 200 11414
127.0.0.1 - - [17/Nov/2020:21:11:51 +0530] "GET /ProjectTNL/hibernate-configuration-3.0.dtd HTTP/1.1" 200 2737
127.0.0.1 - - [17/Nov/2020:21:11:52 +0530] "GET /ProjectTNL/hibernate-configuration-3.0.dtd HTTP/1.1" 200 2737
0:0:0:0:0:0:0:1 - - [17/Nov/2020:21:11:54 +0530] "GET /ProjectTNL/dispMemForm.action HTTP/1.1" 200 11414
127.0.0.1 - - [17/Nov/2020:21:12:37 +0530] "GET /ProjectTNL/hibernate-configuration-3.0.dtd HTTP/1.1" 200 2737
127.0.0.1 - - [17/Nov/2020:21:12:38 +0530] "GET /ProjectTNL/hibernate-configuration-3.0.dtd HTTP/1.1" 200 2737
127.0.0.1 - - [17/Nov/2020:21:12:40 +0530] "GET /ProjectTNL/hibernate-configuration-3.0.dtd HTTP/1.1" 200 2737
0:0:0:0:0:0:0:1 - - [17/Nov/2020:21:12:42 +0530] "POST /ProjectTNL/addMemDet.action HTTP/1.1" 200 11467
127.0.0.1 - - [17/Nov/2020:21:12:42 +0530] "GET /ProjectTNL/hibernate-configuration-3.0.dtd HTTP/1.1" 200 2737
127.0.0.1 - - [17/Nov/2020:21:12:43 +0530] "GET /ProjectTNL/hibernate-configuration-3.0.dtd HTTP/1.1" 200 2737
0:0:0:0:0:0:0:1 - - [17/Nov/2020:21:12:45 +0530] "GET /ProjectTNL/addMemDet.action HTTP/1.1" 200 11414
127.0.0.1 - - [17/Nov/2020:21:14:14 +0530] "GET /ProjectTNL/hibernate-configuration-3.0.dtd HTTP/1.1" 200 2737
127.0.0.1 - - [17/Nov/2020:21:14:14 +0530] "GET /ProjectTNL/hibernate-configuration-3.0.dtd HTTP/1.1" 200 2737
127.0.0.1 - - [17/Nov/2020:21:14:14 +0530] "GET /ProjectTNL/hibernate-configuration-3.0.dtd HTTP/1.1" 200 2737
127.0.0.1 - - [17/Nov/2020:21:14:15 +0530] "GET /ProjectTNL/hibernate-configuration-3.0.dtd HTTP/1.1" 200 2737
127.0.0.1 - - [17/Nov/2020:21:14:15 +0530] "GET /ProjectTNL/hibernate-configuration-3.0.dtd HTTP/1.1" 200 2737
127.0.0.1 - - [17/Nov/2020:21:14:15 +0530] "GET /ProjectTNL/hibernate-configuration-3.0.dtd HTTP/1.1" 200 2737
127.0.0.1 - - [17/Nov/2020:21:14:16 +0530] "GET /ProjectTNL/hibernate-configuration-3.0.dtd HTTP/1.1" 200 2737
127.0.0.1 - - [17/Nov/2020:21:14:16 +0530] "GET /ProjectTNL/hibernate-configuration-3.0.dtd HTTP/1.1" 200 2737
127.0.0.1 - - [17/Nov/2020:21:14:16 +0530] "GET /ProjectTNL/hibernate-configuration-3.0.dtd HTTP/1.1" 200 2737
127.0.0.1 - - [17/Nov/2020:21:15:23 +0530] "GET / HTTP/1.1" 404 751
127.0.0.1 - - [17/Nov/2020:21:15:24 +0530] "GET /ProjectTNL/tiles-config_3_0.dtd HTTP/1.1" 200 10864
0:0:0:0:0:0:0:1 - - [17/Nov/2020:21:15:25 +0530] "GET /ProjectTNL/ HTTP/1.1" 200 1700
0:0:0:0:0:0:0:1 - - [17/Nov/2020:21:15:38 +0530] "POST /ProjectTNL/authlogin.action HTTP/1.1" 200 1896
127.0.0.1 - - [17/Nov/2020:21:15:41 +0530] "GET /ProjectTNL/hibernate-configuration-3.0.dtd HTTP/1.1" 200 2737
127.0.0.1 - - [17/Nov/2020:21:15:45 +0530] "GET /ProjectTNL/hibernate-configuration-3.0.dtd HTTP/1.1" 200 2737
0:0:0:0:0:0:0:1 - - [17/Nov/2020:21:15:46 +0530] "GET /ProjectTNL/dispMemForm.action HTTP/1.1" 200 11414
127.0.0.1 - - [17/Nov/2020:21:15:46 +0530] "GET /ProjectTNL/hibernate-configuration-3.0.dtd HTTP/1.1" 200 2737
127.0.0.1 - - [17/Nov/2020:21:15:47 +0530] "GET /ProjectTNL/hibernate-configuration-3.0.dtd HTTP/1.1" 200 2737
0:0:0:0:0:0:0:1 - - [17/Nov/2020:21:15:49 +0530] "GET /ProjectTNL/dispMemForm.action HTTP/1.1" 200 11414
127.0.0.1 - - [17/Nov/2020:21:16:17 +0530] "GET /ProjectTNL/hibernate-configuration-3.0.dtd HTTP/1.1" 200 2737
127.0.0.1 - - [17/Nov/2020:21:16:18 +0530] "GET /ProjectTNL/hibernate-configuration-3.0.dtd HTTP/1.1" 200 2737
127.0.0.1 - - [17/Nov/2020:21:16:19 +0530] "GET /ProjectTNL/hibernate-configuration-3.0.dtd HTTP/1.1" 200 2737
0:0:0:0:0:0:0:1 - - [17/Nov/2020:21:16:20 +0530] "POST /ProjectTNL/addMemDet.action HTTP/1.1" 200 12198
127.0.0.1 - - [17/Nov/2020:21:16:20 +0530] "GET /ProjectTNL/hibernate-configuration-3.0.dtd HTTP/1.1" 200 2737
127.0.0.1 - - [17/Nov/2020:21:16:21 +0530] "GET /ProjectTNL/hibernate-configuration-3.0.dtd HTTP/1.1" 200 2737
0:0:0:0:0:0:0:1 - - [17/Nov/2020:21:16:22 +0530] "GET /ProjectTNL/addMemDet.action HTTP/1.1" 200 12145
0:0:0:0:0:0:0:1 - - [17/Nov/2020:21:16:47 +0530] "GET /ProjectTNL/homePage HTTP/1.1" 200 1896
127.0.0.1 - - [17/Nov/2020:21:16:51 +0530] "GET /ProjectTNL/hibernate-configuration-3.0.dtd HTTP/1.1" 200 2737
0:0:0:0:0:0:0:1 - - [17/Nov/2020:21:16:52 +0530] "GET /ProjectTNL/dispMemDetIndiv.action HTTP/1.1" 500 30172
127.0.0.1 - - [17/Nov/2020:21:21:26 +0530] "GET / HTTP/1.1" 404 751
127.0.0.1 - - [17/Nov/2020:21:21:27 +0530] "GET /ProjectTNL/tiles-config_3_0.dtd HTTP/1.1" 200 10864
0:0:0:0:0:0:0:1 - - [17/Nov/2020:21:21:29 +0530] "GET /ProjectTNL/ HTTP/1.1" 200 1700
0:0:0:0:0:0:0:1 - - [17/Nov/2020:21:21:39 +0530] "POST /ProjectTNL/authlogin.action HTTP/1.1" 200 1896
127.0.0.1 - - [17/Nov/2020:21:21:43 +0530] "GET /ProjectTNL/hibernate-configuration-3.0.dtd HTTP/1.1" 200 2737
0:0:0:0:0:0:0:1 - - [17/Nov/2020:21:21:49 +0530] "GET /ProjectTNL/dispMemDetIndiv.action HTTP/1.1" 500 30172
127.0.0.1 - - [17/Nov/2020:21:36:36 +0530] "GET /ProjectTNL/tiles-config_3_0.dtd HTTP/1.1" 200 10864
127.0.0.1 - - [17/Nov/2020:21:36:36 +0530] "GET /ProjectTNL/tiles-config_3_0.dtd HTTP/1.1" 200 10864
127.0.0.1 - - [17/Nov/2020:21:36:36 +0530] "GET /ProjectTNL/tiles-config_3_0.dtd HTTP/1.1" 200 10864
127.0.0.1 - - [17/Nov/2020:21:36:38 +0530] "GET /ProjectTNL/hibernate-configuration-3.0.dtd HTTP/1.1" 200 2737
127.0.0.1 - - [17/Nov/2020:21:36:38 +0530] "GET /ProjectTNL/hibernate-configuration-3.0.dtd HTTP/1.1" 200 2737
127.0.0.1 - - [17/Nov/2020:21:36:38 +0530] "GET /ProjectTNL/hibernate-configuration-3.0.dtd HTTP/1.1" 200 2737
127.0.0.1 - - [17/Nov/2020:21:37:24 +0530] "GET / HTTP/1.1" 404 751
127.0.0.1 - - [17/Nov/2020:21:37:25 +0530] "GET /ProjectTNL/tiles-config_3_0.dtd HTTP/1.1" 200 10864
0:0:0:0:0:0:0:1 - - [17/Nov/2020:21:37:26 +0530] "GET /ProjectTNL/ HTTP/1.1" 200 1700
0:0:0:0:0:0:0:1 - - [17/Nov/2020:21:37:38 +0530] "POST /ProjectTNL/authlogin.action HTTP/1.1" 200 1896
127.0.0.1 - - [17/Nov/2020:21:37:43 +0530] "GET /ProjectTNL/hibernate-configuration-3.0.dtd HTTP/1.1" 200 2737
0:0:0:0:0:0:0:1 - - [17/Nov/2020:21:37:50 +0530] "GET /ProjectTNL/dispMemDetIndiv.action HTTP/1.1" 200 13030
127.0.0.1 - - [17/Nov/2020:21:37:50 +0530] "GET /ProjectTNL/hibernate-configuration-3.0.dtd HTTP/1.1" 200 2737
0:0:0:0:0:0:0:1 - - [17/Nov/2020:21:37:51 +0530] "GET /ProjectTNL/dispMemDetIndiv.action HTTP/1.1" 200 13030
127.0.0.1 - - [17/Nov/2020:21:38:01 +0530] "GET /ProjectTNL/hibernate-configuration-3.0.dtd HTTP/1.1" 200 2737
127.0.0.1 - - [17/Nov/2020:21:38:02 +0530] "GET /ProjectTNL/hibernate-configuration-3.0.dtd HTTP/1.1" 200 2737
0:0:0:0:0:0:0:1 - - [17/Nov/2020:21:38:03 +0530] "POST /ProjectTNL/dispMemberDetByMemNo.action HTTP/1.1" 500 7388
127.0.0.1 - - [17/Nov/2020:21:42:19 +0530] "GET / HTTP/1.1" 404 751
127.0.0.1 - - [17/Nov/2020:21:42:20 +0530] "GET /ProjectTNL/tiles-config_3_0.dtd HTTP/1.1" 200 10864
0:0:0:0:0:0:0:1 - - [17/Nov/2020:21:42:21 +0530] "GET /ProjectTNL/ HTTP/1.1" 200 1700
0:0:0:0:0:0:0:1 - - [17/Nov/2020:21:42:39 +0530] "POST /ProjectTNL/authlogin.action HTTP/1.1" 200 1896
127.0.0.1 - - [17/Nov/2020:21:42:46 +0530] "GET /ProjectTNL/hibernate-configuration-3.0.dtd HTTP/1.1" 200 2737
0:0:0:0:0:0:0:1 - - [17/Nov/2020:21:42:50 +0530] "GET /ProjectTNL/dispMemDetIndiv.action HTTP/1.1" 200 13030
127.0.0.1 - - [17/Nov/2020:21:42:50 +0530] "GET /ProjectTNL/hibernate-configuration-3.0.dtd HTTP/1.1" 200 2737
0:0:0:0:0:0:0:1 - - [17/Nov/2020:21:42:51 +0530] "GET /ProjectTNL/dispMemDetIndiv.action HTTP/1.1" 200 13030
127.0.0.1 - - [17/Nov/2020:21:43:00 +0530] "GET /ProjectTNL/hibernate-configuration-3.0.dtd HTTP/1.1" 200 2737
127.0.0.1 - - [17/Nov/2020:21:43:01 +0530] "GET /ProjectTNL/hibernate-configuration-3.0.dtd HTTP/1.1" 200 2737
0:0:0:0:0:0:0:1 - - [17/Nov/2020:21:43:02 +0530] "POST /ProjectTNL/dispMemberDetByMemNo.action HTTP/1.1" 200 13081
127.0.0.1 - - [17/Nov/2020:21:43:02 +0530] "GET /ProjectTNL/hibernate-configuration-3.0.dtd HTTP/1.1" 200 2737
0:0:0:0:0:0:0:1 - - [17/Nov/2020:21:43:03 +0530] "GET /ProjectTNL/dispMemberDetByMemNo.action HTTP/1.1" 500 7225
