127.0.0.1 - - [14/Nov/2020:11:10:49 +0530] "GET /ProjectTNL/hibernate-configuration-3.0.dtd HTTP/1.1" 200 2737
0:0:0:0:0:0:0:1 - - [14/Nov/2020:11:10:50 +0530] "GET /ProjectTNL/dispPrmsryNt.action HTTP/1.1" 200 5627
127.0.0.1 - - [14/Nov/2020:11:10:50 +0530] "GET /ProjectTNL/hibernate-configuration-3.0.dtd HTTP/1.1" 200 2737
127.0.0.1 - - [14/Nov/2020:11:10:51 +0530] "GET /ProjectTNL/hibernate-configuration-3.0.dtd HTTP/1.1" 200 2737
0:0:0:0:0:0:0:1 - - [14/Nov/2020:11:10:52 +0530] "GET /ProjectTNL/dispPrmsryNt.action HTTP/1.1" 200 5627
127.0.0.1 - - [14/Nov/2020:11:11:17 +0530] "GET /ProjectTNL/hibernate-configuration-3.0.dtd HTTP/1.1" 200 2737
127.0.0.1 - - [14/Nov/2020:11:11:18 +0530] "GET /ProjectTNL/hibernate-configuration-3.0.dtd HTTP/1.1" 200 2737
127.0.0.1 - - [14/Nov/2020:11:11:18 +0530] "GET /ProjectTNL/hibernate-configuration-3.0.dtd HTTP/1.1" 200 2737
0:0:0:0:0:0:0:1 - - [14/Nov/2020:11:11:19 +0530] "POST /ProjectTNL/addPrmsryDet.action HTTP/1.1" 200 5655
127.0.0.1 - - [14/Nov/2020:11:11:19 +0530] "GET /ProjectTNL/hibernate-configuration-3.0.dtd HTTP/1.1" 200 2737
127.0.0.1 - - [14/Nov/2020:11:11:19 +0530] "GET /ProjectTNL/hibernate-configuration-3.0.dtd HTTP/1.1" 200 2737
127.0.0.1 - - [14/Nov/2020:11:11:20 +0530] "GET /ProjectTNL/hibernate-configuration-3.0.dtd HTTP/1.1" 200 2737
0:0:0:0:0:0:0:1 - - [14/Nov/2020:11:11:21 +0530] "GET /ProjectTNL/addPrmsryDet.action HTTP/1.1" 200 5627
127.0.0.1 - - [14/Nov/2020:11:14:43 +0530] "GET / HTTP/1.1" 404 751
127.0.0.1 - - [14/Nov/2020:11:14:44 +0530] "GET /ProjectTNL/tiles-config_3_0.dtd HTTP/1.1" 200 10864
0:0:0:0:0:0:0:1 - - [14/Nov/2020:11:14:45 +0530] "GET /ProjectTNL/ HTTP/1.1" 200 1700
127.0.0.1 - - [14/Nov/2020:11:16:06 +0530] "GET / HTTP/1.1" 404 751
127.0.0.1 - - [14/Nov/2020:11:16:07 +0530] "GET /ProjectTNL/tiles-config_3_0.dtd HTTP/1.1" 200 10864
0:0:0:0:0:0:0:1 - - [14/Nov/2020:11:16:08 +0530] "GET /ProjectTNL/ HTTP/1.1" 200 1700
0:0:0:0:0:0:0:1 - - [14/Nov/2020:11:16:17 +0530] "POST /ProjectTNL/authlogin.action HTTP/1.1" 200 1711
127.0.0.1 - - [14/Nov/2020:11:16:26 +0530] "GET /ProjectTNL/hibernate-configuration-3.0.dtd HTTP/1.1" 200 2737
127.0.0.1 - - [14/Nov/2020:11:16:30 +0530] "GET /ProjectTNL/hibernate-configuration-3.0.dtd HTTP/1.1" 200 2737
0:0:0:0:0:0:0:1 - - [14/Nov/2020:11:16:31 +0530] "GET /ProjectTNL/dispPrmsryNt.action HTTP/1.1" 200 4401
127.0.0.1 - - [14/Nov/2020:11:16:31 +0530] "GET /ProjectTNL/hibernate-configuration-3.0.dtd HTTP/1.1" 200 2737
127.0.0.1 - - [14/Nov/2020:11:16:32 +0530] "GET /ProjectTNL/hibernate-configuration-3.0.dtd HTTP/1.1" 200 2737
0:0:0:0:0:0:0:1 - - [14/Nov/2020:11:16:33 +0530] "GET /ProjectTNL/dispPrmsryNt.action HTTP/1.1" 200 4401
127.0.0.1 - - [14/Nov/2020:11:16:55 +0530] "GET /ProjectTNL/hibernate-configuration-3.0.dtd HTTP/1.1" 200 2737
127.0.0.1 - - [14/Nov/2020:11:16:56 +0530] "GET /ProjectTNL/hibernate-configuration-3.0.dtd HTTP/1.1" 200 2737
127.0.0.1 - - [14/Nov/2020:11:16:57 +0530] "GET /ProjectTNL/hibernate-configuration-3.0.dtd HTTP/1.1" 200 2737
0:0:0:0:0:0:0:1 - - [14/Nov/2020:11:16:58 +0530] "POST /ProjectTNL/addPrmsryDet.action HTTP/1.1" 200 4730
127.0.0.1 - - [14/Nov/2020:11:16:58 +0530] "GET /ProjectTNL/hibernate-configuration-3.0.dtd HTTP/1.1" 200 2737
127.0.0.1 - - [14/Nov/2020:11:16:59 +0530] "GET /ProjectTNL/hibernate-configuration-3.0.dtd HTTP/1.1" 200 2737
127.0.0.1 - - [14/Nov/2020:11:16:59 +0530] "GET /ProjectTNL/hibernate-configuration-3.0.dtd HTTP/1.1" 200 2737
0:0:0:0:0:0:0:1 - - [14/Nov/2020:11:17:00 +0530] "GET /ProjectTNL/addPrmsryDet.action HTTP/1.1" 200 4706
127.0.0.1 - - [14/Nov/2020:11:23:51 +0530] "GET / HTTP/1.1" 404 751
127.0.0.1 - - [14/Nov/2020:11:23:52 +0530] "GET /ProjectTNL/tiles-config_3_0.dtd HTTP/1.1" 200 10864
0:0:0:0:0:0:0:1 - - [14/Nov/2020:11:23:53 +0530] "GET /ProjectTNL/ HTTP/1.1" 200 1700
127.0.0.1 - - [14/Nov/2020:11:24:56 +0530] "GET / HTTP/1.1" 404 751
127.0.0.1 - - [14/Nov/2020:11:24:57 +0530] "GET /ProjectTNL/tiles-config_3_0.dtd HTTP/1.1" 200 10864
0:0:0:0:0:0:0:1 - - [14/Nov/2020:11:24:58 +0530] "GET /ProjectTNL/ HTTP/1.1" 200 1700
0:0:0:0:0:0:0:1 - - [14/Nov/2020:11:25:05 +0530] "POST /ProjectTNL/authlogin.action HTTP/1.1" 200 1711
127.0.0.1 - - [14/Nov/2020:11:25:09 +0530] "GET /ProjectTNL/hibernate-configuration-3.0.dtd HTTP/1.1" 200 2737
0:0:0:0:0:0:0:1 - - [14/Nov/2020:11:25:11 +0530] "GET /ProjectTNL/dispPrmsryNt.action HTTP/1.1" 500 4693
127.0.0.1 - - [14/Nov/2020:11:28:22 +0530] "GET / HTTP/1.1" 404 751
127.0.0.1 - - [14/Nov/2020:11:28:23 +0530] "GET /ProjectTNL/tiles-config_3_0.dtd HTTP/1.1" 200 10864
0:0:0:0:0:0:0:1 - - [14/Nov/2020:11:28:24 +0530] "GET /ProjectTNL/ HTTP/1.1" 200 1700
0:0:0:0:0:0:0:1 - - [14/Nov/2020:11:28:31 +0530] "POST /ProjectTNL/authlogin.action HTTP/1.1" 200 1711
127.0.0.1 - - [14/Nov/2020:11:28:35 +0530] "GET /ProjectTNL/hibernate-configuration-3.0.dtd HTTP/1.1" 200 2737
127.0.0.1 - - [14/Nov/2020:11:28:39 +0530] "GET /ProjectTNL/hibernate-configuration-3.0.dtd HTTP/1.1" 200 2737
0:0:0:0:0:0:0:1 - - [14/Nov/2020:11:28:40 +0530] "GET /ProjectTNL/dispPrmsryNt.action HTTP/1.1" 200 4401
127.0.0.1 - - [14/Nov/2020:11:28:41 +0530] "GET /ProjectTNL/hibernate-configuration-3.0.dtd HTTP/1.1" 200 2737
127.0.0.1 - - [14/Nov/2020:11:28:42 +0530] "GET /ProjectTNL/hibernate-configuration-3.0.dtd HTTP/1.1" 200 2737
0:0:0:0:0:0:0:1 - - [14/Nov/2020:11:28:42 +0530] "GET /ProjectTNL/dispPrmsryNt.action HTTP/1.1" 200 4401
127.0.0.1 - - [14/Nov/2020:11:29:29 +0530] "GET /ProjectTNL/hibernate-configuration-3.0.dtd HTTP/1.1" 200 2737
127.0.0.1 - - [14/Nov/2020:11:29:30 +0530] "GET /ProjectTNL/hibernate-configuration-3.0.dtd HTTP/1.1" 200 2737
127.0.0.1 - - [14/Nov/2020:11:29:31 +0530] "GET /ProjectTNL/hibernate-configuration-3.0.dtd HTTP/1.1" 200 2737
0:0:0:0:0:0:0:1 - - [14/Nov/2020:11:29:32 +0530] "POST /ProjectTNL/addPrmsryDet.action HTTP/1.1" 200 5068
127.0.0.1 - - [14/Nov/2020:11:29:32 +0530] "GET /ProjectTNL/hibernate-configuration-3.0.dtd HTTP/1.1" 200 2737
127.0.0.1 - - [14/Nov/2020:11:29:32 +0530] "GET /ProjectTNL/hibernate-configuration-3.0.dtd HTTP/1.1" 200 2737
127.0.0.1 - - [14/Nov/2020:11:29:33 +0530] "GET /ProjectTNL/hibernate-configuration-3.0.dtd HTTP/1.1" 200 2737
0:0:0:0:0:0:0:1 - - [14/Nov/2020:11:29:34 +0530] "GET /ProjectTNL/addPrmsryDet.action HTTP/1.1" 200 5031
127.0.0.1 - - [14/Nov/2020:11:37:30 +0530] "GET / HTTP/1.1" 404 751
127.0.0.1 - - [14/Nov/2020:11:37:31 +0530] "GET /ProjectTNL/tiles-config_3_0.dtd HTTP/1.1" 200 10864
0:0:0:0:0:0:0:1 - - [14/Nov/2020:11:37:32 +0530] "GET /ProjectTNL/ HTTP/1.1" 200 1700
0:0:0:0:0:0:0:1 - - [14/Nov/2020:11:37:38 +0530] "POST /ProjectTNL/authlogin.action HTTP/1.1" 200 1711
0:0:0:0:0:0:0:1 - - [14/Nov/2020:11:37:45 +0530] "GET /ProjectTNL/dispThumbImprssnPage.action HTTP/1.1" 200 4826
0:0:0:0:0:0:0:1 - - [14/Nov/2020:11:38:01 +0530] "GET /ProjectTNL/ HTTP/1.1" 200 1700
0:0:0:0:0:0:0:1 - - [14/Nov/2020:11:38:06 +0530] "POST /ProjectTNL/authlogin.action HTTP/1.1" 200 1711
0:0:0:0:0:0:0:1 - - [14/Nov/2020:11:38:17 +0530] "GET /ProjectTNL/dispThumbImprssnPage.action HTTP/1.1" 200 4826
0:0:0:0:0:0:0:1 - - [14/Nov/2020:11:38:17 +0530] "GET /ProjectTNL/js/promisoryNt.js HTTP/1.1" 304 -
127.0.0.1 - - [14/Nov/2020:11:40:39 +0530] "GET /ProjectTNL/hibernate-configuration-3.0.dtd HTTP/1.1" 200 2737
127.0.0.1 - - [14/Nov/2020:11:40:43 +0530] "GET /ProjectTNL/hibernate-configuration-3.0.dtd HTTP/1.1" 200 2737
0:0:0:0:0:0:0:1 - - [14/Nov/2020:11:40:44 +0530] "GET /ProjectTNL/dispPrmsryNt.action HTTP/1.1" 200 5031
0:0:0:0:0:0:0:1 - - [14/Nov/2020:11:40:44 +0530] "GET /ProjectTNL/js/promisoryNt.js HTTP/1.1" 304 -
127.0.0.1 - - [14/Nov/2020:11:40:44 +0530] "GET /ProjectTNL/hibernate-configuration-3.0.dtd HTTP/1.1" 200 2737
127.0.0.1 - - [14/Nov/2020:11:40:45 +0530] "GET /ProjectTNL/hibernate-configuration-3.0.dtd HTTP/1.1" 200 2737
0:0:0:0:0:0:0:1 - - [14/Nov/2020:11:40:46 +0530] "GET /ProjectTNL/dispPrmsryNt.action HTTP/1.1" 200 5031
127.0.0.1 - - [14/Nov/2020:11:42:18 +0530] "GET /ProjectTNL/tiles-config_3_0.dtd HTTP/1.1" 200 10864
127.0.0.1 - - [14/Nov/2020:11:42:18 +0530] "GET /ProjectTNL/tiles-config_3_0.dtd HTTP/1.1" 200 10864
127.0.0.1 - - [14/Nov/2020:11:42:18 +0530] "GET /ProjectTNL/tiles-config_3_0.dtd HTTP/1.1" 200 10864
127.0.0.1 - - [14/Nov/2020:11:42:20 +0530] "GET /ProjectTNL/tiles-config_3_0.dtd HTTP/1.1" 200 10864
127.0.0.1 - - [14/Nov/2020:11:42:20 +0530] "GET /ProjectTNL/tiles-config_3_0.dtd HTTP/1.1" 200 10864
127.0.0.1 - - [14/Nov/2020:11:42:20 +0530] "GET /ProjectTNL/tiles-config_3_0.dtd HTTP/1.1" 200 10864
127.0.0.1 - - [14/Nov/2020:11:43:00 +0530] "GET /ProjectTNL/tiles-config_3_0.dtd HTTP/1.1" 200 10864
127.0.0.1 - - [14/Nov/2020:11:43:00 +0530] "GET /ProjectTNL/tiles-config_3_0.dtd HTTP/1.1" 200 10864
127.0.0.1 - - [14/Nov/2020:11:43:00 +0530] "GET /ProjectTNL/tiles-config_3_0.dtd HTTP/1.1" 200 10864
127.0.0.1 - - [14/Nov/2020:11:43:04 +0530] "GET /ProjectTNL/tiles-config_3_0.dtd HTTP/1.1" 200 10864
127.0.0.1 - - [14/Nov/2020:11:43:04 +0530] "GET /ProjectTNL/tiles-config_3_0.dtd HTTP/1.1" 200 10864
127.0.0.1 - - [14/Nov/2020:11:43:04 +0530] "GET /ProjectTNL/tiles-config_3_0.dtd HTTP/1.1" 200 10864
127.0.0.1 - - [14/Nov/2020:13:48:16 +0530] "GET / HTTP/1.1" 404 751
127.0.0.1 - - [14/Nov/2020:13:48:18 +0530] "GET /ProjectTNL/tiles-config_3_0.dtd HTTP/1.1" 200 10864
0:0:0:0:0:0:0:1 - - [14/Nov/2020:13:48:19 +0530] "GET /ProjectTNL/ HTTP/1.1" 200 1744
0:0:0:0:0:0:0:1 - - [14/Nov/2020:13:48:29 +0530] "POST /ProjectTNL/authlogin.action;jsessionid=CB10380467D58A3934C4B88798505CB7 HTTP/1.1" 200 1711
0:0:0:0:0:0:0:1 - - [14/Nov/2020:13:48:33 +0530] "GET /ProjectTNL/dispThumbImprssnPage.action HTTP/1.1" 200 5058
0:0:0:0:0:0:0:1 - - [14/Nov/2020:13:48:33 +0530] "GET /ProjectTNL/css/style_promissary_nt.css HTTP/1.1" 304 -
0:0:0:0:0:0:0:1 - - [14/Nov/2020:13:48:33 +0530] "GET /ProjectTNL/js/promisoryNt.js HTTP/1.1" 304 -
0:0:0:0:0:0:0:1 - - [14/Nov/2020:13:49:43 +0530] "GET /ProjectTNL/ HTTP/1.1" 200 1744
0:0:0:0:0:0:0:1 - - [14/Nov/2020:13:49:44 +0530] "GET /favicon.ico HTTP/1.1" 404 762
0:0:0:0:0:0:0:1 - - [14/Nov/2020:13:49:50 +0530] "POST /ProjectTNL/authlogin.action;jsessionid=5AF42EEC061AD8DCE557F3A49498EB0D HTTP/1.1" 200 1711
0:0:0:0:0:0:0:1 - - [14/Nov/2020:13:49:53 +0530] "GET /ProjectTNL/dispThumbImprssnPage.action HTTP/1.1" 200 5058
0:0:0:0:0:0:0:1 - - [14/Nov/2020:13:49:53 +0530] "GET /ProjectTNL/css/style_promissary_nt.css HTTP/1.1" 304 -
0:0:0:0:0:0:0:1 - - [14/Nov/2020:13:49:53 +0530] "GET /ProjectTNL/js/promisoryNt.js HTTP/1.1" 304 -
0:0:0:0:0:0:0:1 - - [14/Nov/2020:13:52:55 +0530] "GET /ProjectTNL/dispThumbImprssnPage.action HTTP/1.1" 200 5049
0:0:0:0:0:0:0:1 - - [14/Nov/2020:13:52:55 +0530] "GET /ProjectTNL/js/promisoryNt.js HTTP/1.1" 200 631
0:0:0:0:0:0:0:1 - - [14/Nov/2020:13:52:55 +0530] "GET /ProjectTNL/css/style_promissary_nt.css HTTP/1.1" 200 5572
0:0:0:0:0:0:0:1 - - [14/Nov/2020:13:52:55 +0530] "GET /favicon.ico HTTP/1.1" 404 762
0:0:0:0:0:0:0:1 - - [14/Nov/2020:13:56:26 +0530] "GET /ProjectTNL/dispThumbImprssnPage.action HTTP/1.1" 200 5034
0:0:0:0:0:0:0:1 - - [14/Nov/2020:13:56:26 +0530] "GET /ProjectTNL/css/style_promissary_nt.css HTTP/1.1" 200 5572
0:0:0:0:0:0:0:1 - - [14/Nov/2020:13:56:26 +0530] "GET /ProjectTNL/js/promisoryNt.js HTTP/1.1" 200 631
0:0:0:0:0:0:0:1 - - [14/Nov/2020:13:56:26 +0530] "GET /favicon.ico HTTP/1.1" 404 762
127.0.0.1 - - [14/Nov/2020:15:19:33 +0530] "GET / HTTP/1.1" 404 751
127.0.0.1 - - [14/Nov/2020:15:19:37 +0530] "GET /ProjectTNL/tiles-config_3_0.dtd HTTP/1.1" 200 10864
0:0:0:0:0:0:0:1 - - [14/Nov/2020:15:19:38 +0530] "GET /ProjectTNL/ HTTP/1.1" 200 1744
0:0:0:0:0:0:0:1 - - [14/Nov/2020:15:19:54 +0530] "POST /ProjectTNL/authlogin.action;jsessionid=9201ACF25A06C84FD993C8FAE0E2029B HTTP/1.1" 200 1711
0:0:0:0:0:0:0:1 - - [14/Nov/2020:15:20:00 +0530] "GET /ProjectTNL/dispThumbImprssnPage.action HTTP/1.1" 200 5054
0:0:0:0:0:0:0:1 - - [14/Nov/2020:15:20:00 +0530] "GET /ProjectTNL/js/promisoryNt.js HTTP/1.1" 304 -
0:0:0:0:0:0:0:1 - - [14/Nov/2020:15:20:19 +0530] "GET /ProjectTNL/ HTTP/1.1" 200 1744
0:0:0:0:0:0:0:1 - - [14/Nov/2020:15:20:20 +0530] "GET /favicon.ico HTTP/1.1" 404 762
0:0:0:0:0:0:0:1 - - [14/Nov/2020:15:20:26 +0530] "POST /ProjectTNL/authlogin.action;jsessionid=65ACB6CAFEDE4CA55AC9C45C66AF7C97 HTTP/1.1" 200 1711
0:0:0:0:0:0:0:1 - - [14/Nov/2020:15:20:39 +0530] "GET /ProjectTNL/dispThumbImprssnPage.action HTTP/1.1" 200 5054
0:0:0:0:0:0:0:1 - - [14/Nov/2020:15:20:39 +0530] "GET /ProjectTNL/js/promisoryNt.js HTTP/1.1" 304 -
0:0:0:0:0:0:0:1 - - [14/Nov/2020:15:31:43 +0530] "GET /ProjectTNL/dispThumbImprssnPage.action HTTP/1.1" 200 5043
0:0:0:0:0:0:0:1 - - [14/Nov/2020:15:31:43 +0530] "GET /ProjectTNL/js/promisoryNt.js HTTP/1.1" 200 631
0:0:0:0:0:0:0:1 - - [14/Nov/2020:15:31:43 +0530] "GET /ProjectTNL/css/style_promissary_nt.css HTTP/1.1" 200 5572
0:0:0:0:0:0:0:1 - - [14/Nov/2020:15:31:43 +0530] "GET /favicon.ico HTTP/1.1" 404 762
0:0:0:0:0:0:0:1 - - [14/Nov/2020:15:31:48 +0530] "GET /ProjectTNL/dispThumbImprssnPage.action HTTP/1.1" 200 5043
0:0:0:0:0:0:0:1 - - [14/Nov/2020:15:31:48 +0530] "GET /ProjectTNL/css/style_promissary_nt.css HTTP/1.1" 200 5572
0:0:0:0:0:0:0:1 - - [14/Nov/2020:15:31:49 +0530] "GET /ProjectTNL/js/promisoryNt.js HTTP/1.1" 200 631
0:0:0:0:0:0:0:1 - - [14/Nov/2020:15:31:49 +0530] "GET /favicon.ico HTTP/1.1" 404 762
0:0:0:0:0:0:0:1 - - [14/Nov/2020:15:32:31 +0530] "GET /ProjectTNL/dispThumbImprssnPage.action HTTP/1.1" 200 5019
0:0:0:0:0:0:0:1 - - [14/Nov/2020:15:32:31 +0530] "GET /ProjectTNL/js/promisoryNt.js HTTP/1.1" 200 631
0:0:0:0:0:0:0:1 - - [14/Nov/2020:15:32:31 +0530] "GET /ProjectTNL/css/style_promissary_nt.css HTTP/1.1" 200 5572
0:0:0:0:0:0:0:1 - - [14/Nov/2020:15:32:31 +0530] "GET /favicon.ico HTTP/1.1" 404 762
0:0:0:0:0:0:0:1 - - [14/Nov/2020:15:33:27 +0530] "GET /ProjectTNL/dispThumbImprssnPage.action HTTP/1.1" 200 5028
0:0:0:0:0:0:0:1 - - [14/Nov/2020:15:33:27 +0530] "GET /ProjectTNL/css/style_promissary_nt.css HTTP/1.1" 200 5572
0:0:0:0:0:0:0:1 - - [14/Nov/2020:15:33:27 +0530] "GET /ProjectTNL/js/promisoryNt.js HTTP/1.1" 200 631
0:0:0:0:0:0:0:1 - - [14/Nov/2020:15:33:27 +0530] "GET /favicon.ico HTTP/1.1" 404 762
0:0:0:0:0:0:0:1 - - [14/Nov/2020:15:33:44 +0530] "GET /ProjectTNL/dispThumbImprssnPage.action HTTP/1.1" 200 5028
0:0:0:0:0:0:0:1 - - [14/Nov/2020:15:33:44 +0530] "GET /ProjectTNL/css/style_promissary_nt.css HTTP/1.1" 200 5572
0:0:0:0:0:0:0:1 - - [14/Nov/2020:15:33:44 +0530] "GET /ProjectTNL/js/promisoryNt.js HTTP/1.1" 200 631
0:0:0:0:0:0:0:1 - - [14/Nov/2020:15:33:44 +0530] "GET /favicon.ico HTTP/1.1" 404 762
0:0:0:0:0:0:0:1 - - [14/Nov/2020:15:34:47 +0530] "GET /ProjectTNL/dispThumbImprssnPage.action HTTP/1.1" 200 5028
0:0:0:0:0:0:0:1 - - [14/Nov/2020:15:34:47 +0530] "GET /ProjectTNL/js/promisoryNt.js HTTP/1.1" 200 631
0:0:0:0:0:0:0:1 - - [14/Nov/2020:15:34:47 +0530] "GET /ProjectTNL/css/style_promissary_nt.css HTTP/1.1" 200 5572
0:0:0:0:0:0:0:1 - - [14/Nov/2020:15:34:47 +0530] "GET /favicon.ico HTTP/1.1" 404 762
0:0:0:0:0:0:0:1 - - [14/Nov/2020:15:35:29 +0530] "GET /ProjectTNL/dispThumbImprssnPage.action HTTP/1.1" 200 5038
0:0:0:0:0:0:0:1 - - [14/Nov/2020:15:35:29 +0530] "GET /ProjectTNL/js/promisoryNt.js HTTP/1.1" 200 631
0:0:0:0:0:0:0:1 - - [14/Nov/2020:15:35:29 +0530] "GET /ProjectTNL/css/style_promissary_nt.css HTTP/1.1" 200 5572
0:0:0:0:0:0:0:1 - - [14/Nov/2020:15:35:29 +0530] "GET /favicon.ico HTTP/1.1" 404 762
0:0:0:0:0:0:0:1 - - [14/Nov/2020:15:43:03 +0530] "GET /ProjectTNL/dispThumbImprssnPage.action HTTP/1.1" 200 5064
0:0:0:0:0:0:0:1 - - [14/Nov/2020:15:43:03 +0530] "GET /ProjectTNL/css/style_promissary_nt.css HTTP/1.1" 200 5572
0:0:0:0:0:0:0:1 - - [14/Nov/2020:15:43:03 +0530] "GET /ProjectTNL/js/promisoryNt.js HTTP/1.1" 200 631
0:0:0:0:0:0:0:1 - - [14/Nov/2020:15:43:03 +0530] "GET /favicon.ico HTTP/1.1" 404 762
127.0.0.1 - - [14/Nov/2020:15:46:52 +0530] "GET / HTTP/1.1" 404 751
127.0.0.1 - - [14/Nov/2020:15:46:53 +0530] "GET /ProjectTNL/tiles-config_3_0.dtd HTTP/1.1" 200 10864
0:0:0:0:0:0:0:1 - - [14/Nov/2020:15:46:54 +0530] "GET /ProjectTNL/ HTTP/1.1" 200 1700
0:0:0:0:0:0:0:1 - - [14/Nov/2020:15:47:03 +0530] "POST /ProjectTNL/authlogin.action HTTP/1.1" 200 1711
0:0:0:0:0:0:0:1 - - [14/Nov/2020:15:47:06 +0530] "GET /ProjectTNL/dispThumbImprssnPage.action HTTP/1.1" 200 5064
0:0:0:0:0:0:0:1 - - [14/Nov/2020:15:47:14 +0530] "GET /ProjectTNL/dispThumbImprssnPage.action HTTP/1.1" 200 5064
0:0:0:0:0:0:0:1 - - [14/Nov/2020:15:47:14 +0530] "GET /ProjectTNL/css/style_promissary_nt.css HTTP/1.1" 200 5572
0:0:0:0:0:0:0:1 - - [14/Nov/2020:15:47:14 +0530] "GET /ProjectTNL/js/promisoryNt.js HTTP/1.1" 200 631
0:0:0:0:0:0:0:1 - - [14/Nov/2020:15:47:16 +0530] "GET /ProjectTNL/dispThumbImprssnPage.action HTTP/1.1" 200 5064
0:0:0:0:0:0:0:1 - - [14/Nov/2020:15:47:16 +0530] "GET /ProjectTNL/js/promisoryNt.js HTTP/1.1" 200 631
0:0:0:0:0:0:0:1 - - [14/Nov/2020:15:47:16 +0530] "GET /ProjectTNL/css/style_promissary_nt.css HTTP/1.1" 200 5572
0:0:0:0:0:0:0:1 - - [14/Nov/2020:15:50:38 +0530] "GET /ProjectTNL/dispThumbImprssnPage.action HTTP/1.1" 200 5064
0:0:0:0:0:0:0:1 - - [14/Nov/2020:15:50:38 +0530] "GET /ProjectTNL/js/promisoryNt.js HTTP/1.1" 200 631
0:0:0:0:0:0:0:1 - - [14/Nov/2020:15:50:38 +0530] "GET /ProjectTNL/css/style_promissary_nt.css HTTP/1.1" 200 5572
0:0:0:0:0:0:0:1 - - [14/Nov/2020:15:50:39 +0530] "GET /ProjectTNL/dispThumbImprssnPage.action HTTP/1.1" 200 5064
0:0:0:0:0:0:0:1 - - [14/Nov/2020:15:50:39 +0530] "GET /ProjectTNL/css/style_promissary_nt.css HTTP/1.1" 200 5572
0:0:0:0:0:0:0:1 - - [14/Nov/2020:15:50:39 +0530] "GET /ProjectTNL/js/promisoryNt.js HTTP/1.1" 200 631
0:0:0:0:0:0:0:1 - - [14/Nov/2020:15:51:00 +0530] "GET /ProjectTNL/dispThumbImprssnPage.action HTTP/1.1" 200 5064
0:0:0:0:0:0:0:1 - - [14/Nov/2020:15:51:00 +0530] "GET /ProjectTNL/css/style_promissary_nt.css HTTP/1.1" 200 5572
0:0:0:0:0:0:0:1 - - [14/Nov/2020:15:51:00 +0530] "GET /ProjectTNL/js/promisoryNt.js HTTP/1.1" 200 631
0:0:0:0:0:0:0:1 - - [14/Nov/2020:15:51:00 +0530] "GET /favicon.ico HTTP/1.1" 404 762
0:0:0:0:0:0:0:1 - - [14/Nov/2020:15:54:21 +0530] "GET /ProjectTNL/homePage HTTP/1.1" 200 1711
0:0:0:0:0:0:0:1 - - [14/Nov/2020:15:54:25 +0530] "GET /ProjectTNL/dispThumbImprssnPage.action HTTP/1.1" 200 5070
0:0:0:0:0:0:0:1 - - [14/Nov/2020:15:54:37 +0530] "GET /ProjectTNL/homePage HTTP/1.1" 200 1711
127.0.0.1 - - [14/Nov/2020:15:54:40 +0530] "GET /ProjectTNL/hibernate-configuration-3.0.dtd HTTP/1.1" 200 2737
127.0.0.1 - - [14/Nov/2020:15:54:45 +0530] "GET /ProjectTNL/hibernate-configuration-3.0.dtd HTTP/1.1" 200 2737
0:0:0:0:0:0:0:1 - - [14/Nov/2020:15:54:46 +0530] "GET /ProjectTNL/dispPrmsryNt.action HTTP/1.1" 200 5031
127.0.0.1 - - [14/Nov/2020:15:54:47 +0530] "GET /ProjectTNL/hibernate-configuration-3.0.dtd HTTP/1.1" 200 2737
127.0.0.1 - - [14/Nov/2020:15:54:47 +0530] "GET /ProjectTNL/hibernate-configuration-3.0.dtd HTTP/1.1" 200 2737
0:0:0:0:0:0:0:1 - - [14/Nov/2020:15:54:48 +0530] "GET /ProjectTNL/dispPrmsryNt.action HTTP/1.1" 200 5031
0:0:0:0:0:0:0:1 - - [14/Nov/2020:15:55:01 +0530] "GET /ProjectTNL/homePage HTTP/1.1" 200 1711
127.0.0.1 - - [14/Nov/2020:15:55:02 +0530] "GET /ProjectTNL/hibernate-configuration-3.0.dtd HTTP/1.1" 200 2737
127.0.0.1 - - [14/Nov/2020:15:55:03 +0530] "GET /ProjectTNL/hibernate-configuration-3.0.dtd HTTP/1.1" 200 2737
0:0:0:0:0:0:0:1 - - [14/Nov/2020:15:55:05 +0530] "GET /ProjectTNL/css/style_mem.css HTTP/1.1" 200 6825
0:0:0:0:0:0:0:1 - - [14/Nov/2020:15:55:05 +0530] "GET /ProjectTNL/dispMemForm.action HTTP/1.1" 200 23566
0:0:0:0:0:0:0:1 - - [14/Nov/2020:15:55:05 +0530] "GET /ProjectTNL/js/member.js HTTP/1.1" 200 1618
127.0.0.1 - - [14/Nov/2020:15:55:05 +0530] "GET /ProjectTNL/hibernate-configuration-3.0.dtd HTTP/1.1" 200 2737
127.0.0.1 - - [14/Nov/2020:15:55:05 +0530] "GET /ProjectTNL/hibernate-configuration-3.0.dtd HTTP/1.1" 200 2737
0:0:0:0:0:0:0:1 - - [14/Nov/2020:15:55:06 +0530] "GET /ProjectTNL/dispMemForm.action HTTP/1.1" 200 23566
0:0:0:0:0:0:0:1 - - [14/Nov/2020:16:34:04 +0530] "GET /ProjectTNL/ HTTP/1.1" 200 1700
0:0:0:0:0:0:0:1 - - [14/Nov/2020:16:34:11 +0530] "POST /ProjectTNL/authlogin.action HTTP/1.1" 200 1711
0:0:0:0:0:0:0:1 - - [14/Nov/2020:16:35:47 +0530] "GET /ProjectTNL/dispThumbImprssnPage.action HTTP/1.1" 200 5178
0:0:0:0:0:0:0:1 - - [14/Nov/2020:16:36:22 +0530] "GET /ProjectTNL/homePage HTTP/1.1" 200 1711
0:0:0:0:0:0:0:1 - - [14/Nov/2020:16:36:53 +0530] "GET /ProjectTNL/dispThumbImprssnPage.action HTTP/1.1" 200 5178
127.0.0.1 - - [14/Nov/2020:18:18:01 +0530] "GET / HTTP/1.1" 404 751
127.0.0.1 - - [14/Nov/2020:18:18:02 +0530] "GET /ProjectTNL/tiles-config_3_0.dtd HTTP/1.1" 200 10864
0:0:0:0:0:0:0:1 - - [14/Nov/2020:18:18:03 +0530] "GET /ProjectTNL/ HTTP/1.1" 200 1744
0:0:0:0:0:0:0:1 - - [14/Nov/2020:18:18:12 +0530] "POST /ProjectTNL/authlogin.action;jsessionid=FAB944042545BCE310BCD629724AD407 HTTP/1.1" 200 1711
127.0.0.1 - - [14/Nov/2020:18:18:15 +0530] "GET /ProjectTNL/hibernate-configuration-3.0.dtd HTTP/1.1" 200 2737
0:0:0:0:0:0:0:1 - - [14/Nov/2020:18:18:18 +0530] "GET /ProjectTNL/dispThumbImprssnPage.action HTTP/1.1" 500 5322
127.0.0.1 - - [14/Nov/2020:18:22:03 +0530] "GET /ProjectTNL/hibernate-configuration-3.0.dtd HTTP/1.1" 200 2737
127.0.0.1 - - [14/Nov/2020:18:22:03 +0530] "GET /ProjectTNL/hibernate-configuration-3.0.dtd HTTP/1.1" 200 2737
127.0.0.1 - - [14/Nov/2020:18:22:03 +0530] "GET /ProjectTNL/hibernate-configuration-3.0.dtd HTTP/1.1" 200 2737
127.0.0.1 - - [14/Nov/2020:18:22:05 +0530] "GET /ProjectTNL/hibernate-configuration-3.0.dtd HTTP/1.1" 200 2737
127.0.0.1 - - [14/Nov/2020:18:22:05 +0530] "GET /ProjectTNL/hibernate-configuration-3.0.dtd HTTP/1.1" 200 2737
127.0.0.1 - - [14/Nov/2020:18:22:05 +0530] "GET /ProjectTNL/hibernate-configuration-3.0.dtd HTTP/1.1" 200 2737
127.0.0.1 - - [14/Nov/2020:18:22:10 +0530] "GET /ProjectTNL/hibernate-configuration-3.0.dtd HTTP/1.1" 200 2737
127.0.0.1 - - [14/Nov/2020:18:22:10 +0530] "GET /ProjectTNL/hibernate-configuration-3.0.dtd HTTP/1.1" 200 2737
127.0.0.1 - - [14/Nov/2020:18:22:10 +0530] "GET /ProjectTNL/hibernate-configuration-3.0.dtd HTTP/1.1" 200 2737
127.0.0.1 - - [14/Nov/2020:18:22:11 +0530] "GET /ProjectTNL/hibernate-configuration-3.0.dtd HTTP/1.1" 200 2737
127.0.0.1 - - [14/Nov/2020:18:22:11 +0530] "GET /ProjectTNL/hibernate-configuration-3.0.dtd HTTP/1.1" 200 2737
127.0.0.1 - - [14/Nov/2020:18:22:11 +0530] "GET /ProjectTNL/hibernate-configuration-3.0.dtd HTTP/1.1" 200 2737
127.0.0.1 - - [14/Nov/2020:18:22:18 +0530] "GET /ProjectTNL/hibernate-configuration-3.0.dtd HTTP/1.1" 200 2737
127.0.0.1 - - [14/Nov/2020:18:22:18 +0530] "GET /ProjectTNL/hibernate-configuration-3.0.dtd HTTP/1.1" 200 2737
127.0.0.1 - - [14/Nov/2020:18:22:18 +0530] "GET /ProjectTNL/hibernate-configuration-3.0.dtd HTTP/1.1" 200 2737
127.0.0.1 - - [14/Nov/2020:18:22:20 +0530] "GET /ProjectTNL/hibernate-configuration-3.0.dtd HTTP/1.1" 200 2737
127.0.0.1 - - [14/Nov/2020:18:22:20 +0530] "GET /ProjectTNL/hibernate-configuration-3.0.dtd HTTP/1.1" 200 2737
127.0.0.1 - - [14/Nov/2020:18:22:20 +0530] "GET /ProjectTNL/hibernate-configuration-3.0.dtd HTTP/1.1" 200 2737
127.0.0.1 - - [14/Nov/2020:18:22:22 +0530] "GET /ProjectTNL/hibernate-configuration-3.0.dtd HTTP/1.1" 200 2737
127.0.0.1 - - [14/Nov/2020:18:22:22 +0530] "GET /ProjectTNL/hibernate-configuration-3.0.dtd HTTP/1.1" 200 2737
127.0.0.1 - - [14/Nov/2020:18:22:22 +0530] "GET /ProjectTNL/hibernate-configuration-3.0.dtd HTTP/1.1" 200 2737
127.0.0.1 - - [14/Nov/2020:18:22:25 +0530] "GET /ProjectTNL/hibernate-configuration-3.0.dtd HTTP/1.1" 200 2737
127.0.0.1 - - [14/Nov/2020:18:22:25 +0530] "GET /ProjectTNL/hibernate-configuration-3.0.dtd HTTP/1.1" 200 2737
127.0.0.1 - - [14/Nov/2020:18:22:25 +0530] "GET /ProjectTNL/hibernate-configuration-3.0.dtd HTTP/1.1" 200 2737
127.0.0.1 - - [14/Nov/2020:18:22:30 +0530] "GET /ProjectTNL/hibernate-configuration-3.0.dtd HTTP/1.1" 200 2737
127.0.0.1 - - [14/Nov/2020:18:22:30 +0530] "GET /ProjectTNL/hibernate-configuration-3.0.dtd HTTP/1.1" 200 2737
127.0.0.1 - - [14/Nov/2020:18:22:30 +0530] "GET /ProjectTNL/hibernate-configuration-3.0.dtd HTTP/1.1" 200 2737
127.0.0.1 - - [14/Nov/2020:18:23:32 +0530] "GET / HTTP/1.1" 404 751
127.0.0.1 - - [14/Nov/2020:18:23:32 +0530] "GET /ProjectTNL/tiles-config_3_0.dtd HTTP/1.1" 200 10864
0:0:0:0:0:0:0:1 - - [14/Nov/2020:18:23:34 +0530] "GET /ProjectTNL/ HTTP/1.1" 200 1700
0:0:0:0:0:0:0:1 - - [14/Nov/2020:18:23:42 +0530] "POST /ProjectTNL/authlogin.action HTTP/1.1" 200 1711
127.0.0.1 - - [14/Nov/2020:18:23:45 +0530] "GET /ProjectTNL/hibernate-configuration-3.0.dtd HTTP/1.1" 200 2737
0:0:0:0:0:0:0:1 - - [14/Nov/2020:18:23:47 +0530] "GET /ProjectTNL/dispThumbImprssnPage.action HTTP/1.1" 500 5322
127.0.0.1 - - [14/Nov/2020:18:26:57 +0530] "GET / HTTP/1.1" 404 751
127.0.0.1 - - [14/Nov/2020:18:26:58 +0530] "GET /ProjectTNL/tiles-config_3_0.dtd HTTP/1.1" 200 10864
0:0:0:0:0:0:0:1 - - [14/Nov/2020:18:26:59 +0530] "GET /ProjectTNL/ HTTP/1.1" 200 1700
0:0:0:0:0:0:0:1 - - [14/Nov/2020:18:27:07 +0530] "POST /ProjectTNL/authlogin.action HTTP/1.1" 200 1711
127.0.0.1 - - [14/Nov/2020:18:27:14 +0530] "GET /ProjectTNL/hibernate-configuration-3.0.dtd HTTP/1.1" 200 2737
0:0:0:0:0:0:0:1 - - [14/Nov/2020:18:27:16 +0530] "GET /ProjectTNL/dispThumbImprssnPage.action HTTP/1.1" 500 5322
127.0.0.1 - - [14/Nov/2020:18:42:26 +0530] "GET / HTTP/1.1" 404 751
127.0.0.1 - - [14/Nov/2020:18:42:27 +0530] "GET /ProjectTNL/tiles-config_3_0.dtd HTTP/1.1" 200 10864
0:0:0:0:0:0:0:1 - - [14/Nov/2020:18:42:28 +0530] "GET /ProjectTNL/ HTTP/1.1" 200 1700
0:0:0:0:0:0:0:1 - - [14/Nov/2020:18:42:37 +0530] "POST /ProjectTNL/authlogin.action HTTP/1.1" 200 1711
127.0.0.1 - - [14/Nov/2020:18:42:41 +0530] "GET /ProjectTNL/hibernate-configuration-3.0.dtd HTTP/1.1" 200 2737
0:0:0:0:0:0:0:1 - - [14/Nov/2020:18:42:43 +0530] "GET /ProjectTNL/dispThumbImprssnPage.action HTTP/1.1" 500 5322
127.0.0.1 - - [14/Nov/2020:18:43:18 +0530] "GET /ProjectTNL/hibernate-configuration-3.0.dtd HTTP/1.1" 200 2737
127.0.0.1 - - [14/Nov/2020:18:43:18 +0530] "GET /ProjectTNL/hibernate-configuration-3.0.dtd HTTP/1.1" 200 2737
127.0.0.1 - - [14/Nov/2020:18:43:18 +0530] "GET /ProjectTNL/hibernate-configuration-3.0.dtd HTTP/1.1" 200 2737
127.0.0.1 - - [14/Nov/2020:18:43:47 +0530] "GET /ProjectTNL/hibernate-configuration-3.0.dtd HTTP/1.1" 200 2737
127.0.0.1 - - [14/Nov/2020:18:43:47 +0530] "GET /ProjectTNL/hibernate-configuration-3.0.dtd HTTP/1.1" 200 2737
127.0.0.1 - - [14/Nov/2020:18:43:47 +0530] "GET /ProjectTNL/hibernate-configuration-3.0.dtd HTTP/1.1" 200 2737
127.0.0.1 - - [14/Nov/2020:18:46:53 +0530] "GET / HTTP/1.1" 404 751
127.0.0.1 - - [14/Nov/2020:18:46:54 +0530] "GET /ProjectTNL/tiles-config_3_0.dtd HTTP/1.1" 200 10864
0:0:0:0:0:0:0:1 - - [14/Nov/2020:18:46:55 +0530] "GET /ProjectTNL/ HTTP/1.1" 200 1700
0:0:0:0:0:0:0:1 - - [14/Nov/2020:18:47:03 +0530] "POST /ProjectTNL/authlogin.action HTTP/1.1" 200 1711
127.0.0.1 - - [14/Nov/2020:18:47:08 +0530] "GET /ProjectTNL/hibernate-configuration-3.0.dtd HTTP/1.1" 200 2737
127.0.0.1 - - [14/Nov/2020:18:47:12 +0530] "GET /ProjectTNL/hibernate-configuration-3.0.dtd HTTP/1.1" 200 2737
0:0:0:0:0:0:0:1 - - [14/Nov/2020:18:47:15 +0530] "GET /ProjectTNL/dispThumbImprssnPage.action HTTP/1.1" 200 5324
0:0:0:0:0:0:0:1 - - [14/Nov/2020:18:47:15 +0530] "GET /ProjectTNL/css/style_promissary_nt.css HTTP/1.1" 304 -
0:0:0:0:0:0:0:1 - - [14/Nov/2020:18:47:15 +0530] "GET /ProjectTNL/js/promisoryNt.js HTTP/1.1" 304 -
0:0:0:0:0:0:0:1 - - [14/Nov/2020:18:47:27 +0530] "GET /ProjectTNL/ HTTP/1.1" 200 1700
0:0:0:0:0:0:0:1 - - [14/Nov/2020:18:47:35 +0530] "POST /ProjectTNL/authlogin.action HTTP/1.1" 200 1711
127.0.0.1 - - [14/Nov/2020:18:47:37 +0530] "GET /ProjectTNL/hibernate-configuration-3.0.dtd HTTP/1.1" 200 2737
127.0.0.1 - - [14/Nov/2020:18:47:38 +0530] "GET /ProjectTNL/hibernate-configuration-3.0.dtd HTTP/1.1" 200 2737
0:0:0:0:0:0:0:1 - - [14/Nov/2020:18:47:39 +0530] "GET /ProjectTNL/dispThumbImprssnPage.action HTTP/1.1" 200 5324
0:0:0:0:0:0:0:1 - - [14/Nov/2020:18:47:39 +0530] "GET /ProjectTNL/css/style_promissary_nt.css HTTP/1.1" 304 -
0:0:0:0:0:0:0:1 - - [14/Nov/2020:18:47:39 +0530] "GET /ProjectTNL/js/promisoryNt.js HTTP/1.1" 304 -
127.0.0.1 - - [14/Nov/2020:18:49:21 +0530] "GET /ProjectTNL/hibernate-configuration-3.0.dtd HTTP/1.1" 200 2737
0:0:0:0:0:0:0:1 - - [14/Nov/2020:18:49:22 +0530] "POST /ProjectTNL/addThumbImprssnDet.action HTTP/1.1" 404 768
127.0.0.1 - - [14/Nov/2020:18:51:12 +0530] "GET / HTTP/1.1" 404 751
127.0.0.1 - - [14/Nov/2020:18:51:13 +0530] "GET /ProjectTNL/tiles-config_3_0.dtd HTTP/1.1" 200 10864
0:0:0:0:0:0:0:1 - - [14/Nov/2020:18:51:14 +0530] "GET /ProjectTNL/ HTTP/1.1" 200 1700
0:0:0:0:0:0:0:1 - - [14/Nov/2020:18:51:21 +0530] "POST /ProjectTNL/authlogin.action HTTP/1.1" 200 1711
127.0.0.1 - - [14/Nov/2020:18:51:24 +0530] "GET /ProjectTNL/hibernate-configuration-3.0.dtd HTTP/1.1" 200 2737
127.0.0.1 - - [14/Nov/2020:18:51:28 +0530] "GET /ProjectTNL/hibernate-configuration-3.0.dtd HTTP/1.1" 200 2737
0:0:0:0:0:0:0:1 - - [14/Nov/2020:18:51:29 +0530] "GET /ProjectTNL/dispThumbImprssnPage.action HTTP/1.1" 200 5324
127.0.0.1 - - [14/Nov/2020:18:52:23 +0530] "GET /ProjectTNL/hibernate-configuration-3.0.dtd HTTP/1.1" 200 2737
0:0:0:0:0:0:0:1 - - [14/Nov/2020:18:52:24 +0530] "POST /ProjectTNL/addThumbImprssnDet.action HTTP/1.1" 404 768
127.0.0.1 - - [14/Nov/2020:18:54:05 +0530] "GET /ProjectTNL/tiles-config_3_0.dtd HTTP/1.1" 200 10864
127.0.0.1 - - [14/Nov/2020:18:54:05 +0530] "GET /ProjectTNL/tiles-config_3_0.dtd HTTP/1.1" 200 10864
127.0.0.1 - - [14/Nov/2020:18:54:05 +0530] "GET /ProjectTNL/tiles-config_3_0.dtd HTTP/1.1" 200 10864
127.0.0.1 - - [14/Nov/2020:18:54:41 +0530] "GET / HTTP/1.1" 404 751
127.0.0.1 - - [14/Nov/2020:18:54:41 +0530] "GET /ProjectTNL/tiles-config_3_0.dtd HTTP/1.1" 200 10864
0:0:0:0:0:0:0:1 - - [14/Nov/2020:18:54:42 +0530] "GET /ProjectTNL/ HTTP/1.1" 200 1700
0:0:0:0:0:0:0:1 - - [14/Nov/2020:18:54:48 +0530] "GET /ProjectTNL/ HTTP/1.1" 200 1700
0:0:0:0:0:0:0:1 - - [14/Nov/2020:18:54:56 +0530] "POST /ProjectTNL/authlogin.action HTTP/1.1" 200 1711
127.0.0.1 - - [14/Nov/2020:18:55:05 +0530] "GET /ProjectTNL/hibernate-configuration-3.0.dtd HTTP/1.1" 200 2737
127.0.0.1 - - [14/Nov/2020:18:55:09 +0530] "GET /ProjectTNL/hibernate-configuration-3.0.dtd HTTP/1.1" 200 2737
0:0:0:0:0:0:0:1 - - [14/Nov/2020:18:55:10 +0530] "GET /ProjectTNL/dispPrmsryNt.action HTTP/1.1" 200 5031
127.0.0.1 - - [14/Nov/2020:18:55:10 +0530] "GET /ProjectTNL/hibernate-configuration-3.0.dtd HTTP/1.1" 200 2737
127.0.0.1 - - [14/Nov/2020:18:55:11 +0530] "GET /ProjectTNL/hibernate-configuration-3.0.dtd HTTP/1.1" 200 2737
0:0:0:0:0:0:0:1 - - [14/Nov/2020:18:55:12 +0530] "GET /ProjectTNL/dispPrmsryNt.action HTTP/1.1" 200 5031
0:0:0:0:0:0:0:1 - - [14/Nov/2020:18:55:12 +0530] "GET /ProjectTNL/homePage HTTP/1.1" 200 1711
127.0.0.1 - - [14/Nov/2020:18:55:15 +0530] "GET /ProjectTNL/hibernate-configuration-3.0.dtd HTTP/1.1" 200 2737
127.0.0.1 - - [14/Nov/2020:18:55:15 +0530] "GET /ProjectTNL/hibernate-configuration-3.0.dtd HTTP/1.1" 200 2737
0:0:0:0:0:0:0:1 - - [14/Nov/2020:18:55:16 +0530] "GET /ProjectTNL/dispMemInputForm.action HTTP/1.1" 200 6232
0:0:0:0:0:0:0:1 - - [14/Nov/2020:18:55:16 +0530] "GET /ProjectTNL/css/style_input_mem.css HTTP/1.1" 200 5336
0:0:0:0:0:0:0:1 - - [14/Nov/2020:18:55:18 +0530] "GET /ProjectTNL/homePage HTTP/1.1" 200 1711
0:0:0:0:0:0:0:1 - - [14/Nov/2020:18:55:22 +0530] "GET /ProjectTNL/displayDebtorPbkPage.action HTTP/1.1" 200 2299
0:0:0:0:0:0:0:1 - - [14/Nov/2020:18:55:22 +0530] "GET /ProjectTNL/css/style_debtor_pbk.css HTTP/1.1" 200 2728
0:0:0:0:0:0:0:1 - - [14/Nov/2020:18:55:29 +0530] "GET /ProjectTNL/homePage HTTP/1.1" 200 1711
127.0.0.1 - - [14/Nov/2020:18:55:32 +0530] "GET /ProjectTNL/hibernate-configuration-3.0.dtd HTTP/1.1" 200 2737
127.0.0.1 - - [14/Nov/2020:18:55:33 +0530] "GET /ProjectTNL/hibernate-configuration-3.0.dtd HTTP/1.1" 200 2737
0:0:0:0:0:0:0:1 - - [14/Nov/2020:18:55:34 +0530] "GET /ProjectTNL/dispThumbImprssnPage.action HTTP/1.1" 200 5324
127.0.0.1 - - [14/Nov/2020:18:56:11 +0530] "GET /ProjectTNL/hibernate-configuration-3.0.dtd HTTP/1.1" 200 2737
0:0:0:0:0:0:0:1 - - [14/Nov/2020:18:56:11 +0530] "POST /ProjectTNL/addThumbImprssnDet.action HTTP/1.1" 404 768
127.0.0.1 - - [14/Nov/2020:18:57:56 +0530] "GET /ProjectTNL/tiles-config_3_0.dtd HTTP/1.1" 200 10864
127.0.0.1 - - [14/Nov/2020:18:57:56 +0530] "GET /ProjectTNL/tiles-config_3_0.dtd HTTP/1.1" 200 10864
127.0.0.1 - - [14/Nov/2020:18:57:56 +0530] "GET /ProjectTNL/tiles-config_3_0.dtd HTTP/1.1" 200 10864
127.0.0.1 - - [14/Nov/2020:18:57:58 +0530] "GET /ProjectTNL/hibernate-configuration-3.0.dtd HTTP/1.1" 200 2737
127.0.0.1 - - [14/Nov/2020:18:57:58 +0530] "GET /ProjectTNL/hibernate-configuration-3.0.dtd HTTP/1.1" 200 2737
127.0.0.1 - - [14/Nov/2020:18:57:58 +0530] "GET /ProjectTNL/hibernate-configuration-3.0.dtd HTTP/1.1" 200 2737
127.0.0.1 - - [14/Nov/2020:18:58:29 +0530] "GET / HTTP/1.1" 404 751
127.0.0.1 - - [14/Nov/2020:18:58:29 +0530] "GET /ProjectTNL/tiles-config_3_0.dtd HTTP/1.1" 200 10864
0:0:0:0:0:0:0:1 - - [14/Nov/2020:18:58:30 +0530] "GET /ProjectTNL/ HTTP/1.1" 200 1700
0:0:0:0:0:0:0:1 - - [14/Nov/2020:18:58:36 +0530] "GET /ProjectTNL/ HTTP/1.1" 200 1700
0:0:0:0:0:0:0:1 - - [14/Nov/2020:18:58:42 +0530] "POST /ProjectTNL/authlogin.action HTTP/1.1" 200 1711
127.0.0.1 - - [14/Nov/2020:18:58:47 +0530] "GET /ProjectTNL/hibernate-configuration-3.0.dtd HTTP/1.1" 200 2737
127.0.0.1 - - [14/Nov/2020:18:58:51 +0530] "GET /ProjectTNL/hibernate-configuration-3.0.dtd HTTP/1.1" 200 2737
0:0:0:0:0:0:0:1 - - [14/Nov/2020:18:58:52 +0530] "GET /ProjectTNL/dispThumbImprssnPage.action HTTP/1.1" 200 5324
127.0.0.1 - - [14/Nov/2020:18:59:14 +0530] "GET /ProjectTNL/hibernate-configuration-3.0.dtd HTTP/1.1" 200 2737
127.0.0.1 - - [14/Nov/2020:18:59:14 +0530] "GET /ProjectTNL/hibernate-configuration-3.0.dtd HTTP/1.1" 200 2737
127.0.0.1 - - [14/Nov/2020:18:59:15 +0530] "GET /ProjectTNL/hibernate-configuration-3.0.dtd HTTP/1.1" 200 2737
0:0:0:0:0:0:0:1 - - [14/Nov/2020:18:59:16 +0530] "POST /ProjectTNL/addThumbImprssnDet.action HTTP/1.1" 200 5324
127.0.0.1 - - [14/Nov/2020:19:06:54 +0530] "GET /ProjectTNL/tiles-config_3_0.dtd HTTP/1.1" 200 10864
127.0.0.1 - - [14/Nov/2020:19:06:54 +0530] "GET /ProjectTNL/tiles-config_3_0.dtd HTTP/1.1" 200 10864
127.0.0.1 - - [14/Nov/2020:19:06:54 +0530] "GET /ProjectTNL/tiles-config_3_0.dtd HTTP/1.1" 200 10864
127.0.0.1 - - [14/Nov/2020:19:07:02 +0530] "GET /ProjectTNL/hibernate-configuration-3.0.dtd HTTP/1.1" 200 2737
127.0.0.1 - - [14/Nov/2020:19:07:02 +0530] "GET /ProjectTNL/hibernate-configuration-3.0.dtd HTTP/1.1" 200 2737
127.0.0.1 - - [14/Nov/2020:19:07:02 +0530] "GET /ProjectTNL/hibernate-configuration-3.0.dtd HTTP/1.1" 200 2737
127.0.0.1 - - [14/Nov/2020:19:09:06 +0530] "GET / HTTP/1.1" 404 751
127.0.0.1 - - [14/Nov/2020:19:09:07 +0530] "GET /ProjectTNL/tiles-config_3_0.dtd HTTP/1.1" 200 10864
0:0:0:0:0:0:0:1 - - [14/Nov/2020:19:09:07 +0530] "GET /ProjectTNL/ HTTP/1.1" 200 1700
0:0:0:0:0:0:0:1 - - [14/Nov/2020:19:09:15 +0530] "POST /ProjectTNL/authlogin.action HTTP/1.1" 200 1711
127.0.0.1 - - [14/Nov/2020:19:09:19 +0530] "GET /ProjectTNL/hibernate-configuration-3.0.dtd HTTP/1.1" 200 2737
127.0.0.1 - - [14/Nov/2020:19:09:23 +0530] "GET /ProjectTNL/hibernate-configuration-3.0.dtd HTTP/1.1" 200 2737
0:0:0:0:0:0:0:1 - - [14/Nov/2020:19:09:24 +0530] "GET /ProjectTNL/dispThumbImprssnPage.action HTTP/1.1" 200 5324
127.0.0.1 - - [14/Nov/2020:19:10:15 +0530] "GET /ProjectTNL/hibernate-configuration-3.0.dtd HTTP/1.1" 200 2737
127.0.0.1 - - [14/Nov/2020:19:10:16 +0530] "GET /ProjectTNL/hibernate-configuration-3.0.dtd HTTP/1.1" 200 2737
127.0.0.1 - - [14/Nov/2020:19:10:17 +0530] "GET /ProjectTNL/hibernate-configuration-3.0.dtd HTTP/1.1" 200 2737
0:0:0:0:0:0:0:1 - - [14/Nov/2020:19:10:18 +0530] "POST /ProjectTNL/addThumbImprssnDet.action HTTP/1.1" 200 5371
127.0.0.1 - - [14/Nov/2020:19:12:59 +0530] "GET / HTTP/1.1" 404 751
127.0.0.1 - - [14/Nov/2020:19:13:00 +0530] "GET /ProjectTNL/tiles-config_3_0.dtd HTTP/1.1" 200 10864
0:0:0:0:0:0:0:1 - - [14/Nov/2020:19:13:01 +0530] "GET /ProjectTNL/ HTTP/1.1" 200 1700
0:0:0:0:0:0:0:1 - - [14/Nov/2020:19:13:09 +0530] "POST /ProjectTNL/authlogin.action HTTP/1.1" 200 1711
127.0.0.1 - - [14/Nov/2020:19:13:12 +0530] "GET /ProjectTNL/hibernate-configuration-3.0.dtd HTTP/1.1" 200 2737
127.0.0.1 - - [14/Nov/2020:19:13:16 +0530] "GET /ProjectTNL/hibernate-configuration-3.0.dtd HTTP/1.1" 200 2737
0:0:0:0:0:0:0:1 - - [14/Nov/2020:19:13:19 +0530] "GET /ProjectTNL/dispThumbImprssnPage.action HTTP/1.1" 200 5971
127.0.0.1 - - [14/Nov/2020:19:13:30 +0530] "GET /ProjectTNL/hibernate-configuration-3.0.dtd HTTP/1.1" 200 2737
127.0.0.1 - - [14/Nov/2020:19:13:31 +0530] "GET /ProjectTNL/hibernate-configuration-3.0.dtd HTTP/1.1" 200 2737
0:0:0:0:0:0:0:1 - - [14/Nov/2020:19:13:31 +0530] "GET /ProjectTNL/addThumbImprssnDet.action HTTP/1.1" 500 7739
0:0:0:0:0:0:0:1 - - [14/Nov/2020:19:13:40 +0530] "GET /ProjectTNL/ HTTP/1.1" 200 1700
0:0:0:0:0:0:0:1 - - [14/Nov/2020:19:13:46 +0530] "POST /ProjectTNL/authlogin.action HTTP/1.1" 200 1711
127.0.0.1 - - [14/Nov/2020:19:13:48 +0530] "GET /ProjectTNL/hibernate-configuration-3.0.dtd HTTP/1.1" 200 2737
127.0.0.1 - - [14/Nov/2020:19:13:49 +0530] "GET /ProjectTNL/hibernate-configuration-3.0.dtd HTTP/1.1" 200 2737
0:0:0:0:0:0:0:1 - - [14/Nov/2020:19:13:50 +0530] "GET /ProjectTNL/dispThumbImprssnPage.action HTTP/1.1" 200 5971
127.0.0.1 - - [14/Nov/2020:19:15:33 +0530] "GET /ProjectTNL/hibernate-configuration-3.0.dtd HTTP/1.1" 200 2737
127.0.0.1 - - [14/Nov/2020:19:15:33 +0530] "GET /ProjectTNL/hibernate-configuration-3.0.dtd HTTP/1.1" 200 2737
127.0.0.1 - - [14/Nov/2020:19:15:34 +0530] "GET /ProjectTNL/hibernate-configuration-3.0.dtd HTTP/1.1" 200 2737
0:0:0:0:0:0:0:1 - - [14/Nov/2020:19:15:35 +0530] "GET /ProjectTNL/deleteThumbImprssnDet?thumbImprssnId=2697 HTTP/1.1" 200 5324
127.0.0.1 - - [14/Nov/2020:19:20:40 +0530] "GET / HTTP/1.1" 404 751
127.0.0.1 - - [14/Nov/2020:19:20:40 +0530] "GET /ProjectTNL/tiles-config_3_0.dtd HTTP/1.1" 200 10864
0:0:0:0:0:0:0:1 - - [14/Nov/2020:19:20:41 +0530] "GET /ProjectTNL/ HTTP/1.1" 200 1700
0:0:0:0:0:0:0:1 - - [14/Nov/2020:19:20:49 +0530] "POST /ProjectTNL/authlogin.action HTTP/1.1" 200 1711
127.0.0.1 - - [14/Nov/2020:19:20:52 +0530] "GET /ProjectTNL/hibernate-configuration-3.0.dtd HTTP/1.1" 200 2737
127.0.0.1 - - [14/Nov/2020:19:20:56 +0530] "GET /ProjectTNL/hibernate-configuration-3.0.dtd HTTP/1.1" 200 2737
0:0:0:0:0:0:0:1 - - [14/Nov/2020:19:20:59 +0530] "GET /ProjectTNL/dispThumbImprssnPage.action HTTP/1.1" 200 5324
0:0:0:0:0:0:0:1 - - [14/Nov/2020:19:21:07 +0530] "GET /ProjectTNL/ HTTP/1.1" 200 1700
0:0:0:0:0:0:0:1 - - [14/Nov/2020:19:21:13 +0530] "POST /ProjectTNL/authlogin.action HTTP/1.1" 200 1711
127.0.0.1 - - [14/Nov/2020:19:21:16 +0530] "GET /ProjectTNL/hibernate-configuration-3.0.dtd HTTP/1.1" 200 2737
127.0.0.1 - - [14/Nov/2020:19:21:16 +0530] "GET /ProjectTNL/hibernate-configuration-3.0.dtd HTTP/1.1" 200 2737
0:0:0:0:0:0:0:1 - - [14/Nov/2020:19:21:17 +0530] "GET /ProjectTNL/dispThumbImprssnPage.action HTTP/1.1" 200 5324
127.0.0.1 - - [14/Nov/2020:19:21:45 +0530] "GET /ProjectTNL/hibernate-configuration-3.0.dtd HTTP/1.1" 200 2737
127.0.0.1 - - [14/Nov/2020:19:21:46 +0530] "GET /ProjectTNL/hibernate-configuration-3.0.dtd HTTP/1.1" 200 2737
127.0.0.1 - - [14/Nov/2020:19:21:46 +0530] "GET /ProjectTNL/hibernate-configuration-3.0.dtd HTTP/1.1" 200 2737
0:0:0:0:0:0:0:1 - - [14/Nov/2020:19:21:47 +0530] "POST /ProjectTNL/addThumbImprssnDet.action HTTP/1.1" 200 6026
127.0.0.1 - - [14/Nov/2020:19:23:19 +0530] "GET /ProjectTNL/hibernate-configuration-3.0.dtd HTTP/1.1" 200 2737
127.0.0.1 - - [14/Nov/2020:19:23:20 +0530] "GET /ProjectTNL/hibernate-configuration-3.0.dtd HTTP/1.1" 200 2737
127.0.0.1 - - [14/Nov/2020:19:23:21 +0530] "GET /ProjectTNL/hibernate-configuration-3.0.dtd HTTP/1.1" 200 2737
0:0:0:0:0:0:0:1 - - [14/Nov/2020:19:23:21 +0530] "POST /ProjectTNL/addThumbImprssnDet.action HTTP/1.1" 500 18041
0:0:0:0:0:0:0:1 - - [14/Nov/2020:19:23:21 +0530] "GET /favicon.ico HTTP/1.1" 404 762
0:0:0:0:0:0:0:1 - - [14/Nov/2020:19:23:26 +0530] "GET /ProjectTNL/ HTTP/1.1" 200 1700
0:0:0:0:0:0:0:1 - - [14/Nov/2020:19:23:33 +0530] "POST /ProjectTNL/authlogin.action HTTP/1.1" 200 1711
127.0.0.1 - - [14/Nov/2020:19:23:35 +0530] "GET /ProjectTNL/hibernate-configuration-3.0.dtd HTTP/1.1" 200 2737
0:0:0:0:0:0:0:1 - - [14/Nov/2020:19:23:36 +0530] "GET /ProjectTNL/dispThumbImprssnPage.action HTTP/1.1" 500 10021
127.0.0.1 - - [14/Nov/2020:19:24:07 +0530] "GET / HTTP/1.1" 404 751
127.0.0.1 - - [14/Nov/2020:19:24:07 +0530] "GET /ProjectTNL/tiles-config_3_0.dtd HTTP/1.1" 200 10864
0:0:0:0:0:0:0:1 - - [14/Nov/2020:19:24:08 +0530] "GET /ProjectTNL/ HTTP/1.1" 200 1700
0:0:0:0:0:0:0:1 - - [14/Nov/2020:19:24:15 +0530] "POST /ProjectTNL/authlogin.action HTTP/1.1" 200 1711
127.0.0.1 - - [14/Nov/2020:19:24:18 +0530] "GET /ProjectTNL/hibernate-configuration-3.0.dtd HTTP/1.1" 200 2737
0:0:0:0:0:0:0:1 - - [14/Nov/2020:19:24:22 +0530] "GET /ProjectTNL/dispThumbImprssnPage.action HTTP/1.1" 500 10021
0:0:0:0:0:0:0:1 - - [14/Nov/2020:19:25:11 +0530] "GET /ProjectTNL/ HTTP/1.1" 200 1700
0:0:0:0:0:0:0:1 - - [14/Nov/2020:19:25:19 +0530] "POST /ProjectTNL/authlogin.action HTTP/1.1" 200 1711
127.0.0.1 - - [14/Nov/2020:19:25:22 +0530] "GET /ProjectTNL/hibernate-configuration-3.0.dtd HTTP/1.1" 200 2737
0:0:0:0:0:0:0:1 - - [14/Nov/2020:19:25:22 +0530] "GET /ProjectTNL/dispThumbImprssnPage.action HTTP/1.1" 500 10021
127.0.0.1 - - [14/Nov/2020:19:26:12 +0530] "GET / HTTP/1.1" 404 751
127.0.0.1 - - [14/Nov/2020:19:26:12 +0530] "GET /ProjectTNL/tiles-config_3_0.dtd HTTP/1.1" 200 10864
0:0:0:0:0:0:0:1 - - [14/Nov/2020:19:26:13 +0530] "GET /ProjectTNL/ HTTP/1.1" 200 1700
0:0:0:0:0:0:0:1 - - [14/Nov/2020:19:26:22 +0530] "POST /ProjectTNL/authlogin.action HTTP/1.1" 200 1711
127.0.0.1 - - [14/Nov/2020:19:26:26 +0530] "GET /ProjectTNL/hibernate-configuration-3.0.dtd HTTP/1.1" 200 2737
0:0:0:0:0:0:0:1 - - [14/Nov/2020:19:26:30 +0530] "GET /ProjectTNL/dispThumbImprssnPage.action HTTP/1.1" 500 10021
127.0.0.1 - - [14/Nov/2020:19:26:53 +0530] "GET /ProjectTNL/hibernate-configuration-3.0.dtd HTTP/1.1" 200 2737
0:0:0:0:0:0:0:1 - - [14/Nov/2020:19:26:54 +0530] "GET /ProjectTNL/dispThumbImprssnPage.action HTTP/1.1" 500 10021
0:0:0:0:0:0:0:1 - - [14/Nov/2020:19:26:54 +0530] "GET /favicon.ico HTTP/1.1" 404 762
127.0.0.1 - - [14/Nov/2020:19:27:54 +0530] "GET / HTTP/1.1" 404 751
127.0.0.1 - - [14/Nov/2020:19:27:55 +0530] "GET /ProjectTNL/tiles-config_3_0.dtd HTTP/1.1" 200 10864
0:0:0:0:0:0:0:1 - - [14/Nov/2020:19:27:56 +0530] "GET /ProjectTNL/ HTTP/1.1" 200 1744
0:0:0:0:0:0:0:1 - - [14/Nov/2020:19:28:05 +0530] "POST /ProjectTNL/authlogin.action;jsessionid=73F1832ADC1016A75D1414F2A5A2D2EF HTTP/1.1" 200 1711
127.0.0.1 - - [14/Nov/2020:19:28:08 +0530] "GET /ProjectTNL/hibernate-configuration-3.0.dtd HTTP/1.1" 200 2737
0:0:0:0:0:0:0:1 - - [14/Nov/2020:19:28:12 +0530] "GET /ProjectTNL/dispThumbImprssnPage.action HTTP/1.1" 500 10021
127.0.0.1 - - [14/Nov/2020:19:30:17 +0530] "GET / HTTP/1.1" 404 751
127.0.0.1 - - [14/Nov/2020:19:30:19 +0530] "GET /ProjectTNL/tiles-config_3_0.dtd HTTP/1.1" 200 10864
0:0:0:0:0:0:0:1 - - [14/Nov/2020:19:30:20 +0530] "GET /ProjectTNL/ HTTP/1.1" 200 1744
0:0:0:0:0:0:0:1 - - [14/Nov/2020:19:30:28 +0530] "POST /ProjectTNL/authlogin.action;jsessionid=9CC19C33C40727C1FD491A7B7AF6258E HTTP/1.1" 200 1711
127.0.0.1 - - [14/Nov/2020:19:30:32 +0530] "GET /ProjectTNL/hibernate-configuration-3.0.dtd HTTP/1.1" 200 2737
0:0:0:0:0:0:0:1 - - [14/Nov/2020:19:30:37 +0530] "GET /ProjectTNL/dispThumbImprssnPage.action HTTP/1.1" 500 10021
127.0.0.1 - - [14/Nov/2020:19:32:41 +0530] "GET / HTTP/1.1" 404 751
127.0.0.1 - - [14/Nov/2020:19:32:42 +0530] "GET /ProjectTNL/tiles-config_3_0.dtd HTTP/1.1" 200 10864
0:0:0:0:0:0:0:1 - - [14/Nov/2020:19:32:43 +0530] "GET /ProjectTNL/ HTTP/1.1" 200 1700
0:0:0:0:0:0:0:1 - - [14/Nov/2020:19:33:15 +0530] "POST /ProjectTNL/authlogin.action HTTP/1.1" 200 1711
127.0.0.1 - - [14/Nov/2020:19:33:19 +0530] "GET /ProjectTNL/hibernate-configuration-3.0.dtd HTTP/1.1" 200 2737
127.0.0.1 - - [14/Nov/2020:19:33:23 +0530] "GET /ProjectTNL/hibernate-configuration-3.0.dtd HTTP/1.1" 200 2737
0:0:0:0:0:0:0:1 - - [14/Nov/2020:19:33:26 +0530] "GET /ProjectTNL/dispThumbImprssnPage.action HTTP/1.1" 200 5324
127.0.0.1 - - [14/Nov/2020:19:34:05 +0530] "GET /ProjectTNL/hibernate-configuration-3.0.dtd HTTP/1.1" 200 2737
127.0.0.1 - - [14/Nov/2020:19:34:06 +0530] "GET /ProjectTNL/hibernate-configuration-3.0.dtd HTTP/1.1" 200 2737
127.0.0.1 - - [14/Nov/2020:19:34:07 +0530] "GET /ProjectTNL/hibernate-configuration-3.0.dtd HTTP/1.1" 200 2737
0:0:0:0:0:0:0:1 - - [14/Nov/2020:19:34:08 +0530] "POST /ProjectTNL/addThumbImprssnDet.action HTTP/1.1" 200 6034
