127.0.0.1 - - [27/Dec/2020:08:59:42 +0530] "GET / HTTP/1.1" 404 751
127.0.0.1 - - [27/Dec/2020:08:59:43 +0530] "GET /ProjectTNL/tiles-config_3_0.dtd HTTP/1.1" 200 10864
0:0:0:0:0:0:0:1 - - [27/Dec/2020:08:59:45 +0530] "GET /ProjectTNL/ HTTP/1.1" 200 1744
0:0:0:0:0:0:0:1 - - [27/Dec/2020:09:00:17 +0530] "POST /ProjectTNL/authlogin.action;jsessionid=963D1CA49F654DBA808D61FA6DDAB3F4 HTTP/1.1" 200 1896
127.0.0.1 - - [27/Dec/2020:09:00:20 +0530] "GET /ProjectTNL/hibernate-configuration-3.0.dtd HTTP/1.1" 200 2737
127.0.0.1 - - [27/Dec/2020:09:00:25 +0530] "GET /ProjectTNL/hibernate-configuration-3.0.dtd HTTP/1.1" 200 2737
0:0:0:0:0:0:0:1 - - [27/Dec/2020:09:00:27 +0530] "GET /ProjectTNL/dispMemForm.action HTTP/1.1" 200 17129
0:0:0:0:0:0:0:1 - - [27/Dec/2020:09:00:27 +0530] "GET /ProjectTNL/css/style_mem.css HTTP/1.1" 304 -
127.0.0.1 - - [27/Dec/2020:09:00:27 +0530] "GET /ProjectTNL/hibernate-configuration-3.0.dtd HTTP/1.1" 200 2737
127.0.0.1 - - [27/Dec/2020:09:00:27 +0530] "GET /ProjectTNL/hibernate-configuration-3.0.dtd HTTP/1.1" 200 2737
0:0:0:0:0:0:0:1 - - [27/Dec/2020:09:00:29 +0530] "GET /ProjectTNL/dispMemForm.action HTTP/1.1" 200 17129
127.0.0.1 - - [27/Dec/2020:09:03:35 +0530] "GET /ProjectTNL/hibernate-configuration-3.0.dtd HTTP/1.1" 200 2737
127.0.0.1 - - [27/Dec/2020:09:03:36 +0530] "GET /ProjectTNL/hibernate-configuration-3.0.dtd HTTP/1.1" 200 2737
127.0.0.1 - - [27/Dec/2020:09:03:37 +0530] "GET /ProjectTNL/hibernate-configuration-3.0.dtd HTTP/1.1" 200 2737
0:0:0:0:0:0:0:1 - - [27/Dec/2020:09:03:38 +0530] "POST /ProjectTNL/addMemDet.action HTTP/1.1" 200 17296
127.0.0.1 - - [27/Dec/2020:09:03:38 +0530] "GET /ProjectTNL/hibernate-configuration-3.0.dtd HTTP/1.1" 200 2737
127.0.0.1 - - [27/Dec/2020:09:03:39 +0530] "GET /ProjectTNL/hibernate-configuration-3.0.dtd HTTP/1.1" 200 2737
127.0.0.1 - - [27/Dec/2020:09:03:39 +0530] "GET /ProjectTNL/hibernate-configuration-3.0.dtd HTTP/1.1" 200 2737
0:0:0:0:0:0:0:1 - - [27/Dec/2020:09:03:41 +0530] "GET /ProjectTNL/addMemDet.action HTTP/1.1" 200 17129
127.0.0.1 - - [27/Dec/2020:09:05:50 +0530] "GET /ProjectTNL/hibernate-configuration-3.0.dtd HTTP/1.1" 200 2737
127.0.0.1 - - [27/Dec/2020:09:05:54 +0530] "GET /ProjectTNL/hibernate-configuration-3.0.dtd HTTP/1.1" 200 2737
127.0.0.1 - - [27/Dec/2020:09:05:54 +0530] "GET /ProjectTNL/hibernate-configuration-3.0.dtd HTTP/1.1" 200 2737
127.0.0.1 - - [27/Dec/2020:09:05:56 +0530] "GET /ProjectTNL/tiles-config_3_0.dtd HTTP/1.1" 200 10864
0:0:0:0:0:0:0:1 - - [27/Dec/2020:09:05:57 +0530] "POST /ProjectTNL/addMemDet.action HTTP/1.1" 200 17296
127.0.0.1 - - [27/Dec/2020:09:05:57 +0530] "GET /ProjectTNL/hibernate-configuration-3.0.dtd HTTP/1.1" 200 2737
127.0.0.1 - - [27/Dec/2020:09:05:58 +0530] "GET /ProjectTNL/hibernate-configuration-3.0.dtd HTTP/1.1" 200 2737
127.0.0.1 - - [27/Dec/2020:09:05:59 +0530] "GET /ProjectTNL/hibernate-configuration-3.0.dtd HTTP/1.1" 200 2737
0:0:0:0:0:0:0:1 - - [27/Dec/2020:09:06:00 +0530] "GET /ProjectTNL/addMemDet.action HTTP/1.1" 200 17129
127.0.0.1 - - [27/Dec/2020:09:07:17 +0530] "GET /ProjectTNL/hibernate-configuration-3.0.dtd HTTP/1.1" 200 2737
127.0.0.1 - - [27/Dec/2020:09:07:18 +0530] "GET /ProjectTNL/hibernate-configuration-3.0.dtd HTTP/1.1" 200 2737
127.0.0.1 - - [27/Dec/2020:09:07:18 +0530] "GET /ProjectTNL/hibernate-configuration-3.0.dtd HTTP/1.1" 200 2737
0:0:0:0:0:0:0:1 - - [27/Dec/2020:09:07:20 +0530] "POST /ProjectTNL/addMemDet.action HTTP/1.1" 200 17296
127.0.0.1 - - [27/Dec/2020:09:07:20 +0530] "GET /ProjectTNL/hibernate-configuration-3.0.dtd HTTP/1.1" 200 2737
127.0.0.1 - - [27/Dec/2020:09:07:21 +0530] "GET /ProjectTNL/hibernate-configuration-3.0.dtd HTTP/1.1" 200 2737
127.0.0.1 - - [27/Dec/2020:09:07:21 +0530] "GET /ProjectTNL/hibernate-configuration-3.0.dtd HTTP/1.1" 200 2737
0:0:0:0:0:0:0:1 - - [27/Dec/2020:09:07:23 +0530] "GET /ProjectTNL/addMemDet.action HTTP/1.1" 200 17129
127.0.0.1 - - [27/Dec/2020:09:24:55 +0530] "GET /ProjectTNL/hibernate-configuration-3.0.dtd HTTP/1.1" 200 2737
127.0.0.1 - - [27/Dec/2020:09:24:55 +0530] "GET /ProjectTNL/hibernate-configuration-3.0.dtd HTTP/1.1" 200 2737
127.0.0.1 - - [27/Dec/2020:09:24:55 +0530] "GET /ProjectTNL/hibernate-configuration-3.0.dtd HTTP/1.1" 200 2737
127.0.0.1 - - [27/Dec/2020:09:24:57 +0530] "GET /ProjectTNL/hibernate-configuration-3.0.dtd HTTP/1.1" 200 2737
127.0.0.1 - - [27/Dec/2020:09:24:57 +0530] "GET /ProjectTNL/hibernate-configuration-3.0.dtd HTTP/1.1" 200 2737
127.0.0.1 - - [27/Dec/2020:09:24:57 +0530] "GET /ProjectTNL/hibernate-configuration-3.0.dtd HTTP/1.1" 200 2737
127.0.0.1 - - [27/Dec/2020:09:25:24 +0530] "GET / HTTP/1.1" 404 751
127.0.0.1 - - [27/Dec/2020:09:25:25 +0530] "GET /ProjectTNL/tiles-config_3_0.dtd HTTP/1.1" 200 10864
0:0:0:0:0:0:0:1 - - [27/Dec/2020:09:25:26 +0530] "GET /ProjectTNL/ HTTP/1.1" 200 1700
0:0:0:0:0:0:0:1 - - [27/Dec/2020:09:25:37 +0530] "POST /ProjectTNL/authlogin.action HTTP/1.1" 200 1896
127.0.0.1 - - [27/Dec/2020:09:25:41 +0530] "GET /ProjectTNL/hibernate-configuration-3.0.dtd HTTP/1.1" 200 2737
127.0.0.1 - - [27/Dec/2020:09:25:48 +0530] "GET /ProjectTNL/hibernate-configuration-3.0.dtd HTTP/1.1" 200 2737
0:0:0:0:0:0:0:1 - - [27/Dec/2020:09:25:50 +0530] "GET /ProjectTNL/dispMemForm.action HTTP/1.1" 200 11414
127.0.0.1 - - [27/Dec/2020:09:25:50 +0530] "GET /ProjectTNL/hibernate-configuration-3.0.dtd HTTP/1.1" 200 2737
127.0.0.1 - - [27/Dec/2020:09:25:52 +0530] "GET /ProjectTNL/hibernate-configuration-3.0.dtd HTTP/1.1" 200 2737
0:0:0:0:0:0:0:1 - - [27/Dec/2020:09:25:54 +0530] "GET /ProjectTNL/dispMemForm.action HTTP/1.1" 200 11414
127.0.0.1 - - [27/Dec/2020:09:26:21 +0530] "GET /ProjectTNL/hibernate-configuration-3.0.dtd HTTP/1.1" 200 2737
127.0.0.1 - - [27/Dec/2020:09:26:23 +0530] "GET /ProjectTNL/hibernate-configuration-3.0.dtd HTTP/1.1" 200 2737
127.0.0.1 - - [27/Dec/2020:09:26:25 +0530] "GET /ProjectTNL/hibernate-configuration-3.0.dtd HTTP/1.1" 200 2737
0:0:0:0:0:0:0:1 - - [27/Dec/2020:09:26:26 +0530] "POST /ProjectTNL/addMemDet.action HTTP/1.1" 200 11468
127.0.0.1 - - [27/Dec/2020:09:26:26 +0530] "GET /ProjectTNL/hibernate-configuration-3.0.dtd HTTP/1.1" 200 2737
127.0.0.1 - - [27/Dec/2020:09:26:28 +0530] "GET /ProjectTNL/hibernate-configuration-3.0.dtd HTTP/1.1" 200 2737
127.0.0.1 - - [27/Dec/2020:09:26:29 +0530] "GET /ProjectTNL/hibernate-configuration-3.0.dtd HTTP/1.1" 200 2737
0:0:0:0:0:0:0:1 - - [27/Dec/2020:09:26:32 +0530] "GET /ProjectTNL/addMemDet.action HTTP/1.1" 200 11414
127.0.0.1 - - [27/Dec/2020:09:28:13 +0530] "GET /ProjectTNL/hibernate-configuration-3.0.dtd HTTP/1.1" 200 2737
127.0.0.1 - - [27/Dec/2020:09:28:15 +0530] "GET /ProjectTNL/hibernate-configuration-3.0.dtd HTTP/1.1" 200 2737
127.0.0.1 - - [27/Dec/2020:09:28:17 +0530] "GET /ProjectTNL/hibernate-configuration-3.0.dtd HTTP/1.1" 200 2737
0:0:0:0:0:0:0:1 - - [27/Dec/2020:09:28:19 +0530] "POST /ProjectTNL/addMemDet.action HTTP/1.1" 200 11468
127.0.0.1 - - [27/Dec/2020:09:28:19 +0530] "GET /ProjectTNL/hibernate-configuration-3.0.dtd HTTP/1.1" 200 2737
127.0.0.1 - - [27/Dec/2020:09:28:20 +0530] "GET /ProjectTNL/hibernate-configuration-3.0.dtd HTTP/1.1" 200 2737
127.0.0.1 - - [27/Dec/2020:09:28:22 +0530] "GET /ProjectTNL/hibernate-configuration-3.0.dtd HTTP/1.1" 200 2737
0:0:0:0:0:0:0:1 - - [27/Dec/2020:09:28:23 +0530] "GET /ProjectTNL/addMemDet.action HTTP/1.1" 200 11414
0:0:0:0:0:0:0:1 - - [27/Dec/2020:09:29:47 +0530] "GET /ProjectTNL/ HTTP/1.1" 200 1700
0:0:0:0:0:0:0:1 - - [27/Dec/2020:09:29:56 +0530] "POST /ProjectTNL/authlogin.action HTTP/1.1" 200 1896
127.0.0.1 - - [27/Dec/2020:09:29:59 +0530] "GET /ProjectTNL/hibernate-configuration-3.0.dtd HTTP/1.1" 200 2737
127.0.0.1 - - [27/Dec/2020:09:30:00 +0530] "GET /ProjectTNL/hibernate-configuration-3.0.dtd HTTP/1.1" 200 2737
0:0:0:0:0:0:0:1 - - [27/Dec/2020:09:30:02 +0530] "GET /ProjectTNL/dispMemForm.action HTTP/1.1" 200 11414
127.0.0.1 - - [27/Dec/2020:09:30:02 +0530] "GET /ProjectTNL/hibernate-configuration-3.0.dtd HTTP/1.1" 200 2737
127.0.0.1 - - [27/Dec/2020:09:30:03 +0530] "GET /ProjectTNL/hibernate-configuration-3.0.dtd HTTP/1.1" 200 2737
0:0:0:0:0:0:0:1 - - [27/Dec/2020:09:30:04 +0530] "GET /ProjectTNL/dispMemForm.action HTTP/1.1" 200 11414
127.0.0.1 - - [27/Dec/2020:10:11:29 +0530] "GET /ProjectTNL/tiles-config_3_0.dtd HTTP/1.1" 200 10864
127.0.0.1 - - [27/Dec/2020:10:11:29 +0530] "GET /ProjectTNL/tiles-config_3_0.dtd HTTP/1.1" 200 10864
127.0.0.1 - - [27/Dec/2020:10:11:29 +0530] "GET /ProjectTNL/tiles-config_3_0.dtd HTTP/1.1" 200 10864
127.0.0.1 - - [27/Dec/2020:10:11:34 +0530] "GET /ProjectTNL/hibernate-configuration-3.0.dtd HTTP/1.1" 200 2737
127.0.0.1 - - [27/Dec/2020:10:11:34 +0530] "GET /ProjectTNL/hibernate-configuration-3.0.dtd HTTP/1.1" 200 2737
127.0.0.1 - - [27/Dec/2020:10:11:34 +0530] "GET /ProjectTNL/hibernate-configuration-3.0.dtd HTTP/1.1" 200 2737
127.0.0.1 - - [27/Dec/2020:10:12:04 +0530] "GET / HTTP/1.1" 404 751
127.0.0.1 - - [27/Dec/2020:10:12:05 +0530] "GET /ProjectTNL/tiles-config_3_0.dtd HTTP/1.1" 200 10864
0:0:0:0:0:0:0:1 - - [27/Dec/2020:10:12:06 +0530] "GET /ProjectTNL/ HTTP/1.1" 200 1700
0:0:0:0:0:0:0:1 - - [27/Dec/2020:10:12:54 +0530] "GET /ProjectTNL/ HTTP/1.1" 200 1744
0:0:0:0:0:0:0:1 - - [27/Dec/2020:10:12:55 +0530] "GET /favicon.ico HTTP/1.1" 404 762
0:0:0:0:0:0:0:1 - - [27/Dec/2020:10:13:03 +0530] "POST /ProjectTNL/authlogin.action;jsessionid=A857FC67FD0B8ADDC148D747585D6220 HTTP/1.1" 200 1896
127.0.0.1 - - [27/Dec/2020:10:13:13 +0530] "GET /ProjectTNL/hibernate-configuration-3.0.dtd HTTP/1.1" 200 2737
127.0.0.1 - - [27/Dec/2020:10:13:18 +0530] "GET /ProjectTNL/hibernate-configuration-3.0.dtd HTTP/1.1" 200 2737
0:0:0:0:0:0:0:1 - - [27/Dec/2020:10:13:20 +0530] "GET /ProjectTNL/dispMemForm.action HTTP/1.1" 200 11414
0:0:0:0:0:0:0:1 - - [27/Dec/2020:10:13:20 +0530] "GET /ProjectTNL/js/member.js HTTP/1.1" 200 1618
0:0:0:0:0:0:0:1 - - [27/Dec/2020:10:13:20 +0530] "GET /ProjectTNL/css/style_mem.css HTTP/1.1" 200 6825
127.0.0.1 - - [27/Dec/2020:10:13:20 +0530] "GET /ProjectTNL/hibernate-configuration-3.0.dtd HTTP/1.1" 200 2737
127.0.0.1 - - [27/Dec/2020:10:13:22 +0530] "GET /ProjectTNL/hibernate-configuration-3.0.dtd HTTP/1.1" 200 2737
0:0:0:0:0:0:0:1 - - [27/Dec/2020:10:13:24 +0530] "GET /ProjectTNL/dispMemForm.action HTTP/1.1" 200 11414
127.0.0.1 - - [27/Dec/2020:10:13:39 +0530] "GET /ProjectTNL/hibernate-configuration-3.0.dtd HTTP/1.1" 200 2737
127.0.0.1 - - [27/Dec/2020:10:13:40 +0530] "GET /ProjectTNL/hibernate-configuration-3.0.dtd HTTP/1.1" 200 2737
127.0.0.1 - - [27/Dec/2020:10:13:42 +0530] "GET /ProjectTNL/hibernate-configuration-3.0.dtd HTTP/1.1" 200 2737
0:0:0:0:0:0:0:1 - - [27/Dec/2020:10:13:43 +0530] "POST /ProjectTNL/addMemDet.action HTTP/1.1" 200 11466
127.0.0.1 - - [27/Dec/2020:10:13:44 +0530] "GET /ProjectTNL/hibernate-configuration-3.0.dtd HTTP/1.1" 200 2737
127.0.0.1 - - [27/Dec/2020:10:13:46 +0530] "GET /ProjectTNL/hibernate-configuration-3.0.dtd HTTP/1.1" 200 2737
127.0.0.1 - - [27/Dec/2020:10:13:49 +0530] "GET /ProjectTNL/hibernate-configuration-3.0.dtd HTTP/1.1" 200 2737
0:0:0:0:0:0:0:1 - - [27/Dec/2020:10:13:51 +0530] "GET /ProjectTNL/addMemDet.action HTTP/1.1" 200 11414
127.0.0.1 - - [27/Dec/2020:10:15:32 +0530] "GET /ProjectTNL/hibernate-configuration-3.0.dtd HTTP/1.1" 200 2737
127.0.0.1 - - [27/Dec/2020:10:15:33 +0530] "GET /ProjectTNL/hibernate-configuration-3.0.dtd HTTP/1.1" 200 2737
127.0.0.1 - - [27/Dec/2020:10:15:36 +0530] "GET /ProjectTNL/hibernate-configuration-3.0.dtd HTTP/1.1" 200 2737
0:0:0:0:0:0:0:1 - - [27/Dec/2020:10:15:37 +0530] "POST /ProjectTNL/addMemDet.action HTTP/1.1" 200 11466
127.0.0.1 - - [27/Dec/2020:10:15:37 +0530] "GET /ProjectTNL/hibernate-configuration-3.0.dtd HTTP/1.1" 200 2737
127.0.0.1 - - [27/Dec/2020:10:15:39 +0530] "GET /ProjectTNL/hibernate-configuration-3.0.dtd HTTP/1.1" 200 2737
127.0.0.1 - - [27/Dec/2020:10:15:41 +0530] "GET /ProjectTNL/hibernate-configuration-3.0.dtd HTTP/1.1" 200 2737
0:0:0:0:0:0:0:1 - - [27/Dec/2020:10:15:43 +0530] "GET /ProjectTNL/addMemDet.action HTTP/1.1" 200 11414
127.0.0.1 - - [27/Dec/2020:10:18:56 +0530] "GET /ProjectTNL/hibernate-configuration-3.0.dtd HTTP/1.1" 200 2737
127.0.0.1 - - [27/Dec/2020:10:19:01 +0530] "GET /ProjectTNL/hibernate-configuration-3.0.dtd HTTP/1.1" 200 2737
127.0.0.1 - - [27/Dec/2020:10:19:03 +0530] "GET /ProjectTNL/hibernate-configuration-3.0.dtd HTTP/1.1" 200 2737
127.0.0.1 - - [27/Dec/2020:10:19:05 +0530] "GET /ProjectTNL/tiles-config_3_0.dtd HTTP/1.1" 200 10864
0:0:0:0:0:0:0:1 - - [27/Dec/2020:10:19:05 +0530] "POST /ProjectTNL/addMemDet.action HTTP/1.1" 200 11466
127.0.0.1 - - [27/Dec/2020:10:19:05 +0530] "GET /ProjectTNL/hibernate-configuration-3.0.dtd HTTP/1.1" 200 2737
127.0.0.1 - - [27/Dec/2020:10:19:07 +0530] "GET /ProjectTNL/hibernate-configuration-3.0.dtd HTTP/1.1" 200 2737
0:0:0:0:0:0:0:1 - - [27/Dec/2020:10:19:08 +0530] "GET /ProjectTNL/addMemDet.action HTTP/1.1" 200 11414
127.0.0.1 - - [27/Dec/2020:10:28:26 +0530] "GET / HTTP/1.1" 404 751
127.0.0.1 - - [27/Dec/2020:10:28:27 +0530] "GET /ProjectTNL/tiles-config_3_0.dtd HTTP/1.1" 200 10864
0:0:0:0:0:0:0:1 - - [27/Dec/2020:10:28:28 +0530] "GET /ProjectTNL/ HTTP/1.1" 200 1700
0:0:0:0:0:0:0:1 - - [27/Dec/2020:10:28:37 +0530] "POST /ProjectTNL/authlogin.action HTTP/1.1" 200 1896
127.0.0.1 - - [27/Dec/2020:10:28:40 +0530] "GET /ProjectTNL/hibernate-configuration-3.0.dtd HTTP/1.1" 200 2737
127.0.0.1 - - [27/Dec/2020:10:28:44 +0530] "GET /ProjectTNL/hibernate-configuration-3.0.dtd HTTP/1.1" 200 2737
0:0:0:0:0:0:0:1 - - [27/Dec/2020:10:28:46 +0530] "GET /ProjectTNL/dispMemForm.action HTTP/1.1" 200 11414
127.0.0.1 - - [27/Dec/2020:10:28:46 +0530] "GET /ProjectTNL/hibernate-configuration-3.0.dtd HTTP/1.1" 200 2737
127.0.0.1 - - [27/Dec/2020:10:28:47 +0530] "GET /ProjectTNL/hibernate-configuration-3.0.dtd HTTP/1.1" 200 2737
0:0:0:0:0:0:0:1 - - [27/Dec/2020:10:28:49 +0530] "GET /ProjectTNL/dispMemForm.action HTTP/1.1" 200 11414
127.0.0.1 - - [27/Dec/2020:10:29:10 +0530] "GET /ProjectTNL/hibernate-configuration-3.0.dtd HTTP/1.1" 200 2737
127.0.0.1 - - [27/Dec/2020:10:29:12 +0530] "GET /ProjectTNL/hibernate-configuration-3.0.dtd HTTP/1.1" 200 2737
127.0.0.1 - - [27/Dec/2020:10:29:14 +0530] "GET /ProjectTNL/hibernate-configuration-3.0.dtd HTTP/1.1" 200 2737
0:0:0:0:0:0:0:1 - - [27/Dec/2020:10:29:17 +0530] "POST /ProjectTNL/addMemDet.action HTTP/1.1" 200 11468
127.0.0.1 - - [27/Dec/2020:10:29:17 +0530] "GET /ProjectTNL/hibernate-configuration-3.0.dtd HTTP/1.1" 200 2737
127.0.0.1 - - [27/Dec/2020:10:29:19 +0530] "GET /ProjectTNL/hibernate-configuration-3.0.dtd HTTP/1.1" 200 2737
0:0:0:0:0:0:0:1 - - [27/Dec/2020:10:29:23 +0530] "GET /ProjectTNL/addMemDet.action HTTP/1.1" 200 11414
127.0.0.1 - - [27/Dec/2020:10:39:17 +0530] "GET /ProjectTNL/hibernate-configuration-3.0.dtd HTTP/1.1" 200 2737
127.0.0.1 - - [27/Dec/2020:10:39:17 +0530] "GET /ProjectTNL/hibernate-configuration-3.0.dtd HTTP/1.1" 200 2737
127.0.0.1 - - [27/Dec/2020:10:39:17 +0530] "GET /ProjectTNL/hibernate-configuration-3.0.dtd HTTP/1.1" 200 2737
127.0.0.1 - - [27/Dec/2020:10:39:21 +0530] "GET /ProjectTNL/hibernate-configuration-3.0.dtd HTTP/1.1" 200 2737
127.0.0.1 - - [27/Dec/2020:10:39:21 +0530] "GET /ProjectTNL/hibernate-configuration-3.0.dtd HTTP/1.1" 200 2737
127.0.0.1 - - [27/Dec/2020:10:39:21 +0530] "GET /ProjectTNL/hibernate-configuration-3.0.dtd HTTP/1.1" 200 2737
127.0.0.1 - - [27/Dec/2020:10:39:22 +0530] "GET /ProjectTNL/hibernate-configuration-3.0.dtd HTTP/1.1" 200 2737
127.0.0.1 - - [27/Dec/2020:10:39:22 +0530] "GET /ProjectTNL/hibernate-configuration-3.0.dtd HTTP/1.1" 200 2737
127.0.0.1 - - [27/Dec/2020:10:39:22 +0530] "GET /ProjectTNL/hibernate-configuration-3.0.dtd HTTP/1.1" 200 2737
127.0.0.1 - - [27/Dec/2020:10:54:31 +0530] "GET / HTTP/1.1" 404 751
127.0.0.1 - - [27/Dec/2020:10:54:32 +0530] "GET /ProjectTNL/tiles-config_3_0.dtd HTTP/1.1" 200 10864
0:0:0:0:0:0:0:1 - - [27/Dec/2020:10:54:33 +0530] "GET /ProjectTNL/ HTTP/1.1" 200 1700
0:0:0:0:0:0:0:1 - - [27/Dec/2020:10:54:45 +0530] "POST /ProjectTNL/authlogin.action HTTP/1.1" 200 1896
127.0.0.1 - - [27/Dec/2020:10:54:50 +0530] "GET /ProjectTNL/hibernate-configuration-3.0.dtd HTTP/1.1" 200 2737
127.0.0.1 - - [27/Dec/2020:10:54:54 +0530] "GET /ProjectTNL/hibernate-configuration-3.0.dtd HTTP/1.1" 200 2737
0:0:0:0:0:0:0:1 - - [27/Dec/2020:10:54:56 +0530] "GET /ProjectTNL/dispMemForm.action HTTP/1.1" 200 11414
127.0.0.1 - - [27/Dec/2020:10:54:56 +0530] "GET /ProjectTNL/hibernate-configuration-3.0.dtd HTTP/1.1" 200 2737
127.0.0.1 - - [27/Dec/2020:10:54:57 +0530] "GET /ProjectTNL/hibernate-configuration-3.0.dtd HTTP/1.1" 200 2737
0:0:0:0:0:0:0:1 - - [27/Dec/2020:10:54:58 +0530] "GET /ProjectTNL/dispMemForm.action HTTP/1.1" 200 11414
127.0.0.1 - - [27/Dec/2020:10:55:14 +0530] "GET /ProjectTNL/hibernate-configuration-3.0.dtd HTTP/1.1" 200 2737
127.0.0.1 - - [27/Dec/2020:10:55:15 +0530] "GET /ProjectTNL/hibernate-configuration-3.0.dtd HTTP/1.1" 200 2737
127.0.0.1 - - [27/Dec/2020:10:55:15 +0530] "GET /ProjectTNL/hibernate-configuration-3.0.dtd HTTP/1.1" 200 2737
0:0:0:0:0:0:0:1 - - [27/Dec/2020:10:55:16 +0530] "POST /ProjectTNL/addMemDet.action HTTP/1.1" 200 11468
127.0.0.1 - - [27/Dec/2020:10:55:16 +0530] "GET /ProjectTNL/hibernate-configuration-3.0.dtd HTTP/1.1" 200 2737
127.0.0.1 - - [27/Dec/2020:10:55:17 +0530] "GET /ProjectTNL/hibernate-configuration-3.0.dtd HTTP/1.1" 200 2737
0:0:0:0:0:0:0:1 - - [27/Dec/2020:10:55:17 +0530] "GET /ProjectTNL/addMemDet.action HTTP/1.1" 200 11414
127.0.0.1 - - [27/Dec/2020:10:56:20 +0530] "GET /ProjectTNL/hibernate-configuration-3.0.dtd HTTP/1.1" 200 2737
127.0.0.1 - - [27/Dec/2020:10:56:21 +0530] "GET /ProjectTNL/hibernate-configuration-3.0.dtd HTTP/1.1" 200 2737
127.0.0.1 - - [27/Dec/2020:10:56:22 +0530] "GET /ProjectTNL/hibernate-configuration-3.0.dtd HTTP/1.1" 200 2737
0:0:0:0:0:0:0:1 - - [27/Dec/2020:10:56:23 +0530] "POST /ProjectTNL/addMemDet.action HTTP/1.1" 200 12826
127.0.0.1 - - [27/Dec/2020:10:56:23 +0530] "GET /ProjectTNL/hibernate-configuration-3.0.dtd HTTP/1.1" 200 2737
127.0.0.1 - - [27/Dec/2020:10:56:24 +0530] "GET /ProjectTNL/hibernate-configuration-3.0.dtd HTTP/1.1" 200 2737
0:0:0:0:0:0:0:1 - - [27/Dec/2020:10:56:25 +0530] "GET /ProjectTNL/addMemDet.action HTTP/1.1" 200 12772
127.0.0.1 - - [27/Dec/2020:11:03:38 +0530] "GET / HTTP/1.1" 404 751
127.0.0.1 - - [27/Dec/2020:11:03:39 +0530] "GET /ProjectTNL/tiles-config_3_0.dtd HTTP/1.1" 200 10864
0:0:0:0:0:0:0:1 - - [27/Dec/2020:11:03:39 +0530] "GET /ProjectTNL/ HTTP/1.1" 200 1700
0:0:0:0:0:0:0:1 - - [27/Dec/2020:11:03:51 +0530] "POST /ProjectTNL/authlogin.action HTTP/1.1" 200 1896
127.0.0.1 - - [27/Dec/2020:11:03:58 +0530] "GET /ProjectTNL/hibernate-configuration-3.0.dtd HTTP/1.1" 200 2737
127.0.0.1 - - [27/Dec/2020:11:04:02 +0530] "GET /ProjectTNL/hibernate-configuration-3.0.dtd HTTP/1.1" 200 2737
0:0:0:0:0:0:0:1 - - [27/Dec/2020:11:04:03 +0530] "GET /ProjectTNL/dispMemForm.action HTTP/1.1" 200 12772
127.0.0.1 - - [27/Dec/2020:11:04:03 +0530] "GET /ProjectTNL/hibernate-configuration-3.0.dtd HTTP/1.1" 200 2737
127.0.0.1 - - [27/Dec/2020:11:04:04 +0530] "GET /ProjectTNL/hibernate-configuration-3.0.dtd HTTP/1.1" 200 2737
0:0:0:0:0:0:0:1 - - [27/Dec/2020:11:04:05 +0530] "GET /ProjectTNL/dispMemForm.action HTTP/1.1" 200 12772
127.0.0.1 - - [27/Dec/2020:11:04:43 +0530] "GET /ProjectTNL/hibernate-configuration-3.0.dtd HTTP/1.1" 200 2737
127.0.0.1 - - [27/Dec/2020:11:04:43 +0530] "GET /ProjectTNL/hibernate-configuration-3.0.dtd HTTP/1.1" 200 2737
127.0.0.1 - - [27/Dec/2020:11:04:44 +0530] "GET /ProjectTNL/hibernate-configuration-3.0.dtd HTTP/1.1" 200 2737
0:0:0:0:0:0:0:1 - - [27/Dec/2020:11:04:45 +0530] "POST /ProjectTNL/addMemDet.action HTTP/1.1" 200 12825
127.0.0.1 - - [27/Dec/2020:11:04:45 +0530] "GET /ProjectTNL/hibernate-configuration-3.0.dtd HTTP/1.1" 200 2737
127.0.0.1 - - [27/Dec/2020:11:04:46 +0530] "GET /ProjectTNL/hibernate-configuration-3.0.dtd HTTP/1.1" 200 2737
0:0:0:0:0:0:0:1 - - [27/Dec/2020:11:04:46 +0530] "GET /ProjectTNL/addMemDet.action HTTP/1.1" 200 12772
127.0.0.1 - - [27/Dec/2020:11:28:43 +0530] "GET / HTTP/1.1" 404 751
0:0:0:0:0:0:0:1 - - [27/Dec/2020:11:28:44 +0530] "GET /ProjectTNL/ HTTP/1.1" 404 766
127.0.0.1 - - [27/Dec/2020:11:29:40 +0530] "GET / HTTP/1.1" 404 751
0:0:0:0:0:0:0:1 - - [27/Dec/2020:11:29:41 +0530] "GET /ProjectTNL/ HTTP/1.1" 404 766
127.0.0.1 - - [27/Dec/2020:11:33:24 +0530] "GET / HTTP/1.1" 404 751
127.0.0.1 - - [27/Dec/2020:11:33:24 +0530] "GET /ProjectTNL/tiles-config_3_0.dtd HTTP/1.1" 200 10864
0:0:0:0:0:0:0:1 - - [27/Dec/2020:11:33:25 +0530] "GET /ProjectTNL/ HTTP/1.1" 200 1700
0:0:0:0:0:0:0:1 - - [27/Dec/2020:11:33:34 +0530] "POST /ProjectTNL/authlogin.action HTTP/1.1" 200 1896
127.0.0.1 - - [27/Dec/2020:11:33:38 +0530] "GET /ProjectTNL/hibernate-configuration-3.0.dtd HTTP/1.1" 200 2737
127.0.0.1 - - [27/Dec/2020:11:33:42 +0530] "GET /ProjectTNL/hibernate-configuration-3.0.dtd HTTP/1.1" 200 2737
0:0:0:0:0:0:0:1 - - [27/Dec/2020:11:33:46 +0530] "GET /ProjectTNL/dispMemForm.action HTTP/1.1" 200 12772
127.0.0.1 - - [27/Dec/2020:11:33:46 +0530] "GET /ProjectTNL/hibernate-configuration-3.0.dtd HTTP/1.1" 200 2737
127.0.0.1 - - [27/Dec/2020:11:33:47 +0530] "GET /ProjectTNL/hibernate-configuration-3.0.dtd HTTP/1.1" 200 2737
0:0:0:0:0:0:0:1 - - [27/Dec/2020:11:33:48 +0530] "GET /ProjectTNL/dispMemForm.action HTTP/1.1" 200 12772
127.0.0.1 - - [27/Dec/2020:11:39:54 +0530] "GET /ProjectTNL/tiles-config_3_0.dtd HTTP/1.1" 200 10864
127.0.0.1 - - [27/Dec/2020:11:39:54 +0530] "GET /ProjectTNL/tiles-config_3_0.dtd HTTP/1.1" 200 10864
127.0.0.1 - - [27/Dec/2020:11:39:54 +0530] "GET /ProjectTNL/tiles-config_3_0.dtd HTTP/1.1" 200 10864
127.0.0.1 - - [27/Dec/2020:11:39:56 +0530] "GET /ProjectTNL/hibernate-configuration-3.0.dtd HTTP/1.1" 200 2737
127.0.0.1 - - [27/Dec/2020:11:39:56 +0530] "GET /ProjectTNL/hibernate-configuration-3.0.dtd HTTP/1.1" 200 2737
127.0.0.1 - - [27/Dec/2020:11:39:56 +0530] "GET /ProjectTNL/hibernate-configuration-3.0.dtd HTTP/1.1" 200 2737
127.0.0.1 - - [27/Dec/2020:12:04:00 +0530] "GET / HTTP/1.1" 404 751
127.0.0.1 - - [27/Dec/2020:12:04:01 +0530] "GET /ProjectTNL/tiles-config_3_0.dtd HTTP/1.1" 200 10864
0:0:0:0:0:0:0:1 - - [27/Dec/2020:12:04:01 +0530] "GET /ProjectTNL/ HTTP/1.1" 200 1700
0:0:0:0:0:0:0:1 - - [27/Dec/2020:12:04:11 +0530] "POST /ProjectTNL/authlogin.action HTTP/1.1" 200 1896
127.0.0.1 - - [27/Dec/2020:12:04:18 +0530] "GET /ProjectTNL/hibernate-configuration-3.0.dtd HTTP/1.1" 200 2737
0:0:0:0:0:0:0:1 - - [27/Dec/2020:12:04:22 +0530] "GET /ProjectTNL/dispMemForm.action HTTP/1.1" 500 5315
127.0.0.1 - - [27/Dec/2020:12:16:38 +0530] "GET / HTTP/1.1" 404 751
127.0.0.1 - - [27/Dec/2020:12:16:39 +0530] "GET /ProjectTNL/tiles-config_3_0.dtd HTTP/1.1" 200 10864
0:0:0:0:0:0:0:1 - - [27/Dec/2020:12:16:40 +0530] "GET /ProjectTNL/ HTTP/1.1" 200 1700
0:0:0:0:0:0:0:1 - - [27/Dec/2020:12:16:50 +0530] "POST /ProjectTNL/authlogin.action HTTP/1.1" 200 1896
127.0.0.1 - - [27/Dec/2020:12:16:53 +0530] "GET /ProjectTNL/hibernate-configuration-3.0.dtd HTTP/1.1" 200 2737
127.0.0.1 - - [27/Dec/2020:12:16:57 +0530] "GET /ProjectTNL/hibernate-configuration-3.0.dtd HTTP/1.1" 200 2737
0:0:0:0:0:0:0:1 - - [27/Dec/2020:12:16:59 +0530] "GET /ProjectTNL/dispMemForm.action HTTP/1.1" 200 12772
127.0.0.1 - - [27/Dec/2020:12:16:59 +0530] "GET /ProjectTNL/hibernate-configuration-3.0.dtd HTTP/1.1" 200 2737
127.0.0.1 - - [27/Dec/2020:12:16:59 +0530] "GET /ProjectTNL/hibernate-configuration-3.0.dtd HTTP/1.1" 200 2737
0:0:0:0:0:0:0:1 - - [27/Dec/2020:12:17:01 +0530] "GET /ProjectTNL/dispMemForm.action HTTP/1.1" 200 12772
127.0.0.1 - - [27/Dec/2020:12:17:40 +0530] "GET /ProjectTNL/hibernate-configuration-3.0.dtd HTTP/1.1" 200 2737
0:0:0:0:0:0:0:1 - - [27/Dec/2020:12:17:40 +0530] "POST /ProjectTNL/addMemDet.action HTTP/1.1" 500 5315
127.0.0.1 - - [27/Dec/2020:12:40:56 +0530] "GET / HTTP/1.1" 404 751
127.0.0.1 - - [27/Dec/2020:12:40:56 +0530] "GET /ProjectTNL/tiles-config_3_0.dtd HTTP/1.1" 200 10864
0:0:0:0:0:0:0:1 - - [27/Dec/2020:12:40:57 +0530] "GET /ProjectTNL/ HTTP/1.1" 200 1700
0:0:0:0:0:0:0:1 - - [27/Dec/2020:12:41:07 +0530] "POST /ProjectTNL/authlogin.action HTTP/1.1" 200 1896
127.0.0.1 - - [27/Dec/2020:12:41:10 +0530] "GET /ProjectTNL/hibernate-configuration-3.0.dtd HTTP/1.1" 200 2737
127.0.0.1 - - [27/Dec/2020:12:41:14 +0530] "GET /ProjectTNL/hibernate-configuration-3.0.dtd HTTP/1.1" 200 2737
0:0:0:0:0:0:0:1 - - [27/Dec/2020:12:41:18 +0530] "GET /ProjectTNL/dispMemForm.action HTTP/1.1" 200 12792
127.0.0.1 - - [27/Dec/2020:12:41:18 +0530] "GET /ProjectTNL/hibernate-configuration-3.0.dtd HTTP/1.1" 200 2737
127.0.0.1 - - [27/Dec/2020:12:41:19 +0530] "GET /ProjectTNL/hibernate-configuration-3.0.dtd HTTP/1.1" 200 2737
0:0:0:0:0:0:0:1 - - [27/Dec/2020:12:41:20 +0530] "GET /ProjectTNL/dispMemForm.action HTTP/1.1" 200 12792
127.0.0.1 - - [27/Dec/2020:13:40:15 +0530] "GET / HTTP/1.1" 404 751
127.0.0.1 - - [27/Dec/2020:13:40:15 +0530] "GET /ProjectTNL/tiles-config_3_0.dtd HTTP/1.1" 200 10864
0:0:0:0:0:0:0:1 - - [27/Dec/2020:13:40:16 +0530] "GET /ProjectTNL/ HTTP/1.1" 200 1700
0:0:0:0:0:0:0:1 - - [27/Dec/2020:13:40:34 +0530] "POST /ProjectTNL/authlogin.action HTTP/1.1" 200 1896
127.0.0.1 - - [27/Dec/2020:13:40:46 +0530] "GET /ProjectTNL/hibernate-configuration-3.0.dtd HTTP/1.1" 200 2737
127.0.0.1 - - [27/Dec/2020:13:40:51 +0530] "GET /ProjectTNL/hibernate-configuration-3.0.dtd HTTP/1.1" 200 2737
0:0:0:0:0:0:0:1 - - [27/Dec/2020:13:40:52 +0530] "GET /ProjectTNL/dispMemForm.action HTTP/1.1" 200 12792
127.0.0.1 - - [27/Dec/2020:13:40:52 +0530] "GET /ProjectTNL/hibernate-configuration-3.0.dtd HTTP/1.1" 200 2737
127.0.0.1 - - [27/Dec/2020:13:40:53 +0530] "GET /ProjectTNL/hibernate-configuration-3.0.dtd HTTP/1.1" 200 2737
0:0:0:0:0:0:0:1 - - [27/Dec/2020:13:40:54 +0530] "GET /ProjectTNL/dispMemForm.action HTTP/1.1" 200 12792
127.0.0.1 - - [27/Dec/2020:13:42:11 +0530] "GET /ProjectTNL/hibernate-configuration-3.0.dtd HTTP/1.1" 200 2737
127.0.0.1 - - [27/Dec/2020:13:42:12 +0530] "GET /ProjectTNL/hibernate-configuration-3.0.dtd HTTP/1.1" 200 2737
127.0.0.1 - - [27/Dec/2020:13:42:12 +0530] "GET /ProjectTNL/hibernate-configuration-3.0.dtd HTTP/1.1" 200 2737
0:0:0:0:0:0:0:1 - - [27/Dec/2020:13:42:14 +0530] "POST /ProjectTNL/addMemDet.action HTTP/1.1" 200 12832
127.0.0.1 - - [27/Dec/2020:13:42:14 +0530] "GET /ProjectTNL/hibernate-configuration-3.0.dtd HTTP/1.1" 200 2737
127.0.0.1 - - [27/Dec/2020:13:42:14 +0530] "GET /ProjectTNL/hibernate-configuration-3.0.dtd HTTP/1.1" 200 2737
0:0:0:0:0:0:0:1 - - [27/Dec/2020:13:42:15 +0530] "GET /ProjectTNL/addMemDet.action HTTP/1.1" 200 12792
127.0.0.1 - - [27/Dec/2020:13:47:08 +0530] "GET /ProjectTNL/tiles-config_3_0.dtd HTTP/1.1" 200 10864
127.0.0.1 - - [27/Dec/2020:13:47:08 +0530] "GET /ProjectTNL/tiles-config_3_0.dtd HTTP/1.1" 200 10864
127.0.0.1 - - [27/Dec/2020:13:47:08 +0530] "GET /ProjectTNL/tiles-config_3_0.dtd HTTP/1.1" 200 10864
127.0.0.1 - - [27/Dec/2020:13:47:10 +0530] "GET /ProjectTNL/tiles-config_3_0.dtd HTTP/1.1" 200 10864
127.0.0.1 - - [27/Dec/2020:13:47:10 +0530] "GET /ProjectTNL/tiles-config_3_0.dtd HTTP/1.1" 200 10864
127.0.0.1 - - [27/Dec/2020:13:47:10 +0530] "GET /ProjectTNL/tiles-config_3_0.dtd HTTP/1.1" 200 10864
127.0.0.1 - - [27/Dec/2020:13:52:58 +0530] "GET / HTTP/1.1" 404 751
127.0.0.1 - - [27/Dec/2020:13:52:59 +0530] "GET /ProjectTNL/tiles-config_3_0.dtd HTTP/1.1" 200 10864
0:0:0:0:0:0:0:1 - - [27/Dec/2020:13:52:59 +0530] "GET /ProjectTNL/ HTTP/1.1" 200 1700
0:0:0:0:0:0:0:1 - - [27/Dec/2020:13:53:09 +0530] "POST /ProjectTNL/authlogin.action HTTP/1.1" 200 1896
127.0.0.1 - - [27/Dec/2020:13:53:13 +0530] "GET /ProjectTNL/hibernate-configuration-3.0.dtd HTTP/1.1" 200 2737
127.0.0.1 - - [27/Dec/2020:13:53:17 +0530] "GET /ProjectTNL/hibernate-configuration-3.0.dtd HTTP/1.1" 200 2737
0:0:0:0:0:0:0:1 - - [27/Dec/2020:13:53:20 +0530] "GET /ProjectTNL/dispMemForm.action HTTP/1.1" 200 12809
127.0.0.1 - - [27/Dec/2020:13:53:20 +0530] "GET /ProjectTNL/hibernate-configuration-3.0.dtd HTTP/1.1" 200 2737
127.0.0.1 - - [27/Dec/2020:13:53:21 +0530] "GET /ProjectTNL/hibernate-configuration-3.0.dtd HTTP/1.1" 200 2737
0:0:0:0:0:0:0:1 - - [27/Dec/2020:13:53:22 +0530] "GET /ProjectTNL/dispMemForm.action HTTP/1.1" 200 12809
127.0.0.1 - - [27/Dec/2020:13:55:08 +0530] "GET /ProjectTNL/tiles-config_3_0.dtd HTTP/1.1" 200 10864
127.0.0.1 - - [27/Dec/2020:13:55:08 +0530] "GET /ProjectTNL/tiles-config_3_0.dtd HTTP/1.1" 200 10864
127.0.0.1 - - [27/Dec/2020:13:55:08 +0530] "GET /ProjectTNL/tiles-config_3_0.dtd HTTP/1.1" 200 10864
127.0.0.1 - - [27/Dec/2020:13:58:22 +0530] "GET / HTTP/1.1" 404 751
127.0.0.1 - - [27/Dec/2020:13:58:23 +0530] "GET /ProjectTNL/tiles-config_3_0.dtd HTTP/1.1" 200 10864
0:0:0:0:0:0:0:1 - - [27/Dec/2020:13:58:24 +0530] "GET /ProjectTNL/ HTTP/1.1" 200 1700
0:0:0:0:0:0:0:1 - - [27/Dec/2020:13:58:32 +0530] "POST /ProjectTNL/authlogin.action HTTP/1.1" 200 1896
127.0.0.1 - - [27/Dec/2020:13:58:35 +0530] "GET /ProjectTNL/hibernate-configuration-3.0.dtd HTTP/1.1" 200 2737
127.0.0.1 - - [27/Dec/2020:13:58:39 +0530] "GET /ProjectTNL/hibernate-configuration-3.0.dtd HTTP/1.1" 200 2737
0:0:0:0:0:0:0:1 - - [27/Dec/2020:13:58:40 +0530] "GET /ProjectTNL/dispMemForm.action HTTP/1.1" 200 12809
127.0.0.1 - - [27/Dec/2020:13:58:40 +0530] "GET /ProjectTNL/hibernate-configuration-3.0.dtd HTTP/1.1" 200 2737
127.0.0.1 - - [27/Dec/2020:13:58:41 +0530] "GET /ProjectTNL/hibernate-configuration-3.0.dtd HTTP/1.1" 200 2737
0:0:0:0:0:0:0:1 - - [27/Dec/2020:13:58:42 +0530] "GET /ProjectTNL/dispMemForm.action HTTP/1.1" 200 12809
127.0.0.1 - - [27/Dec/2020:14:36:07 +0530] "GET /ProjectTNL/tiles-config_3_0.dtd HTTP/1.1" 200 10864
127.0.0.1 - - [27/Dec/2020:14:36:07 +0530] "GET /ProjectTNL/tiles-config_3_0.dtd HTTP/1.1" 200 10864
127.0.0.1 - - [27/Dec/2020:14:36:07 +0530] "GET /ProjectTNL/tiles-config_3_0.dtd HTTP/1.1" 200 10864
127.0.0.1 - - [27/Dec/2020:14:36:16 +0530] "GET /ProjectTNL/hibernate-configuration-3.0.dtd HTTP/1.1" 200 2737
127.0.0.1 - - [27/Dec/2020:14:36:16 +0530] "GET /ProjectTNL/hibernate-configuration-3.0.dtd HTTP/1.1" 200 2737
127.0.0.1 - - [27/Dec/2020:14:36:16 +0530] "GET /ProjectTNL/hibernate-configuration-3.0.dtd HTTP/1.1" 200 2737
127.0.0.1 - - [27/Dec/2020:14:36:51 +0530] "GET / HTTP/1.1" 404 751
127.0.0.1 - - [27/Dec/2020:14:36:52 +0530] "GET /ProjectTNL/tiles-config_3_0.dtd HTTP/1.1" 200 10864
0:0:0:0:0:0:0:1 - - [27/Dec/2020:14:36:53 +0530] "GET /ProjectTNL/ HTTP/1.1" 200 1700
0:0:0:0:0:0:0:1 - - [27/Dec/2020:14:37:02 +0530] "POST /ProjectTNL/authlogin.action HTTP/1.1" 200 1896
127.0.0.1 - - [27/Dec/2020:14:37:07 +0530] "GET /ProjectTNL/hibernate-configuration-3.0.dtd HTTP/1.1" 200 2737
0:0:0:0:0:0:0:1 - - [27/Dec/2020:14:37:11 +0530] "GET /ProjectTNL/dispMemForm.action HTTP/1.1" 404 781
127.0.0.1 - - [27/Dec/2020:14:39:30 +0530] "GET / HTTP/1.1" 404 751
127.0.0.1 - - [27/Dec/2020:14:39:30 +0530] "GET /ProjectTNL/tiles-config_3_0.dtd HTTP/1.1" 200 10864
0:0:0:0:0:0:0:1 - - [27/Dec/2020:14:39:31 +0530] "GET /ProjectTNL/ HTTP/1.1" 200 1700
0:0:0:0:0:0:0:1 - - [27/Dec/2020:14:39:40 +0530] "POST /ProjectTNL/authlogin.action HTTP/1.1" 200 1896
127.0.0.1 - - [27/Dec/2020:14:39:42 +0530] "GET /ProjectTNL/hibernate-configuration-3.0.dtd HTTP/1.1" 200 2737
0:0:0:0:0:0:0:1 - - [27/Dec/2020:14:39:46 +0530] "GET /ProjectTNL/dispMemForm.action HTTP/1.1" 404 781
127.0.0.1 - - [27/Dec/2020:14:43:14 +0530] "GET / HTTP/1.1" 404 751
127.0.0.1 - - [27/Dec/2020:14:43:15 +0530] "GET /ProjectTNL/tiles-config_3_0.dtd HTTP/1.1" 200 10864
0:0:0:0:0:0:0:1 - - [27/Dec/2020:14:43:16 +0530] "GET /ProjectTNL/ HTTP/1.1" 200 1700
0:0:0:0:0:0:0:1 - - [27/Dec/2020:14:43:24 +0530] "POST /ProjectTNL/authlogin.action HTTP/1.1" 200 1896
127.0.0.1 - - [27/Dec/2020:14:43:31 +0530] "GET /ProjectTNL/hibernate-configuration-3.0.dtd HTTP/1.1" 200 2737
0:0:0:0:0:0:0:1 - - [27/Dec/2020:14:43:35 +0530] "GET /ProjectTNL/dispMemForm.action HTTP/1.1" 404 781
127.0.0.1 - - [27/Dec/2020:14:44:32 +0530] "GET / HTTP/1.1" 404 751
127.0.0.1 - - [27/Dec/2020:14:44:33 +0530] "GET /ProjectTNL/tiles-config_3_0.dtd HTTP/1.1" 200 10864
0:0:0:0:0:0:0:1 - - [27/Dec/2020:14:44:34 +0530] "GET /ProjectTNL/ HTTP/1.1" 200 1700
0:0:0:0:0:0:0:1 - - [27/Dec/2020:14:44:42 +0530] "POST /ProjectTNL/authlogin.action HTTP/1.1" 200 1896
127.0.0.1 - - [27/Dec/2020:14:44:45 +0530] "GET /ProjectTNL/hibernate-configuration-3.0.dtd HTTP/1.1" 200 2737
0:0:0:0:0:0:0:1 - - [27/Dec/2020:14:44:49 +0530] "GET /ProjectTNL/dispMemForm.action HTTP/1.1" 404 781
127.0.0.1 - - [27/Dec/2020:14:45:59 +0530] "GET /ProjectTNL/tiles-config_3_0.dtd HTTP/1.1" 200 10864
127.0.0.1 - - [27/Dec/2020:14:45:59 +0530] "GET /ProjectTNL/tiles-config_3_0.dtd HTTP/1.1" 200 10864
127.0.0.1 - - [27/Dec/2020:14:45:59 +0530] "GET /ProjectTNL/tiles-config_3_0.dtd HTTP/1.1" 200 10864
127.0.0.1 - - [27/Dec/2020:14:46:06 +0530] "GET /ProjectTNL/hibernate-configuration-3.0.dtd HTTP/1.1" 200 2737
127.0.0.1 - - [27/Dec/2020:14:46:06 +0530] "GET /ProjectTNL/hibernate-configuration-3.0.dtd HTTP/1.1" 200 2737
127.0.0.1 - - [27/Dec/2020:14:46:06 +0530] "GET /ProjectTNL/hibernate-configuration-3.0.dtd HTTP/1.1" 200 2737
127.0.0.1 - - [27/Dec/2020:14:46:42 +0530] "GET / HTTP/1.1" 404 751
127.0.0.1 - - [27/Dec/2020:14:46:44 +0530] "GET /ProjectTNL/tiles-config_3_0.dtd HTTP/1.1" 200 10864
0:0:0:0:0:0:0:1 - - [27/Dec/2020:14:46:45 +0530] "GET /ProjectTNL/ HTTP/1.1" 200 1700
0:0:0:0:0:0:0:1 - - [27/Dec/2020:14:46:53 +0530] "POST /ProjectTNL/authlogin.action HTTP/1.1" 200 1896
127.0.0.1 - - [27/Dec/2020:14:46:56 +0530] "GET /ProjectTNL/hibernate-configuration-3.0.dtd HTTP/1.1" 200 2737
127.0.0.1 - - [27/Dec/2020:14:47:00 +0530] "GET /ProjectTNL/hibernate-configuration-3.0.dtd HTTP/1.1" 200 2737
0:0:0:0:0:0:0:1 - - [27/Dec/2020:14:47:03 +0530] "GET /ProjectTNL/dispMemForm.action HTTP/1.1" 200 12889
127.0.0.1 - - [27/Dec/2020:14:47:03 +0530] "GET /ProjectTNL/hibernate-configuration-3.0.dtd HTTP/1.1" 200 2737
127.0.0.1 - - [27/Dec/2020:14:47:04 +0530] "GET /ProjectTNL/hibernate-configuration-3.0.dtd HTTP/1.1" 200 2737
0:0:0:0:0:0:0:1 - - [27/Dec/2020:14:47:05 +0530] "GET /ProjectTNL/dispMemForm.action HTTP/1.1" 200 12889
127.0.0.1 - - [27/Dec/2020:14:47:50 +0530] "GET /ProjectTNL/hibernate-configuration-3.0.dtd HTTP/1.1" 200 2737
127.0.0.1 - - [27/Dec/2020:14:47:51 +0530] "GET /ProjectTNL/hibernate-configuration-3.0.dtd HTTP/1.1" 200 2737
0:0:0:0:0:0:0:1 - - [27/Dec/2020:14:47:53 +0530] "GET /ProjectTNL/dispMemForm.action HTTP/1.1" 200 12909
0:0:0:0:0:0:0:1 - - [27/Dec/2020:14:47:53 +0530] "GET /ProjectTNL/js/member.js HTTP/1.1" 304 -
0:0:0:0:0:0:0:1 - - [27/Dec/2020:14:47:53 +0530] "GET /ProjectTNL/css/style_mem.css HTTP/1.1" 304 -
127.0.0.1 - - [27/Dec/2020:14:47:53 +0530] "GET /ProjectTNL/hibernate-configuration-3.0.dtd HTTP/1.1" 200 2737
127.0.0.1 - - [27/Dec/2020:14:47:54 +0530] "GET /ProjectTNL/hibernate-configuration-3.0.dtd HTTP/1.1" 200 2737
0:0:0:0:0:0:0:1 - - [27/Dec/2020:14:47:55 +0530] "GET /ProjectTNL/dispMemForm.action HTTP/1.1" 200 12909
127.0.0.1 - - [27/Dec/2020:14:50:28 +0530] "GET /ProjectTNL/tiles-config_3_0.dtd HTTP/1.1" 200 10864
127.0.0.1 - - [27/Dec/2020:14:50:28 +0530] "GET /ProjectTNL/tiles-config_3_0.dtd HTTP/1.1" 200 10864
127.0.0.1 - - [27/Dec/2020:14:50:28 +0530] "GET /ProjectTNL/tiles-config_3_0.dtd HTTP/1.1" 200 10864
127.0.0.1 - - [27/Dec/2020:14:50:30 +0530] "GET /ProjectTNL/hibernate-configuration-3.0.dtd HTTP/1.1" 200 2737
127.0.0.1 - - [27/Dec/2020:14:50:30 +0530] "GET /ProjectTNL/hibernate-configuration-3.0.dtd HTTP/1.1" 200 2737
127.0.0.1 - - [27/Dec/2020:14:50:30 +0530] "GET /ProjectTNL/hibernate-configuration-3.0.dtd HTTP/1.1" 200 2737
127.0.0.1 - - [27/Dec/2020:14:51:02 +0530] "GET / HTTP/1.1" 404 751
127.0.0.1 - - [27/Dec/2020:14:51:02 +0530] "GET /ProjectTNL/tiles-config_3_0.dtd HTTP/1.1" 200 10864
0:0:0:0:0:0:0:1 - - [27/Dec/2020:14:51:03 +0530] "GET /ProjectTNL/ HTTP/1.1" 200 1700
0:0:0:0:0:0:0:1 - - [27/Dec/2020:14:51:14 +0530] "POST /ProjectTNL/authlogin.action HTTP/1.1" 200 1896
127.0.0.1 - - [27/Dec/2020:14:51:16 +0530] "GET /ProjectTNL/hibernate-configuration-3.0.dtd HTTP/1.1" 200 2737
127.0.0.1 - - [27/Dec/2020:14:51:20 +0530] "GET /ProjectTNL/hibernate-configuration-3.0.dtd HTTP/1.1" 200 2737
0:0:0:0:0:0:0:1 - - [27/Dec/2020:14:51:24 +0530] "GET /ProjectTNL/dispMemForm.action HTTP/1.1" 200 13069
127.0.0.1 - - [27/Dec/2020:14:51:24 +0530] "GET /ProjectTNL/hibernate-configuration-3.0.dtd HTTP/1.1" 200 2737
127.0.0.1 - - [27/Dec/2020:14:51:25 +0530] "GET /ProjectTNL/hibernate-configuration-3.0.dtd HTTP/1.1" 200 2737
0:0:0:0:0:0:0:1 - - [27/Dec/2020:14:51:26 +0530] "GET /ProjectTNL/dispMemForm.action HTTP/1.1" 200 13069
127.0.0.1 - - [27/Dec/2020:14:54:39 +0530] "GET /ProjectTNL/hibernate-configuration-3.0.dtd HTTP/1.1" 200 2737
127.0.0.1 - - [27/Dec/2020:14:54:39 +0530] "GET /ProjectTNL/hibernate-configuration-3.0.dtd HTTP/1.1" 200 2737
127.0.0.1 - - [27/Dec/2020:14:54:41 +0530] "GET /ProjectTNL/hibernate-configuration-3.0.dtd HTTP/1.1" 200 2737
0:0:0:0:0:0:0:1 - - [27/Dec/2020:14:54:42 +0530] "POST /ProjectTNL/addMemDet.action HTTP/1.1" 200 14670
127.0.0.1 - - [27/Dec/2020:14:54:42 +0530] "GET /ProjectTNL/hibernate-configuration-3.0.dtd HTTP/1.1" 200 2737
127.0.0.1 - - [27/Dec/2020:14:54:43 +0530] "GET /ProjectTNL/hibernate-configuration-3.0.dtd HTTP/1.1" 200 2737
0:0:0:0:0:0:0:1 - - [27/Dec/2020:14:54:44 +0530] "GET /ProjectTNL/addMemDet.action HTTP/1.1" 200 14524
127.0.0.1 - - [27/Dec/2020:15:04:42 +0530] "GET /ProjectTNL/hibernate-configuration-3.0.dtd HTTP/1.1" 200 2737
127.0.0.1 - - [27/Dec/2020:15:04:43 +0530] "GET /ProjectTNL/hibernate-configuration-3.0.dtd HTTP/1.1" 200 2737
127.0.0.1 - - [27/Dec/2020:15:04:44 +0530] "GET /ProjectTNL/hibernate-configuration-3.0.dtd HTTP/1.1" 200 2737
0:0:0:0:0:0:0:1 - - [27/Dec/2020:15:04:46 +0530] "POST /ProjectTNL/addMemDet.action HTTP/1.1" 200 16200
127.0.0.1 - - [27/Dec/2020:15:04:46 +0530] "GET /ProjectTNL/hibernate-configuration-3.0.dtd HTTP/1.1" 200 2737
127.0.0.1 - - [27/Dec/2020:15:04:47 +0530] "GET /ProjectTNL/hibernate-configuration-3.0.dtd HTTP/1.1" 200 2737
0:0:0:0:0:0:0:1 - - [27/Dec/2020:15:04:48 +0530] "GET /ProjectTNL/addMemDet.action HTTP/1.1" 200 16019
0:0:0:0:0:0:0:1 - - [27/Dec/2020:15:05:10 +0530] "GET /ProjectTNL/homePage HTTP/1.1" 200 1896
127.0.0.1 - - [27/Dec/2020:15:05:13 +0530] "GET /ProjectTNL/hibernate-configuration-3.0.dtd HTTP/1.1" 200 2737
0:0:0:0:0:0:0:1 - - [27/Dec/2020:15:05:14 +0530] "GET /ProjectTNL/dispMemDetIndiv.action HTTP/1.1" 200 1656
127.0.0.1 - - [27/Dec/2020:15:05:21 +0530] "GET /ProjectTNL/hibernate-configuration-3.0.dtd HTTP/1.1" 200 2737
127.0.0.1 - - [27/Dec/2020:15:05:22 +0530] "GET /ProjectTNL/hibernate-configuration-3.0.dtd HTTP/1.1" 200 2737
0:0:0:0:0:0:0:1 - - [27/Dec/2020:15:05:23 +0530] "POST /ProjectTNL/dispMemberDetByMemNo.action HTTP/1.1" 200 732700
0:0:0:0:0:0:0:1 - - [27/Dec/2020:15:05:36 +0530] "GET /ProjectTNL/homePage HTTP/1.1" 200 1896
127.0.0.1 - - [27/Dec/2020:15:05:43 +0530] "GET /ProjectTNL/hibernate-configuration-3.0.dtd HTTP/1.1" 200 2737
0:0:0:0:0:0:0:1 - - [27/Dec/2020:15:05:44 +0530] "GET /ProjectTNL/dispMemDetIndiv.action HTTP/1.1" 200 1656
127.0.0.1 - - [27/Dec/2020:15:05:52 +0530] "GET /ProjectTNL/hibernate-configuration-3.0.dtd HTTP/1.1" 200 2737
127.0.0.1 - - [27/Dec/2020:15:05:52 +0530] "GET /ProjectTNL/hibernate-configuration-3.0.dtd HTTP/1.1" 200 2737
0:0:0:0:0:0:0:1 - - [27/Dec/2020:15:05:54 +0530] "POST /ProjectTNL/dispMemberDetByMemNo.action HTTP/1.1" 200 375548
0:0:0:0:0:0:0:1 - - [27/Dec/2020:15:06:05 +0530] "GET /ProjectTNL/homePage HTTP/1.1" 200 1896
127.0.0.1 - - [27/Dec/2020:15:06:08 +0530] "GET /ProjectTNL/hibernate-configuration-3.0.dtd HTTP/1.1" 200 2737
127.0.0.1 - - [27/Dec/2020:15:06:09 +0530] "GET /ProjectTNL/hibernate-configuration-3.0.dtd HTTP/1.1" 200 2737
127.0.0.1 - - [27/Dec/2020:15:06:09 +0530] "GET /ProjectTNL/hibernate-configuration-3.0.dtd HTTP/1.1" 200 2737
0:0:0:0:0:0:0:1 - - [27/Dec/2020:15:06:11 +0530] "GET /ProjectTNL/dispLoanForm.action HTTP/1.1" 200 12903
127.0.0.1 - - [27/Dec/2020:15:06:11 +0530] "GET /ProjectTNL/hibernate-configuration-3.0.dtd HTTP/1.1" 200 2737
127.0.0.1 - - [27/Dec/2020:15:06:12 +0530] "GET /ProjectTNL/hibernate-configuration-3.0.dtd HTTP/1.1" 200 2737
127.0.0.1 - - [27/Dec/2020:15:06:13 +0530] "GET /ProjectTNL/hibernate-configuration-3.0.dtd HTTP/1.1" 200 2737
0:0:0:0:0:0:0:1 - - [27/Dec/2020:15:06:15 +0530] "GET /ProjectTNL/dispLoanForm.action HTTP/1.1" 200 12903
127.0.0.1 - - [27/Dec/2020:15:15:05 +0530] "GET /ProjectTNL/tiles-config_3_0.dtd HTTP/1.1" 200 10864
127.0.0.1 - - [27/Dec/2020:15:15:05 +0530] "GET /ProjectTNL/tiles-config_3_0.dtd HTTP/1.1" 200 10864
127.0.0.1 - - [27/Dec/2020:15:15:05 +0530] "GET /ProjectTNL/tiles-config_3_0.dtd HTTP/1.1" 200 10864
127.0.0.1 - - [27/Dec/2020:15:15:07 +0530] "GET /ProjectTNL/hibernate-configuration-3.0.dtd HTTP/1.1" 200 2737
127.0.0.1 - - [27/Dec/2020:15:15:07 +0530] "GET /ProjectTNL/hibernate-configuration-3.0.dtd HTTP/1.1" 200 2737
127.0.0.1 - - [27/Dec/2020:15:15:07 +0530] "GET /ProjectTNL/hibernate-configuration-3.0.dtd HTTP/1.1" 200 2737
127.0.0.1 - - [27/Dec/2020:15:17:35 +0530] "GET / HTTP/1.1" 404 751
127.0.0.1 - - [27/Dec/2020:15:17:36 +0530] "GET /ProjectTNL/tiles-config_3_0.dtd HTTP/1.1" 200 10864
0:0:0:0:0:0:0:1 - - [27/Dec/2020:15:17:37 +0530] "GET /ProjectTNL/ HTTP/1.1" 200 1700
0:0:0:0:0:0:0:1 - - [27/Dec/2020:15:18:59 +0530] "GET /ProjectTNL/ HTTP/1.1" 200 1744
0:0:0:0:0:0:0:1 - - [27/Dec/2020:15:19:06 +0530] "POST /ProjectTNL/authlogin.action;jsessionid=35750EB3D4A89E1FD307DC4D825ED9A4 HTTP/1.1" 200 1896
127.0.0.1 - - [27/Dec/2020:15:19:14 +0530] "GET /ProjectTNL/hibernate-configuration-3.0.dtd HTTP/1.1" 200 2737
127.0.0.1 - - [27/Dec/2020:15:19:18 +0530] "GET /ProjectTNL/hibernate-configuration-3.0.dtd HTTP/1.1" 200 2737
127.0.0.1 - - [27/Dec/2020:15:19:20 +0530] "GET /ProjectTNL/hibernate-configuration-3.0.dtd HTTP/1.1" 200 2737
0:0:0:0:0:0:0:1 - - [27/Dec/2020:15:19:26 +0530] "GET /ProjectTNL/dispLoanForm.action HTTP/1.1" 200 14006
127.0.0.1 - - [27/Dec/2020:15:19:26 +0530] "GET /ProjectTNL/hibernate-configuration-3.0.dtd HTTP/1.1" 200 2737
127.0.0.1 - - [27/Dec/2020:15:19:28 +0530] "GET /ProjectTNL/hibernate-configuration-3.0.dtd HTTP/1.1" 200 2737
127.0.0.1 - - [27/Dec/2020:15:19:30 +0530] "GET /ProjectTNL/hibernate-configuration-3.0.dtd HTTP/1.1" 200 2737
0:0:0:0:0:0:0:1 - - [27/Dec/2020:15:19:31 +0530] "GET /ProjectTNL/dispLoanForm.action HTTP/1.1" 200 14006
0:0:0:0:0:0:0:1 - - [27/Dec/2020:15:20:39 +0530] "GET /ProjectTNL/ HTTP/1.1" 200 1700
0:0:0:0:0:0:0:1 - - [27/Dec/2020:15:20:39 +0530] "GET /ProjectTNL/css/style_login.css HTTP/1.1" 304 -
127.0.0.1 - - [27/Dec/2020:15:20:45 +0530] "GET /ProjectTNL/hibernate-configuration-3.0.dtd HTTP/1.1" 200 2737
127.0.0.1 - - [27/Dec/2020:15:20:46 +0530] "GET /ProjectTNL/hibernate-configuration-3.0.dtd HTTP/1.1" 200 2737
127.0.0.1 - - [27/Dec/2020:15:20:47 +0530] "GET /ProjectTNL/hibernate-configuration-3.0.dtd HTTP/1.1" 200 2737
0:0:0:0:0:0:0:1 - - [27/Dec/2020:15:20:50 +0530] "GET /ProjectTNL/dispLoanForm.action HTTP/1.1" 200 13224
127.0.0.1 - - [27/Dec/2020:15:20:50 +0530] "GET /ProjectTNL/hibernate-configuration-3.0.dtd HTTP/1.1" 200 2737
127.0.0.1 - - [27/Dec/2020:15:20:51 +0530] "GET /ProjectTNL/hibernate-configuration-3.0.dtd HTTP/1.1" 200 2737
127.0.0.1 - - [27/Dec/2020:15:20:53 +0530] "GET /ProjectTNL/hibernate-configuration-3.0.dtd HTTP/1.1" 200 2737
0:0:0:0:0:0:0:1 - - [27/Dec/2020:15:20:54 +0530] "GET /ProjectTNL/dispLoanForm.action HTTP/1.1" 200 13224
0:0:0:0:0:0:0:1 - - [27/Dec/2020:15:21:44 +0530] "POST /ProjectTNL/authlogin.action HTTP/1.1" 200 1896
127.0.0.1 - - [27/Dec/2020:15:21:47 +0530] "GET /ProjectTNL/hibernate-configuration-3.0.dtd HTTP/1.1" 200 2737
127.0.0.1 - - [27/Dec/2020:15:21:48 +0530] "GET /ProjectTNL/hibernate-configuration-3.0.dtd HTTP/1.1" 200 2737
127.0.0.1 - - [27/Dec/2020:15:21:49 +0530] "GET /ProjectTNL/hibernate-configuration-3.0.dtd HTTP/1.1" 200 2737
0:0:0:0:0:0:0:1 - - [27/Dec/2020:15:21:50 +0530] "GET /ProjectTNL/dispLoanForm.action HTTP/1.1" 200 13224
127.0.0.1 - - [27/Dec/2020:15:21:50 +0530] "GET /ProjectTNL/hibernate-configuration-3.0.dtd HTTP/1.1" 200 2737
127.0.0.1 - - [27/Dec/2020:15:21:52 +0530] "GET /ProjectTNL/hibernate-configuration-3.0.dtd HTTP/1.1" 200 2737
127.0.0.1 - - [27/Dec/2020:15:21:52 +0530] "GET /ProjectTNL/hibernate-configuration-3.0.dtd HTTP/1.1" 200 2737
0:0:0:0:0:0:0:1 - - [27/Dec/2020:15:21:54 +0530] "GET /ProjectTNL/dispLoanForm.action HTTP/1.1" 200 13224
127.0.0.1 - - [27/Dec/2020:15:22:50 +0530] "GET /ProjectTNL/hibernate-configuration-3.0.dtd HTTP/1.1" 200 2737
127.0.0.1 - - [27/Dec/2020:15:22:50 +0530] "GET /ProjectTNL/hibernate-configuration-3.0.dtd HTTP/1.1" 200 2737
127.0.0.1 - - [27/Dec/2020:15:22:51 +0530] "GET /ProjectTNL/hibernate-configuration-3.0.dtd HTTP/1.1" 200 2737
127.0.0.1 - - [27/Dec/2020:15:22:52 +0530] "GET /ProjectTNL/hibernate-configuration-3.0.dtd HTTP/1.1" 200 2737
127.0.0.1 - - [27/Dec/2020:15:22:55 +0530] "GET /ProjectTNL/hibernate-configuration-3.0.dtd HTTP/1.1" 200 2737
0:0:0:0:0:0:0:1 - - [27/Dec/2020:15:22:55 +0530] "GET /ProjectTNL/dispLoanForm.action HTTP/1.1" 200 6
127.0.0.1 - - [27/Dec/2020:15:22:57 +0530] "GET /ProjectTNL/hibernate-configuration-3.0.dtd HTTP/1.1" 200 2737
0:0:0:0:0:0:0:1 - - [27/Dec/2020:15:22:58 +0530] "GET /ProjectTNL/dispLoanForm.action HTTP/1.1" 200 13244
0:0:0:0:0:0:0:1 - - [27/Dec/2020:15:22:59 +0530] "GET /ProjectTNL/css/style_loan.css HTTP/1.1" 304 -
0:0:0:0:0:0:0:1 - - [27/Dec/2020:15:22:59 +0530] "GET /ProjectTNL/js/loan.js HTTP/1.1" 304 -
127.0.0.1 - - [27/Dec/2020:15:22:59 +0530] "GET /ProjectTNL/hibernate-configuration-3.0.dtd HTTP/1.1" 200 2737
127.0.0.1 - - [27/Dec/2020:15:23:00 +0530] "GET /ProjectTNL/hibernate-configuration-3.0.dtd HTTP/1.1" 200 2737
127.0.0.1 - - [27/Dec/2020:15:23:01 +0530] "GET /ProjectTNL/hibernate-configuration-3.0.dtd HTTP/1.1" 200 2737
0:0:0:0:0:0:0:1 - - [27/Dec/2020:15:23:03 +0530] "GET /ProjectTNL/dispLoanForm.action HTTP/1.1" 200 13244
127.0.0.1 - - [27/Dec/2020:15:23:23 +0530] "GET /ProjectTNL/hibernate-configuration-3.0.dtd HTTP/1.1" 200 2737
127.0.0.1 - - [27/Dec/2020:15:23:24 +0530] "GET /ProjectTNL/hibernate-configuration-3.0.dtd HTTP/1.1" 200 2737
127.0.0.1 - - [27/Dec/2020:15:23:26 +0530] "GET /ProjectTNL/hibernate-configuration-3.0.dtd HTTP/1.1" 200 2737
0:0:0:0:0:0:0:1 - - [27/Dec/2020:15:23:27 +0530] "GET /ProjectTNL/dispLoanForm.action HTTP/1.1" 200 13244
0:0:0:0:0:0:0:1 - - [27/Dec/2020:15:23:28 +0530] "GET /ProjectTNL/css/style_loan.css HTTP/1.1" 200 7430
0:0:0:0:0:0:0:1 - - [27/Dec/2020:15:23:28 +0530] "GET /ProjectTNL/js/loan.js HTTP/1.1" 200 1262
127.0.0.1 - - [27/Dec/2020:15:23:28 +0530] "GET /ProjectTNL/hibernate-configuration-3.0.dtd HTTP/1.1" 200 2737
127.0.0.1 - - [27/Dec/2020:15:23:29 +0530] "GET /ProjectTNL/hibernate-configuration-3.0.dtd HTTP/1.1" 200 2737
127.0.0.1 - - [27/Dec/2020:15:23:30 +0530] "GET /ProjectTNL/hibernate-configuration-3.0.dtd HTTP/1.1" 200 2737
0:0:0:0:0:0:0:1 - - [27/Dec/2020:15:23:32 +0530] "GET /ProjectTNL/dispLoanForm.action HTTP/1.1" 200 13244
0:0:0:0:0:0:0:1 - - [27/Dec/2020:15:23:32 +0530] "GET /favicon.ico HTTP/1.1" 404 762
127.0.0.1 - - [27/Dec/2020:15:23:34 +0530] "GET /ProjectTNL/hibernate-configuration-3.0.dtd HTTP/1.1" 200 2737
127.0.0.1 - - [27/Dec/2020:15:23:35 +0530] "GET /ProjectTNL/hibernate-configuration-3.0.dtd HTTP/1.1" 200 2737
127.0.0.1 - - [27/Dec/2020:15:23:36 +0530] "GET /ProjectTNL/hibernate-configuration-3.0.dtd HTTP/1.1" 200 2737
0:0:0:0:0:0:0:1 - - [27/Dec/2020:15:23:38 +0530] "GET /ProjectTNL/dispLoanForm.action HTTP/1.1" 200 13244
127.0.0.1 - - [27/Dec/2020:15:23:38 +0530] "GET /ProjectTNL/hibernate-configuration-3.0.dtd HTTP/1.1" 200 2737
127.0.0.1 - - [27/Dec/2020:15:23:39 +0530] "GET /ProjectTNL/hibernate-configuration-3.0.dtd HTTP/1.1" 200 2737
127.0.0.1 - - [27/Dec/2020:15:23:40 +0530] "GET /ProjectTNL/hibernate-configuration-3.0.dtd HTTP/1.1" 200 2737
0:0:0:0:0:0:0:1 - - [27/Dec/2020:15:23:41 +0530] "GET /ProjectTNL/dispLoanForm.action HTTP/1.1" 200 13244
127.0.0.1 - - [27/Dec/2020:15:27:02 +0530] "GET /ProjectTNL/hibernate-configuration-3.0.dtd HTTP/1.1" 200 2737
127.0.0.1 - - [27/Dec/2020:15:27:03 +0530] "GET /ProjectTNL/hibernate-configuration-3.0.dtd HTTP/1.1" 200 2737
127.0.0.1 - - [27/Dec/2020:15:27:04 +0530] "GET /ProjectTNL/hibernate-configuration-3.0.dtd HTTP/1.1" 200 2737
127.0.0.1 - - [27/Dec/2020:15:27:06 +0530] "GET /ProjectTNL/hibernate-configuration-3.0.dtd HTTP/1.1" 200 2737
0:0:0:0:0:0:0:1 - - [27/Dec/2020:15:27:08 +0530] "POST /ProjectTNL/addLoanDet.action HTTP/1.1" 200 14999
127.0.0.1 - - [27/Dec/2020:15:27:08 +0530] "GET /ProjectTNL/hibernate-configuration-3.0.dtd HTTP/1.1" 200 2737
127.0.0.1 - - [27/Dec/2020:15:27:10 +0530] "GET /ProjectTNL/hibernate-configuration-3.0.dtd HTTP/1.1" 200 2737
127.0.0.1 - - [27/Dec/2020:15:27:12 +0530] "GET /ProjectTNL/hibernate-configuration-3.0.dtd HTTP/1.1" 200 2737
0:0:0:0:0:0:0:1 - - [27/Dec/2020:15:27:14 +0530] "GET /ProjectTNL/addLoanDet.action HTTP/1.1" 200 14748
0:0:0:0:0:0:0:1 - - [27/Dec/2020:15:27:47 +0530] "GET /ProjectTNL/homePage HTTP/1.1" 200 1896
0:0:0:0:0:0:0:1 - - [27/Dec/2020:15:27:51 +0530] "GET /ProjectTNL/dispLoanDetIndiv.action HTTP/1.1" 200 1651
127.0.0.1 - - [27/Dec/2020:15:27:56 +0530] "GET /ProjectTNL/hibernate-configuration-3.0.dtd HTTP/1.1" 200 2737
0:0:0:0:0:0:0:1 - - [27/Dec/2020:15:27:58 +0530] "POST /ProjectTNL/dispLoanDetByLoanAccno.action HTTP/1.1" 200 515786
0:0:0:0:0:0:0:1 - - [27/Dec/2020:15:31:27 +0530] "GET /ProjectTNL/homePage HTTP/1.1" 200 1896
127.0.0.1 - - [27/Dec/2020:15:31:31 +0530] "GET /ProjectTNL/hibernate-configuration-3.0.dtd HTTP/1.1" 200 2737
0:0:0:0:0:0:0:1 - - [27/Dec/2020:15:31:33 +0530] "GET /ProjectTNL/displayUploadPage.action HTTP/1.1" 200 5583
0:0:0:0:0:0:0:1 - - [27/Dec/2020:15:31:33 +0530] "GET /ProjectTNL/css/style_upload.css HTTP/1.1" 200 6348
127.0.0.1 - - [27/Dec/2020:15:34:37 +0530] "GET /ProjectTNL/hibernate-configuration-3.0.dtd HTTP/1.1" 200 2737
0:0:0:0:0:0:0:1 - - [27/Dec/2020:15:34:38 +0530] "POST /ProjectTNL/doUpload.action HTTP/1.1" 200 5603
127.0.0.1 - - [27/Dec/2020:15:43:06 +0530] "GET / HTTP/1.1" 404 751
