127.0.0.1 - - [18/Nov/2020:22:09:06 +0530] "GET /ProjectTNL/tiles-config_3_0.dtd HTTP/1.1" 200 10864
0:0:0:0:0:0:0:1 - - [18/Nov/2020:22:09:07 +0530] "GET /ProjectTNL/ HTTP/1.1" 200 1700
0:0:0:0:0:0:0:1 - - [18/Nov/2020:22:09:18 +0530] "POST /ProjectTNL/authlogin.action HTTP/1.1" 200 1896
127.0.0.1 - - [18/Nov/2020:22:09:21 +0530] "GET /ProjectTNL/hibernate-configuration-3.0.dtd HTTP/1.1" 200 2737
127.0.0.1 - - [18/Nov/2020:22:09:24 +0530] "GET /ProjectTNL/hibernate-configuration-3.0.dtd HTTP/1.1" 200 2737
0:0:0:0:0:0:0:1 - - [18/Nov/2020:22:09:25 +0530] "GET /ProjectTNL/dispMemForm.action HTTP/1.1" 200 11414
127.0.0.1 - - [18/Nov/2020:22:09:25 +0530] "GET /ProjectTNL/hibernate-configuration-3.0.dtd HTTP/1.1" 200 2737
127.0.0.1 - - [18/Nov/2020:22:09:26 +0530] "GET /ProjectTNL/hibernate-configuration-3.0.dtd HTTP/1.1" 200 2737
0:0:0:0:0:0:0:1 - - [18/Nov/2020:22:09:27 +0530] "GET /ProjectTNL/dispMemForm.action HTTP/1.1" 200 11414
127.0.0.1 - - [18/Nov/2020:22:10:18 +0530] "GET /ProjectTNL/hibernate-configuration-3.0.dtd HTTP/1.1" 200 2737
127.0.0.1 - - [18/Nov/2020:22:10:19 +0530] "GET /ProjectTNL/hibernate-configuration-3.0.dtd HTTP/1.1" 200 2737
127.0.0.1 - - [18/Nov/2020:22:10:21 +0530] "GET /ProjectTNL/hibernate-configuration-3.0.dtd HTTP/1.1" 200 2737
0:0:0:0:0:0:0:1 - - [18/Nov/2020:22:10:21 +0530] "POST /ProjectTNL/addMemDet.action HTTP/1.1" 200 12805
127.0.0.1 - - [18/Nov/2020:22:10:21 +0530] "GET /ProjectTNL/hibernate-configuration-3.0.dtd HTTP/1.1" 200 2737
127.0.0.1 - - [18/Nov/2020:22:10:22 +0530] "GET /ProjectTNL/hibernate-configuration-3.0.dtd HTTP/1.1" 200 2737
0:0:0:0:0:0:0:1 - - [18/Nov/2020:22:10:23 +0530] "GET /ProjectTNL/addMemDet.action HTTP/1.1" 200 12760
0:0:0:0:0:0:0:1 - - [18/Nov/2020:22:10:29 +0530] "GET /ProjectTNL/homePage HTTP/1.1" 200 1896
127.0.0.1 - - [18/Nov/2020:22:10:31 +0530] "GET /ProjectTNL/hibernate-configuration-3.0.dtd HTTP/1.1" 200 2737
127.0.0.1 - - [18/Nov/2020:22:10:32 +0530] "GET /ProjectTNL/hibernate-configuration-3.0.dtd HTTP/1.1" 200 2737
127.0.0.1 - - [18/Nov/2020:22:10:32 +0530] "GET /ProjectTNL/hibernate-configuration-3.0.dtd HTTP/1.1" 200 2737
0:0:0:0:0:0:0:1 - - [18/Nov/2020:22:10:33 +0530] "GET /ProjectTNL/dispLoanForm.action HTTP/1.1" 200 12813
127.0.0.1 - - [18/Nov/2020:22:10:33 +0530] "GET /ProjectTNL/hibernate-configuration-3.0.dtd HTTP/1.1" 200 2737
127.0.0.1 - - [18/Nov/2020:22:10:34 +0530] "GET /ProjectTNL/hibernate-configuration-3.0.dtd HTTP/1.1" 200 2737
127.0.0.1 - - [18/Nov/2020:22:10:34 +0530] "GET /ProjectTNL/hibernate-configuration-3.0.dtd HTTP/1.1" 200 2737
0:0:0:0:0:0:0:1 - - [18/Nov/2020:22:10:35 +0530] "GET /ProjectTNL/dispLoanForm.action HTTP/1.1" 200 12813
127.0.0.1 - - [18/Nov/2020:22:11:53 +0530] "GET /ProjectTNL/hibernate-configuration-3.0.dtd HTTP/1.1" 200 2737
127.0.0.1 - - [18/Nov/2020:22:11:54 +0530] "GET /ProjectTNL/hibernate-configuration-3.0.dtd HTTP/1.1" 200 2737
127.0.0.1 - - [18/Nov/2020:22:11:55 +0530] "GET /ProjectTNL/hibernate-configuration-3.0.dtd HTTP/1.1" 200 2737
127.0.0.1 - - [18/Nov/2020:22:11:55 +0530] "GET /ProjectTNL/hibernate-configuration-3.0.dtd HTTP/1.1" 200 2737
0:0:0:0:0:0:0:1 - - [18/Nov/2020:22:11:56 +0530] "POST /ProjectTNL/addLoanDet.action HTTP/1.1" 200 14276
127.0.0.1 - - [18/Nov/2020:22:11:56 +0530] "GET /ProjectTNL/hibernate-configuration-3.0.dtd HTTP/1.1" 200 2737
127.0.0.1 - - [18/Nov/2020:22:11:57 +0530] "GET /ProjectTNL/hibernate-configuration-3.0.dtd HTTP/1.1" 200 2737
127.0.0.1 - - [18/Nov/2020:22:11:57 +0530] "GET /ProjectTNL/hibernate-configuration-3.0.dtd HTTP/1.1" 200 2737
0:0:0:0:0:0:0:1 - - [18/Nov/2020:22:11:58 +0530] "GET /ProjectTNL/addLoanDet.action HTTP/1.1" 200 14167
0:0:0:0:0:0:0:1 - - [18/Nov/2020:22:12:03 +0530] "GET /ProjectTNL/homePage HTTP/1.1" 200 1896
0:0:0:0:0:0:0:1 - - [18/Nov/2020:22:12:11 +0530] "GET /ProjectTNL/dispLoanDetIndiv.action HTTP/1.1" 200 12256
127.0.0.1 - - [18/Nov/2020:22:12:18 +0530] "GET /ProjectTNL/hibernate-configuration-3.0.dtd HTTP/1.1" 200 2737
0:0:0:0:0:0:0:1 - - [18/Nov/2020:22:12:19 +0530] "POST /ProjectTNL/dispLoanDetByLoanAccno.action HTTP/1.1" 200 12256
