127.0.0.1 - - [25/Dec/2020:13:55:41 +0530] "GET / HTTP/1.1" 404 751
127.0.0.1 - - [25/Dec/2020:13:55:44 +0530] "GET /ProjectTNL/tiles-config_3_0.dtd HTTP/1.1" 200 10864
0:0:0:0:0:0:0:1 - - [25/Dec/2020:13:55:48 +0530] "GET /ProjectTNL/ HTTP/1.1" 200 1744
0:0:0:0:0:0:0:1 - - [25/Dec/2020:13:55:49 +0530] "GET /ProjectTNL/css/style_login.css HTTP/1.1" 304 -
0:0:0:0:0:0:0:1 - - [25/Dec/2020:13:55:59 +0530] "POST /ProjectTNL/authlogin.action;jsessionid=966EE734E6C3AE32862988AE901ACBD6 HTTP/1.1" 200 1896
0:0:0:0:0:0:0:1 - - [25/Dec/2020:13:55:59 +0530] "GET /ProjectTNL/css/style_welcome.css HTTP/1.1" 304 -
0:0:0:0:0:0:0:1 - - [25/Dec/2020:13:56:04 +0530] "GET /ProjectTNL/dispLoanDetIndiv.action HTTP/1.1" 200 12714
0:0:0:0:0:0:0:1 - - [25/Dec/2020:13:56:04 +0530] "GET /ProjectTNL/css/style_loan.css HTTP/1.1" 304 -
0:0:0:0:0:0:0:1 - - [25/Dec/2020:13:56:04 +0530] "GET /ProjectTNL/js/loan.js HTTP/1.1" 304 -
127.0.0.1 - - [25/Dec/2020:13:56:13 +0530] "GET /ProjectTNL/hibernate-configuration-3.0.dtd HTTP/1.1" 200 2737
0:0:0:0:0:0:0:1 - - [25/Dec/2020:13:56:28 +0530] "POST /ProjectTNL/dispLoanDetByLoanAccno.action HTTP/1.1" 200 23066
0:0:0:0:0:0:0:1 - - [25/Dec/2020:13:56:57 +0530] "GET /ProjectTNL/homePage HTTP/1.1" 200 1896
127.0.0.1 - - [25/Dec/2020:14:01:33 +0530] "GET /ProjectTNL/tiles-config_3_0.dtd HTTP/1.1" 200 10864
127.0.0.1 - - [25/Dec/2020:14:01:33 +0530] "GET /ProjectTNL/tiles-config_3_0.dtd HTTP/1.1" 200 10864
127.0.0.1 - - [25/Dec/2020:14:01:33 +0530] "GET /ProjectTNL/tiles-config_3_0.dtd HTTP/1.1" 200 10864
127.0.0.1 - - [25/Dec/2020:14:01:34 +0530] "GET /ProjectTNL/tiles-config_3_0.dtd HTTP/1.1" 200 10864
127.0.0.1 - - [25/Dec/2020:14:01:34 +0530] "GET /ProjectTNL/tiles-config_3_0.dtd HTTP/1.1" 200 10864
127.0.0.1 - - [25/Dec/2020:14:01:34 +0530] "GET /ProjectTNL/tiles-config_3_0.dtd HTTP/1.1" 200 10864
127.0.0.1 - - [25/Dec/2020:14:03:00 +0530] "GET /ProjectTNL/tiles-config_3_0.dtd HTTP/1.1" 200 10864
127.0.0.1 - - [25/Dec/2020:14:03:00 +0530] "GET /ProjectTNL/tiles-config_3_0.dtd HTTP/1.1" 200 10864
127.0.0.1 - - [25/Dec/2020:14:03:00 +0530] "GET /ProjectTNL/tiles-config_3_0.dtd HTTP/1.1" 200 10864
0:0:0:0:0:0:0:1 - - [25/Dec/2020:14:43:47 +0530] "GET /ProjectTNL/ HTTP/1.1" 200 1700
0:0:0:0:0:0:0:1 - - [25/Dec/2020:14:43:57 +0530] "POST /ProjectTNL/authlogin.action HTTP/1.1" 200 1896
127.0.0.1 - - [25/Dec/2020:14:44:01 +0530] "GET /ProjectTNL/hibernate-configuration-3.0.dtd HTTP/1.1" 200 2737
127.0.0.1 - - [25/Dec/2020:14:44:02 +0530] "GET /ProjectTNL/hibernate-configuration-3.0.dtd HTTP/1.1" 200 2737
127.0.0.1 - - [25/Dec/2020:14:44:04 +0530] "GET /ProjectTNL/hibernate-configuration-3.0.dtd HTTP/1.1" 200 2737
0:0:0:0:0:0:0:1 - - [25/Dec/2020:14:44:06 +0530] "GET /ProjectTNL/dispLoanForm.action HTTP/1.1" 200 14296
127.0.0.1 - - [25/Dec/2020:14:44:06 +0530] "GET /ProjectTNL/hibernate-configuration-3.0.dtd HTTP/1.1" 200 2737
127.0.0.1 - - [25/Dec/2020:14:44:07 +0530] "GET /ProjectTNL/hibernate-configuration-3.0.dtd HTTP/1.1" 200 2737
127.0.0.1 - - [25/Dec/2020:14:44:08 +0530] "GET /ProjectTNL/hibernate-configuration-3.0.dtd HTTP/1.1" 200 2737
0:0:0:0:0:0:0:1 - - [25/Dec/2020:14:44:09 +0530] "GET /ProjectTNL/dispLoanForm.action HTTP/1.1" 200 14296
127.0.0.1 - - [25/Dec/2020:14:47:35 +0530] "GET /ProjectTNL/hibernate-configuration-3.0.dtd HTTP/1.1" 200 2737
127.0.0.1 - - [25/Dec/2020:14:47:36 +0530] "GET /ProjectTNL/hibernate-configuration-3.0.dtd HTTP/1.1" 200 2737
127.0.0.1 - - [25/Dec/2020:14:47:37 +0530] "GET /ProjectTNL/hibernate-configuration-3.0.dtd HTTP/1.1" 200 2737
0:0:0:0:0:0:0:1 - - [25/Dec/2020:14:47:38 +0530] "POST /ProjectTNL/addLoanDet.action HTTP/1.1" 200 14398
127.0.0.1 - - [25/Dec/2020:14:47:38 +0530] "GET /ProjectTNL/hibernate-configuration-3.0.dtd HTTP/1.1" 200 2737
127.0.0.1 - - [25/Dec/2020:14:47:38 +0530] "GET /ProjectTNL/hibernate-configuration-3.0.dtd HTTP/1.1" 200 2737
127.0.0.1 - - [25/Dec/2020:14:47:39 +0530] "GET /ProjectTNL/hibernate-configuration-3.0.dtd HTTP/1.1" 200 2737
0:0:0:0:0:0:0:1 - - [25/Dec/2020:14:47:40 +0530] "GET /ProjectTNL/addLoanDet.action HTTP/1.1" 200 14296
127.0.0.1 - - [25/Dec/2020:16:25:41 +0530] "GET / HTTP/1.1" 404 751
127.0.0.1 - - [25/Dec/2020:16:25:43 +0530] "GET /ProjectTNL/tiles-config_3_0.dtd HTTP/1.1" 200 10864
0:0:0:0:0:0:0:1 - - [25/Dec/2020:16:25:46 +0530] "GET /ProjectTNL/ HTTP/1.1" 200 1744
0:0:0:0:0:0:0:1 - - [25/Dec/2020:16:26:00 +0530] "POST /ProjectTNL/authlogin.action;jsessionid=697A258ED443E56B4E5F64FB760EF876 HTTP/1.1" 200 1896
127.0.0.1 - - [25/Dec/2020:16:26:16 +0530] "GET /ProjectTNL/hibernate-configuration-3.0.dtd HTTP/1.1" 200 2737
127.0.0.1 - - [25/Dec/2020:16:26:21 +0530] "GET /ProjectTNL/hibernate-configuration-3.0.dtd HTTP/1.1" 200 2737
127.0.0.1 - - [25/Dec/2020:16:26:24 +0530] "GET /ProjectTNL/hibernate-configuration-3.0.dtd HTTP/1.1" 200 2737
127.0.0.1 - - [25/Dec/2020:16:26:24 +0530] "GET /ProjectTNL/hibernate-configuration-3.0.dtd HTTP/1.1" 200 2737
127.0.0.1 - - [25/Dec/2020:16:26:26 +0530] "GET /ProjectTNL/hibernate-configuration-3.0.dtd HTTP/1.1" 200 2737
127.0.0.1 - - [25/Dec/2020:16:26:26 +0530] "GET /ProjectTNL/hibernate-configuration-3.0.dtd HTTP/1.1" 200 2737
0:0:0:0:0:0:0:1 - - [25/Dec/2020:16:26:29 +0530] "GET /ProjectTNL/dispLoanForm.action HTTP/1.1" 200 14296
0:0:0:0:0:0:0:1 - - [25/Dec/2020:16:26:29 +0530] "GET /ProjectTNL/dispLoanForm.action HTTP/1.1" 200 6
127.0.0.1 - - [25/Dec/2020:16:26:29 +0530] "GET /ProjectTNL/hibernate-configuration-3.0.dtd HTTP/1.1" 200 2737
127.0.0.1 - - [25/Dec/2020:16:26:31 +0530] "GET /ProjectTNL/hibernate-configuration-3.0.dtd HTTP/1.1" 200 2737
127.0.0.1 - - [25/Dec/2020:16:26:32 +0530] "GET /ProjectTNL/hibernate-configuration-3.0.dtd HTTP/1.1" 200 2737
0:0:0:0:0:0:0:1 - - [25/Dec/2020:16:26:34 +0530] "GET /ProjectTNL/dispLoanForm.action HTTP/1.1" 200 14296
0:0:0:0:0:0:0:1 - - [25/Dec/2020:16:34:39 +0530] "GET /ProjectTNL/homePage HTTP/1.1" 200 1896
127.0.0.1 - - [25/Dec/2020:16:34:41 +0530] "GET /ProjectTNL/hibernate-configuration-3.0.dtd HTTP/1.1" 200 2737
127.0.0.1 - - [25/Dec/2020:16:34:42 +0530] "GET /ProjectTNL/hibernate-configuration-3.0.dtd HTTP/1.1" 200 2737
0:0:0:0:0:0:0:1 - - [25/Dec/2020:16:34:47 +0530] "GET /ProjectTNL/dispMemForm.action HTTP/1.1" 200 12903
0:0:0:0:0:0:0:1 - - [25/Dec/2020:16:34:47 +0530] "GET /ProjectTNL/css/style_mem.css HTTP/1.1" 304 -
0:0:0:0:0:0:0:1 - - [25/Dec/2020:16:34:47 +0530] "GET /ProjectTNL/js/member.js HTTP/1.1" 304 -
127.0.0.1 - - [25/Dec/2020:16:34:47 +0530] "GET /ProjectTNL/hibernate-configuration-3.0.dtd HTTP/1.1" 200 2737
127.0.0.1 - - [25/Dec/2020:16:34:49 +0530] "GET /ProjectTNL/hibernate-configuration-3.0.dtd HTTP/1.1" 200 2737
0:0:0:0:0:0:0:1 - - [25/Dec/2020:16:34:51 +0530] "GET /ProjectTNL/dispMemForm.action HTTP/1.1" 200 12903
127.0.0.1 - - [25/Dec/2020:16:38:08 +0530] "GET /ProjectTNL/hibernate-configuration-3.0.dtd HTTP/1.1" 200 2737
127.0.0.1 - - [25/Dec/2020:16:38:09 +0530] "GET /ProjectTNL/hibernate-configuration-3.0.dtd HTTP/1.1" 200 2737
127.0.0.1 - - [25/Dec/2020:16:38:11 +0530] "GET /ProjectTNL/hibernate-configuration-3.0.dtd HTTP/1.1" 200 2737
0:0:0:0:0:0:0:1 - - [25/Dec/2020:16:38:12 +0530] "POST /ProjectTNL/addMemDet.action HTTP/1.1" 200 14605
127.0.0.1 - - [25/Dec/2020:16:38:12 +0530] "GET /ProjectTNL/hibernate-configuration-3.0.dtd HTTP/1.1" 200 2737
127.0.0.1 - - [25/Dec/2020:16:38:15 +0530] "GET /ProjectTNL/hibernate-configuration-3.0.dtd HTTP/1.1" 200 2737
0:0:0:0:0:0:0:1 - - [25/Dec/2020:16:38:16 +0530] "GET /ProjectTNL/addMemDet.action HTTP/1.1" 200 14408
0:0:0:0:0:0:0:1 - - [25/Dec/2020:16:38:23 +0530] "GET /ProjectTNL/homePage HTTP/1.1" 200 1896
127.0.0.1 - - [25/Dec/2020:16:38:25 +0530] "GET /ProjectTNL/hibernate-configuration-3.0.dtd HTTP/1.1" 200 2737
0:0:0:0:0:0:0:1 - - [25/Dec/2020:16:38:26 +0530] "GET /ProjectTNL/dispMemDetIndiv.action HTTP/1.1" 200 12531
127.0.0.1 - - [25/Dec/2020:16:38:32 +0530] "GET /ProjectTNL/hibernate-configuration-3.0.dtd HTTP/1.1" 200 2737
127.0.0.1 - - [25/Dec/2020:16:38:34 +0530] "GET /ProjectTNL/hibernate-configuration-3.0.dtd HTTP/1.1" 200 2737
0:0:0:0:0:0:0:1 - - [25/Dec/2020:16:38:36 +0530] "POST /ProjectTNL/dispMemberDetByMemNo.action HTTP/1.1" 200 446160
0:0:0:0:0:0:0:1 - - [25/Dec/2020:16:38:48 +0530] "GET /ProjectTNL/homePage HTTP/1.1" 200 1896
127.0.0.1 - - [25/Dec/2020:16:38:56 +0530] "GET /ProjectTNL/hibernate-configuration-3.0.dtd HTTP/1.1" 200 2737
127.0.0.1 - - [25/Dec/2020:16:38:57 +0530] "GET /ProjectTNL/hibernate-configuration-3.0.dtd HTTP/1.1" 200 2737
127.0.0.1 - - [25/Dec/2020:16:38:57 +0530] "GET /ProjectTNL/hibernate-configuration-3.0.dtd HTTP/1.1" 200 2737
0:0:0:0:0:0:0:1 - - [25/Dec/2020:16:38:59 +0530] "GET /ProjectTNL/dispLoanForm.action HTTP/1.1" 200 14296
127.0.0.1 - - [25/Dec/2020:16:38:59 +0530] "GET /ProjectTNL/hibernate-configuration-3.0.dtd HTTP/1.1" 200 2737
127.0.0.1 - - [25/Dec/2020:16:39:01 +0530] "GET /ProjectTNL/hibernate-configuration-3.0.dtd HTTP/1.1" 200 2737
127.0.0.1 - - [25/Dec/2020:16:39:02 +0530] "GET /ProjectTNL/hibernate-configuration-3.0.dtd HTTP/1.1" 200 2737
0:0:0:0:0:0:0:1 - - [25/Dec/2020:16:39:03 +0530] "GET /ProjectTNL/dispLoanForm.action HTTP/1.1" 200 14296
0:0:0:0:0:0:0:1 - - [25/Dec/2020:16:42:53 +0530] "GET /ProjectTNL/homePage HTTP/1.1" 200 1896
127.0.0.1 - - [25/Dec/2020:16:42:56 +0530] "GET /ProjectTNL/hibernate-configuration-3.0.dtd HTTP/1.1" 200 2737
127.0.0.1 - - [25/Dec/2020:16:42:56 +0530] "GET /ProjectTNL/hibernate-configuration-3.0.dtd HTTP/1.1" 200 2737
127.0.0.1 - - [25/Dec/2020:16:42:57 +0530] "GET /ProjectTNL/hibernate-configuration-3.0.dtd HTTP/1.1" 200 2737
0:0:0:0:0:0:0:1 - - [25/Dec/2020:16:42:59 +0530] "GET /ProjectTNL/dispLoanForm.action HTTP/1.1" 200 14386
127.0.0.1 - - [25/Dec/2020:16:42:59 +0530] "GET /ProjectTNL/hibernate-configuration-3.0.dtd HTTP/1.1" 200 2737
127.0.0.1 - - [25/Dec/2020:16:43:01 +0530] "GET /ProjectTNL/hibernate-configuration-3.0.dtd HTTP/1.1" 200 2737
127.0.0.1 - - [25/Dec/2020:16:43:02 +0530] "GET /ProjectTNL/hibernate-configuration-3.0.dtd HTTP/1.1" 200 2737
0:0:0:0:0:0:0:1 - - [25/Dec/2020:16:43:04 +0530] "GET /ProjectTNL/dispLoanForm.action HTTP/1.1" 200 14386
0:0:0:0:0:0:0:1 - - [25/Dec/2020:16:43:21 +0530] "GET /ProjectTNL/homePage HTTP/1.1" 200 1896
127.0.0.1 - - [25/Dec/2020:16:43:22 +0530] "GET /ProjectTNL/hibernate-configuration-3.0.dtd HTTP/1.1" 200 2737
127.0.0.1 - - [25/Dec/2020:16:43:23 +0530] "GET /ProjectTNL/hibernate-configuration-3.0.dtd HTTP/1.1" 200 2737
0:0:0:0:0:0:0:1 - - [25/Dec/2020:16:43:24 +0530] "GET /ProjectTNL/dispMemForm.action HTTP/1.1" 200 14408
127.0.0.1 - - [25/Dec/2020:16:43:24 +0530] "GET /ProjectTNL/hibernate-configuration-3.0.dtd HTTP/1.1" 200 2737
127.0.0.1 - - [25/Dec/2020:16:43:25 +0530] "GET /ProjectTNL/hibernate-configuration-3.0.dtd HTTP/1.1" 200 2737
0:0:0:0:0:0:0:1 - - [25/Dec/2020:16:43:27 +0530] "GET /ProjectTNL/dispMemForm.action HTTP/1.1" 200 14408
0:0:0:0:0:0:0:1 - - [25/Dec/2020:16:43:31 +0530] "GET /ProjectTNL/homePage HTTP/1.1" 200 1896
127.0.0.1 - - [25/Dec/2020:16:43:32 +0530] "GET /ProjectTNL/hibernate-configuration-3.0.dtd HTTP/1.1" 200 2737
127.0.0.1 - - [25/Dec/2020:16:43:33 +0530] "GET /ProjectTNL/hibernate-configuration-3.0.dtd HTTP/1.1" 200 2737
127.0.0.1 - - [25/Dec/2020:16:43:34 +0530] "GET /ProjectTNL/hibernate-configuration-3.0.dtd HTTP/1.1" 200 2737
0:0:0:0:0:0:0:1 - - [25/Dec/2020:16:43:35 +0530] "GET /ProjectTNL/dispLoanForm.action HTTP/1.1" 200 14386
127.0.0.1 - - [25/Dec/2020:16:43:35 +0530] "GET /ProjectTNL/hibernate-configuration-3.0.dtd HTTP/1.1" 200 2737
127.0.0.1 - - [25/Dec/2020:16:43:36 +0530] "GET /ProjectTNL/hibernate-configuration-3.0.dtd HTTP/1.1" 200 2737
127.0.0.1 - - [25/Dec/2020:16:43:38 +0530] "GET /ProjectTNL/hibernate-configuration-3.0.dtd HTTP/1.1" 200 2737
0:0:0:0:0:0:0:1 - - [25/Dec/2020:16:43:39 +0530] "GET /ProjectTNL/dispLoanForm.action HTTP/1.1" 200 14386
127.0.0.1 - - [25/Dec/2020:16:47:30 +0530] "GET /ProjectTNL/hibernate-configuration-3.0.dtd HTTP/1.1" 200 2737
127.0.0.1 - - [25/Dec/2020:16:47:31 +0530] "GET /ProjectTNL/hibernate-configuration-3.0.dtd HTTP/1.1" 200 2737
127.0.0.1 - - [25/Dec/2020:16:47:33 +0530] "GET /ProjectTNL/hibernate-configuration-3.0.dtd HTTP/1.1" 200 2737
0:0:0:0:0:0:0:1 - - [25/Dec/2020:16:47:34 +0530] "POST /ProjectTNL/addLoanDet.action HTTP/1.1" 200 14630
127.0.0.1 - - [25/Dec/2020:16:47:34 +0530] "GET /ProjectTNL/hibernate-configuration-3.0.dtd HTTP/1.1" 200 2737
127.0.0.1 - - [25/Dec/2020:16:47:36 +0530] "GET /ProjectTNL/hibernate-configuration-3.0.dtd HTTP/1.1" 200 2737
127.0.0.1 - - [25/Dec/2020:16:47:37 +0530] "GET /ProjectTNL/hibernate-configuration-3.0.dtd HTTP/1.1" 200 2737
0:0:0:0:0:0:0:1 - - [25/Dec/2020:16:47:39 +0530] "GET /ProjectTNL/addLoanDet.action HTTP/1.1" 200 14386
127.0.0.1 - - [25/Dec/2020:16:53:41 +0530] "GET /ProjectTNL/tiles-config_3_0.dtd HTTP/1.1" 200 10864
127.0.0.1 - - [25/Dec/2020:16:53:41 +0530] "GET /ProjectTNL/tiles-config_3_0.dtd HTTP/1.1" 200 10864
127.0.0.1 - - [25/Dec/2020:16:53:41 +0530] "GET /ProjectTNL/tiles-config_3_0.dtd HTTP/1.1" 200 10864
127.0.0.1 - - [25/Dec/2020:17:14:42 +0530] "GET / HTTP/1.1" 404 751
127.0.0.1 - - [25/Dec/2020:17:14:43 +0530] "GET /ProjectTNL/tiles-config_3_0.dtd HTTP/1.1" 200 10864
0:0:0:0:0:0:0:1 - - [25/Dec/2020:17:14:44 +0530] "GET /ProjectTNL/ HTTP/1.1" 200 1700
0:0:0:0:0:0:0:1 - - [25/Dec/2020:17:14:53 +0530] "POST /ProjectTNL/authlogin.action HTTP/1.1" 200 1896
127.0.0.1 - - [25/Dec/2020:17:14:56 +0530] "GET /ProjectTNL/hibernate-configuration-3.0.dtd HTTP/1.1" 200 2737
127.0.0.1 - - [25/Dec/2020:17:14:57 +0530] "GET /ProjectTNL/hibernate-configuration-3.0.dtd HTTP/1.1" 200 2737
127.0.0.1 - - [25/Dec/2020:17:15:01 +0530] "GET /ProjectTNL/hibernate-configuration-3.0.dtd HTTP/1.1" 200 2737
127.0.0.1 - - [25/Dec/2020:17:15:01 +0530] "GET /ProjectTNL/hibernate-configuration-3.0.dtd HTTP/1.1" 200 2737
127.0.0.1 - - [25/Dec/2020:17:15:02 +0530] "GET /ProjectTNL/hibernate-configuration-3.0.dtd HTTP/1.1" 200 2737
127.0.0.1 - - [25/Dec/2020:17:15:03 +0530] "GET /ProjectTNL/hibernate-configuration-3.0.dtd HTTP/1.1" 200 2737
0:0:0:0:0:0:0:1 - - [25/Dec/2020:17:15:04 +0530] "GET /ProjectTNL/dispLoanForm.action HTTP/1.1" 200 6
0:0:0:0:0:0:0:1 - - [25/Dec/2020:17:15:04 +0530] "GET /ProjectTNL/dispLoanForm.action HTTP/1.1" 200 14386
127.0.0.1 - - [25/Dec/2020:17:15:04 +0530] "GET /ProjectTNL/hibernate-configuration-3.0.dtd HTTP/1.1" 200 2737
127.0.0.1 - - [25/Dec/2020:17:15:05 +0530] "GET /ProjectTNL/hibernate-configuration-3.0.dtd HTTP/1.1" 200 2737
127.0.0.1 - - [25/Dec/2020:17:15:06 +0530] "GET /ProjectTNL/hibernate-configuration-3.0.dtd HTTP/1.1" 200 2737
0:0:0:0:0:0:0:1 - - [25/Dec/2020:17:15:07 +0530] "GET /ProjectTNL/dispLoanForm.action HTTP/1.1" 200 14386
127.0.0.1 - - [25/Dec/2020:17:16:01 +0530] "GET /ProjectTNL/hibernate-configuration-3.0.dtd HTTP/1.1" 200 2737
127.0.0.1 - - [25/Dec/2020:17:16:02 +0530] "GET /ProjectTNL/hibernate-configuration-3.0.dtd HTTP/1.1" 200 2737
127.0.0.1 - - [25/Dec/2020:17:16:02 +0530] "GET /ProjectTNL/hibernate-configuration-3.0.dtd HTTP/1.1" 200 2737
0:0:0:0:0:0:0:1 - - [25/Dec/2020:17:16:03 +0530] "POST /ProjectTNL/addLoanDet.action HTTP/1.1" 200 14521
127.0.0.1 - - [25/Dec/2020:17:16:03 +0530] "GET /ProjectTNL/hibernate-configuration-3.0.dtd HTTP/1.1" 200 2737
127.0.0.1 - - [25/Dec/2020:17:16:04 +0530] "GET /ProjectTNL/hibernate-configuration-3.0.dtd HTTP/1.1" 200 2737
127.0.0.1 - - [25/Dec/2020:17:16:05 +0530] "GET /ProjectTNL/hibernate-configuration-3.0.dtd HTTP/1.1" 200 2737
0:0:0:0:0:0:0:1 - - [25/Dec/2020:17:16:06 +0530] "GET /ProjectTNL/addLoanDet.action HTTP/1.1" 200 14386
127.0.0.1 - - [25/Dec/2020:17:19:51 +0530] "GET / HTTP/1.1" 404 751
127.0.0.1 - - [25/Dec/2020:17:19:52 +0530] "GET /ProjectTNL/tiles-config_3_0.dtd HTTP/1.1" 200 10864
0:0:0:0:0:0:0:1 - - [25/Dec/2020:17:19:53 +0530] "GET /ProjectTNL/ HTTP/1.1" 200 1700
0:0:0:0:0:0:0:1 - - [25/Dec/2020:17:20:00 +0530] "POST /ProjectTNL/authlogin.action HTTP/1.1" 200 1896
127.0.0.1 - - [25/Dec/2020:17:20:05 +0530] "GET /ProjectTNL/hibernate-configuration-3.0.dtd HTTP/1.1" 200 2737
127.0.0.1 - - [25/Dec/2020:17:20:09 +0530] "GET /ProjectTNL/hibernate-configuration-3.0.dtd HTTP/1.1" 200 2737
127.0.0.1 - - [25/Dec/2020:17:20:10 +0530] "GET /ProjectTNL/hibernate-configuration-3.0.dtd HTTP/1.1" 200 2737
0:0:0:0:0:0:0:1 - - [25/Dec/2020:17:20:11 +0530] "GET /ProjectTNL/dispLoanForm.action HTTP/1.1" 200 14386
127.0.0.1 - - [25/Dec/2020:17:20:11 +0530] "GET /ProjectTNL/hibernate-configuration-3.0.dtd HTTP/1.1" 200 2737
127.0.0.1 - - [25/Dec/2020:17:20:12 +0530] "GET /ProjectTNL/hibernate-configuration-3.0.dtd HTTP/1.1" 200 2737
127.0.0.1 - - [25/Dec/2020:17:20:13 +0530] "GET /ProjectTNL/hibernate-configuration-3.0.dtd HTTP/1.1" 200 2737
0:0:0:0:0:0:0:1 - - [25/Dec/2020:17:20:14 +0530] "GET /ProjectTNL/dispLoanForm.action HTTP/1.1" 200 14386
127.0.0.1 - - [25/Dec/2020:17:21:30 +0530] "GET /ProjectTNL/hibernate-configuration-3.0.dtd HTTP/1.1" 200 2737
127.0.0.1 - - [25/Dec/2020:17:21:31 +0530] "GET /ProjectTNL/hibernate-configuration-3.0.dtd HTTP/1.1" 200 2737
127.0.0.1 - - [25/Dec/2020:17:21:32 +0530] "GET /ProjectTNL/hibernate-configuration-3.0.dtd HTTP/1.1" 200 2737
0:0:0:0:0:0:0:1 - - [25/Dec/2020:17:21:33 +0530] "POST /ProjectTNL/addLoanDet.action HTTP/1.1" 200 14521
127.0.0.1 - - [25/Dec/2020:17:21:33 +0530] "GET /ProjectTNL/hibernate-configuration-3.0.dtd HTTP/1.1" 200 2737
127.0.0.1 - - [25/Dec/2020:17:21:34 +0530] "GET /ProjectTNL/hibernate-configuration-3.0.dtd HTTP/1.1" 200 2737
127.0.0.1 - - [25/Dec/2020:17:21:35 +0530] "GET /ProjectTNL/hibernate-configuration-3.0.dtd HTTP/1.1" 200 2737
0:0:0:0:0:0:0:1 - - [25/Dec/2020:17:21:36 +0530] "GET /ProjectTNL/addLoanDet.action HTTP/1.1" 200 14386
127.0.0.1 - - [25/Dec/2020:17:48:07 +0530] "GET / HTTP/1.1" 404 751
127.0.0.1 - - [25/Dec/2020:17:48:07 +0530] "GET /ProjectTNL/tiles-config_3_0.dtd HTTP/1.1" 200 10864
0:0:0:0:0:0:0:1 - - [25/Dec/2020:17:48:08 +0530] "GET /ProjectTNL/ HTTP/1.1" 200 1700
0:0:0:0:0:0:0:1 - - [25/Dec/2020:17:48:22 +0530] "POST /ProjectTNL/authlogin.action HTTP/1.1" 200 1896
127.0.0.1 - - [25/Dec/2020:17:48:26 +0530] "GET /ProjectTNL/hibernate-configuration-3.0.dtd HTTP/1.1" 200 2737
127.0.0.1 - - [25/Dec/2020:17:48:30 +0530] "GET /ProjectTNL/hibernate-configuration-3.0.dtd HTTP/1.1" 200 2737
127.0.0.1 - - [25/Dec/2020:17:48:31 +0530] "GET /ProjectTNL/hibernate-configuration-3.0.dtd HTTP/1.1" 200 2737
0:0:0:0:0:0:0:1 - - [25/Dec/2020:17:48:32 +0530] "GET /ProjectTNL/dispLoanForm.action HTTP/1.1" 200 14386
127.0.0.1 - - [25/Dec/2020:17:48:32 +0530] "GET /ProjectTNL/hibernate-configuration-3.0.dtd HTTP/1.1" 200 2737
127.0.0.1 - - [25/Dec/2020:17:48:33 +0530] "GET /ProjectTNL/hibernate-configuration-3.0.dtd HTTP/1.1" 200 2737
127.0.0.1 - - [25/Dec/2020:17:48:34 +0530] "GET /ProjectTNL/hibernate-configuration-3.0.dtd HTTP/1.1" 200 2737
0:0:0:0:0:0:0:1 - - [25/Dec/2020:17:48:35 +0530] "GET /ProjectTNL/dispLoanForm.action HTTP/1.1" 200 14386
127.0.0.1 - - [25/Dec/2020:17:49:34 +0530] "GET /ProjectTNL/hibernate-configuration-3.0.dtd HTTP/1.1" 200 2737
127.0.0.1 - - [25/Dec/2020:17:49:35 +0530] "GET /ProjectTNL/hibernate-configuration-3.0.dtd HTTP/1.1" 200 2737
127.0.0.1 - - [25/Dec/2020:17:49:35 +0530] "GET /ProjectTNL/hibernate-configuration-3.0.dtd HTTP/1.1" 200 2737
0:0:0:0:0:0:0:1 - - [25/Dec/2020:17:49:36 +0530] "POST /ProjectTNL/addLoanDet.action HTTP/1.1" 200 14522
127.0.0.1 - - [25/Dec/2020:17:49:36 +0530] "GET /ProjectTNL/hibernate-configuration-3.0.dtd HTTP/1.1" 200 2737
127.0.0.1 - - [25/Dec/2020:17:49:37 +0530] "GET /ProjectTNL/hibernate-configuration-3.0.dtd HTTP/1.1" 200 2737
127.0.0.1 - - [25/Dec/2020:17:49:38 +0530] "GET /ProjectTNL/hibernate-configuration-3.0.dtd HTTP/1.1" 200 2737
0:0:0:0:0:0:0:1 - - [25/Dec/2020:17:49:39 +0530] "GET /ProjectTNL/addLoanDet.action HTTP/1.1" 200 14386
127.0.0.1 - - [25/Dec/2020:17:57:14 +0530] "GET / HTTP/1.1" 404 751
127.0.0.1 - - [25/Dec/2020:17:57:14 +0530] "GET /ProjectTNL/tiles-config_3_0.dtd HTTP/1.1" 200 10864
0:0:0:0:0:0:0:1 - - [25/Dec/2020:17:57:16 +0530] "GET /ProjectTNL/ HTTP/1.1" 200 1700
0:0:0:0:0:0:0:1 - - [25/Dec/2020:17:57:25 +0530] "POST /ProjectTNL/authlogin.action HTTP/1.1" 200 1896
127.0.0.1 - - [25/Dec/2020:17:57:29 +0530] "GET /ProjectTNL/hibernate-configuration-3.0.dtd HTTP/1.1" 200 2737
127.0.0.1 - - [25/Dec/2020:17:57:33 +0530] "GET /ProjectTNL/hibernate-configuration-3.0.dtd HTTP/1.1" 200 2737
127.0.0.1 - - [25/Dec/2020:17:57:33 +0530] "GET /ProjectTNL/hibernate-configuration-3.0.dtd HTTP/1.1" 200 2737
0:0:0:0:0:0:0:1 - - [25/Dec/2020:17:57:37 +0530] "GET /ProjectTNL/dispLoanForm.action HTTP/1.1" 200 14386
127.0.0.1 - - [25/Dec/2020:17:57:37 +0530] "GET /ProjectTNL/hibernate-configuration-3.0.dtd HTTP/1.1" 200 2737
127.0.0.1 - - [25/Dec/2020:17:57:39 +0530] "GET /ProjectTNL/hibernate-configuration-3.0.dtd HTTP/1.1" 200 2737
127.0.0.1 - - [25/Dec/2020:17:57:39 +0530] "GET /ProjectTNL/hibernate-configuration-3.0.dtd HTTP/1.1" 200 2737
0:0:0:0:0:0:0:1 - - [25/Dec/2020:17:57:40 +0530] "GET /ProjectTNL/dispLoanForm.action HTTP/1.1" 200 14386
127.0.0.1 - - [25/Dec/2020:17:58:16 +0530] "GET /ProjectTNL/hibernate-configuration-3.0.dtd HTTP/1.1" 200 2737
127.0.0.1 - - [25/Dec/2020:17:58:17 +0530] "GET /ProjectTNL/hibernate-configuration-3.0.dtd HTTP/1.1" 200 2737
127.0.0.1 - - [25/Dec/2020:17:58:17 +0530] "GET /ProjectTNL/hibernate-configuration-3.0.dtd HTTP/1.1" 200 2737
0:0:0:0:0:0:0:1 - - [25/Dec/2020:17:58:18 +0530] "POST /ProjectTNL/addLoanDet.action HTTP/1.1" 200 14488
127.0.0.1 - - [25/Dec/2020:17:58:18 +0530] "GET /ProjectTNL/hibernate-configuration-3.0.dtd HTTP/1.1" 200 2737
127.0.0.1 - - [25/Dec/2020:17:58:19 +0530] "GET /ProjectTNL/hibernate-configuration-3.0.dtd HTTP/1.1" 200 2737
127.0.0.1 - - [25/Dec/2020:17:58:20 +0530] "GET /ProjectTNL/hibernate-configuration-3.0.dtd HTTP/1.1" 200 2737
0:0:0:0:0:0:0:1 - - [25/Dec/2020:17:58:21 +0530] "GET /ProjectTNL/addLoanDet.action HTTP/1.1" 200 14386
127.0.0.1 - - [25/Dec/2020:18:00:20 +0530] "GET / HTTP/1.1" 404 751
127.0.0.1 - - [25/Dec/2020:18:00:21 +0530] "GET /ProjectTNL/tiles-config_3_0.dtd HTTP/1.1" 200 10864
0:0:0:0:0:0:0:1 - - [25/Dec/2020:18:00:22 +0530] "GET /ProjectTNL/ HTTP/1.1" 200 1700
0:0:0:0:0:0:0:1 - - [25/Dec/2020:18:00:31 +0530] "POST /ProjectTNL/authlogin.action HTTP/1.1" 200 1896
127.0.0.1 - - [25/Dec/2020:18:00:34 +0530] "GET /ProjectTNL/hibernate-configuration-3.0.dtd HTTP/1.1" 200 2737
127.0.0.1 - - [25/Dec/2020:18:00:37 +0530] "GET /ProjectTNL/hibernate-configuration-3.0.dtd HTTP/1.1" 200 2737
127.0.0.1 - - [25/Dec/2020:18:00:38 +0530] "GET /ProjectTNL/hibernate-configuration-3.0.dtd HTTP/1.1" 200 2737
0:0:0:0:0:0:0:1 - - [25/Dec/2020:18:00:39 +0530] "GET /ProjectTNL/dispLoanForm.action HTTP/1.1" 200 14386
127.0.0.1 - - [25/Dec/2020:18:00:40 +0530] "GET /ProjectTNL/hibernate-configuration-3.0.dtd HTTP/1.1" 200 2737
127.0.0.1 - - [25/Dec/2020:18:00:40 +0530] "GET /ProjectTNL/hibernate-configuration-3.0.dtd HTTP/1.1" 200 2737
127.0.0.1 - - [25/Dec/2020:18:00:41 +0530] "GET /ProjectTNL/hibernate-configuration-3.0.dtd HTTP/1.1" 200 2737
0:0:0:0:0:0:0:1 - - [25/Dec/2020:18:00:42 +0530] "GET /ProjectTNL/dispLoanForm.action HTTP/1.1" 200 14386
127.0.0.1 - - [25/Dec/2020:18:01:51 +0530] "GET /ProjectTNL/hibernate-configuration-3.0.dtd HTTP/1.1" 200 2737
127.0.0.1 - - [25/Dec/2020:18:01:52 +0530] "GET /ProjectTNL/hibernate-configuration-3.0.dtd HTTP/1.1" 200 2737
127.0.0.1 - - [25/Dec/2020:18:01:53 +0530] "GET /ProjectTNL/hibernate-configuration-3.0.dtd HTTP/1.1" 200 2737
127.0.0.1 - - [25/Dec/2020:18:01:53 +0530] "GET /ProjectTNL/hibernate-configuration-3.0.dtd HTTP/1.1" 200 2737
0:0:0:0:0:0:0:1 - - [25/Dec/2020:18:01:54 +0530] "POST /ProjectTNL/addLoanDet.action HTTP/1.1" 200 15837
127.0.0.1 - - [25/Dec/2020:18:01:54 +0530] "GET /ProjectTNL/hibernate-configuration-3.0.dtd HTTP/1.1" 200 2737
127.0.0.1 - - [25/Dec/2020:18:01:55 +0530] "GET /ProjectTNL/hibernate-configuration-3.0.dtd HTTP/1.1" 200 2737
127.0.0.1 - - [25/Dec/2020:18:01:56 +0530] "GET /ProjectTNL/hibernate-configuration-3.0.dtd HTTP/1.1" 200 2737
0:0:0:0:0:0:0:1 - - [25/Dec/2020:18:01:57 +0530] "GET /ProjectTNL/addLoanDet.action HTTP/1.1" 200 15735
0:0:0:0:0:0:0:1 - - [25/Dec/2020:18:02:15 +0530] "GET /ProjectTNL/homePage HTTP/1.1" 200 1896
0:0:0:0:0:0:0:1 - - [25/Dec/2020:18:02:20 +0530] "GET /ProjectTNL/dispLoanDetIndiv.action HTTP/1.1" 200 12714
127.0.0.1 - - [25/Dec/2020:18:02:28 +0530] "GET /ProjectTNL/hibernate-configuration-3.0.dtd HTTP/1.1" 200 2737
0:0:0:0:0:0:0:1 - - [25/Dec/2020:18:02:29 +0530] "POST /ProjectTNL/dispLoanDetByLoanAccno.action HTTP/1.1" 200 12773
127.0.0.1 - - [25/Dec/2020:18:30:58 +0530] "GET / HTTP/1.1" 404 751
127.0.0.1 - - [25/Dec/2020:18:30:59 +0530] "GET /ProjectTNL/tiles-config_3_0.dtd HTTP/1.1" 200 10864
0:0:0:0:0:0:0:1 - - [25/Dec/2020:18:31:00 +0530] "GET /ProjectTNL/ HTTP/1.1" 200 1700
0:0:0:0:0:0:0:1 - - [25/Dec/2020:18:31:07 +0530] "POST /ProjectTNL/authlogin.action HTTP/1.1" 200 1896
127.0.0.1 - - [25/Dec/2020:18:31:11 +0530] "GET /ProjectTNL/hibernate-configuration-3.0.dtd HTTP/1.1" 200 2737
127.0.0.1 - - [25/Dec/2020:18:31:15 +0530] "GET /ProjectTNL/hibernate-configuration-3.0.dtd HTTP/1.1" 200 2737
127.0.0.1 - - [25/Dec/2020:18:31:16 +0530] "GET /ProjectTNL/hibernate-configuration-3.0.dtd HTTP/1.1" 200 2737
0:0:0:0:0:0:0:1 - - [25/Dec/2020:18:31:17 +0530] "GET /ProjectTNL/dispLoanForm.action HTTP/1.1" 200 15735
127.0.0.1 - - [25/Dec/2020:18:31:17 +0530] "GET /ProjectTNL/hibernate-configuration-3.0.dtd HTTP/1.1" 200 2737
127.0.0.1 - - [25/Dec/2020:18:31:18 +0530] "GET /ProjectTNL/hibernate-configuration-3.0.dtd HTTP/1.1" 200 2737
127.0.0.1 - - [25/Dec/2020:18:31:19 +0530] "GET /ProjectTNL/hibernate-configuration-3.0.dtd HTTP/1.1" 200 2737
0:0:0:0:0:0:0:1 - - [25/Dec/2020:18:31:20 +0530] "GET /ProjectTNL/dispLoanForm.action HTTP/1.1" 200 15735
0:0:0:0:0:0:0:1 - - [25/Dec/2020:18:31:34 +0530] "GET /ProjectTNL/homePage HTTP/1.1" 200 1896
0:0:0:0:0:0:0:1 - - [25/Dec/2020:18:31:37 +0530] "GET /ProjectTNL/dispLoanDetIndiv.action HTTP/1.1" 200 12714
127.0.0.1 - - [25/Dec/2020:18:31:48 +0530] "GET /ProjectTNL/hibernate-configuration-3.0.dtd HTTP/1.1" 200 2737
0:0:0:0:0:0:0:1 - - [25/Dec/2020:18:31:49 +0530] "POST /ProjectTNL/dispLoanDetByLoanAccno.action HTTP/1.1" 200 12773
127.0.0.1 - - [25/Dec/2020:18:34:34 +0530] "GET / HTTP/1.1" 404 751
127.0.0.1 - - [25/Dec/2020:18:34:35 +0530] "GET /ProjectTNL/tiles-config_3_0.dtd HTTP/1.1" 200 10864
0:0:0:0:0:0:0:1 - - [25/Dec/2020:18:34:36 +0530] "GET /ProjectTNL/ HTTP/1.1" 200 1700
0:0:0:0:0:0:0:1 - - [25/Dec/2020:18:34:47 +0530] "POST /ProjectTNL/authlogin.action HTTP/1.1" 200 1896
0:0:0:0:0:0:0:1 - - [25/Dec/2020:18:34:52 +0530] "GET /ProjectTNL/dispLoanDetIndiv.action HTTP/1.1" 200 12714
0:0:0:0:0:0:0:1 - - [25/Dec/2020:18:35:01 +0530] "GET /ProjectTNL/homePage HTTP/1.1" 200 1896
127.0.0.1 - - [25/Dec/2020:18:35:03 +0530] "GET /ProjectTNL/hibernate-configuration-3.0.dtd HTTP/1.1" 200 2737
127.0.0.1 - - [25/Dec/2020:18:35:07 +0530] "GET /ProjectTNL/hibernate-configuration-3.0.dtd HTTP/1.1" 200 2737
127.0.0.1 - - [25/Dec/2020:18:35:09 +0530] "GET /ProjectTNL/hibernate-configuration-3.0.dtd HTTP/1.1" 200 2737
0:0:0:0:0:0:0:1 - - [25/Dec/2020:18:35:10 +0530] "GET /ProjectTNL/dispLoanForm.action HTTP/1.1" 200 15735
127.0.0.1 - - [25/Dec/2020:18:35:10 +0530] "GET /ProjectTNL/hibernate-configuration-3.0.dtd HTTP/1.1" 200 2737
127.0.0.1 - - [25/Dec/2020:18:35:11 +0530] "GET /ProjectTNL/hibernate-configuration-3.0.dtd HTTP/1.1" 200 2737
127.0.0.1 - - [25/Dec/2020:18:35:12 +0530] "GET /ProjectTNL/hibernate-configuration-3.0.dtd HTTP/1.1" 200 2737
0:0:0:0:0:0:0:1 - - [25/Dec/2020:18:35:13 +0530] "GET /ProjectTNL/dispLoanForm.action HTTP/1.1" 200 15735
0:0:0:0:0:0:0:1 - - [25/Dec/2020:18:35:25 +0530] "GET /ProjectTNL/homePage HTTP/1.1" 200 1896
0:0:0:0:0:0:0:1 - - [25/Dec/2020:18:35:27 +0530] "GET /ProjectTNL/dispLoanDetIndiv.action HTTP/1.1" 200 12714
127.0.0.1 - - [25/Dec/2020:18:35:35 +0530] "GET /ProjectTNL/hibernate-configuration-3.0.dtd HTTP/1.1" 200 2737
0:0:0:0:0:0:0:1 - - [25/Dec/2020:18:35:36 +0530] "POST /ProjectTNL/dispLoanDetByLoanAccno.action HTTP/1.1" 200 12785
127.0.0.1 - - [25/Dec/2020:18:39:55 +0530] "GET / HTTP/1.1" 404 751
127.0.0.1 - - [25/Dec/2020:18:39:56 +0530] "GET /ProjectTNL/tiles-config_3_0.dtd HTTP/1.1" 200 10864
0:0:0:0:0:0:0:1 - - [25/Dec/2020:18:39:57 +0530] "GET /ProjectTNL/ HTTP/1.1" 200 1700
0:0:0:0:0:0:0:1 - - [25/Dec/2020:18:40:05 +0530] "POST /ProjectTNL/authlogin.action HTTP/1.1" 200 1896
0:0:0:0:0:0:0:1 - - [25/Dec/2020:18:40:12 +0530] "GET /ProjectTNL/dispLoanDetIndiv.action HTTP/1.1" 200 12714
127.0.0.1 - - [25/Dec/2020:18:40:20 +0530] "GET /ProjectTNL/hibernate-configuration-3.0.dtd HTTP/1.1" 200 2737
0:0:0:0:0:0:0:1 - - [25/Dec/2020:18:40:25 +0530] "POST /ProjectTNL/dispLoanDetByLoanAccno.action HTTP/1.1" 200 1483701
